Archive member included to satisfy reference by file (symbol)

e:/gnu_tools/gnu arm embedded toolchain/10 2021.10/bin/../lib/gcc/arm-none-eabi/10.3.1/../../../../arm-none-eabi/lib/thumb/v7e-m+fp/hard\libc_nano.a(lib_a-exit.o)
                              e:/gnu_tools/gnu arm embedded toolchain/10 2021.10/bin/../lib/gcc/arm-none-eabi/10.3.1/../../../../arm-none-eabi/lib/thumb/v7e-m+fp/hard/crt0.o (exit)
e:/gnu_tools/gnu arm embedded toolchain/10 2021.10/bin/../lib/gcc/arm-none-eabi/10.3.1/../../../../arm-none-eabi/lib/thumb/v7e-m+fp/hard\libc_nano.a(lib_a-impure.o)
                              e:/gnu_tools/gnu arm embedded toolchain/10 2021.10/bin/../lib/gcc/arm-none-eabi/10.3.1/../../../../arm-none-eabi/lib/thumb/v7e-m+fp/hard\libc_nano.a(lib_a-exit.o) (_global_impure_ptr)
e:/gnu_tools/gnu arm embedded toolchain/10 2021.10/bin/../lib/gcc/arm-none-eabi/10.3.1/../../../../arm-none-eabi/lib/thumb/v7e-m+fp/hard\libc_nano.a(lib_a-init.o)
                              e:/gnu_tools/gnu arm embedded toolchain/10 2021.10/bin/../lib/gcc/arm-none-eabi/10.3.1/../../../../arm-none-eabi/lib/thumb/v7e-m+fp/hard/crt0.o (__libc_init_array)
e:/gnu_tools/gnu arm embedded toolchain/10 2021.10/bin/../lib/gcc/arm-none-eabi/10.3.1/../../../../arm-none-eabi/lib/thumb/v7e-m+fp/hard\libc_nano.a(lib_a-memcpy-stub.o)
                              .build/BluetoothClassicComm.o (memcpy)
e:/gnu_tools/gnu arm embedded toolchain/10 2021.10/bin/../lib/gcc/arm-none-eabi/10.3.1/../../../../arm-none-eabi/lib/thumb/v7e-m+fp/hard\libc_nano.a(lib_a-memset.o)
                              e:/gnu_tools/gnu arm embedded toolchain/10 2021.10/bin/../lib/gcc/arm-none-eabi/10.3.1/../../../../arm-none-eabi/lib/thumb/v7e-m+fp/hard/crt0.o (memset)
e:/gnu_tools/gnu arm embedded toolchain/10 2021.10/bin/../lib/gcc/arm-none-eabi/10.3.1/../../../../arm-none-eabi/lib/thumb/v7e-m+fp/hard\libc_nano.a(lib_a-nano-vfprintf_float.o)
                              (_printf_float)
e:/gnu_tools/gnu arm embedded toolchain/10 2021.10/bin/../lib/gcc/arm-none-eabi/10.3.1/../../../../arm-none-eabi/lib/thumb/v7e-m+fp/hard\libc_nano.a(lib_a-nano-vfprintf_i.o)
                              e:/gnu_tools/gnu arm embedded toolchain/10 2021.10/bin/../lib/gcc/arm-none-eabi/10.3.1/../../../../arm-none-eabi/lib/thumb/v7e-m+fp/hard\libc_nano.a(lib_a-nano-vfprintf_float.o) (_printf_common)
e:/gnu_tools/gnu arm embedded toolchain/10 2021.10/bin/../lib/gcc/arm-none-eabi/10.3.1/../../../../arm-none-eabi/lib/thumb/v7e-m+fp/hard\libc_nano.a(lib_a-strlen.o)
                              e:/gnu_tools/gnu arm embedded toolchain/10 2021.10/bin/../lib/gcc/arm-none-eabi/10.3.1/../../../../arm-none-eabi/lib/thumb/v7e-m+fp/hard\libc_nano.a(lib_a-nano-vfprintf_float.o) (strlen)
e:/gnu_tools/gnu arm embedded toolchain/10 2021.10/bin/../lib/gcc/arm-none-eabi/10.3.1/../../../../arm-none-eabi/lib/thumb/v7e-m+fp/hard\libc_nano.a(lib_a-vsprintf.o)
                              .build/BluetoothClassicComm.o (vsprintf)
e:/gnu_tools/gnu arm embedded toolchain/10 2021.10/bin/../lib/gcc/arm-none-eabi/10.3.1/../../../../arm-none-eabi/lib/thumb/v7e-m+fp/hard\libc_nano.a(lib_a-dtoa.o)
                              e:/gnu_tools/gnu arm embedded toolchain/10 2021.10/bin/../lib/gcc/arm-none-eabi/10.3.1/../../../../arm-none-eabi/lib/thumb/v7e-m+fp/hard\libc_nano.a(lib_a-nano-vfprintf_float.o) (_dtoa_r)
e:/gnu_tools/gnu arm embedded toolchain/10 2021.10/bin/../lib/gcc/arm-none-eabi/10.3.1/../../../../arm-none-eabi/lib/thumb/v7e-m+fp/hard\libc_nano.a(lib_a-localeconv.o)
                              e:/gnu_tools/gnu arm embedded toolchain/10 2021.10/bin/../lib/gcc/arm-none-eabi/10.3.1/../../../../arm-none-eabi/lib/thumb/v7e-m+fp/hard\libc_nano.a(lib_a-nano-vfprintf_float.o) (_localeconv_r)
e:/gnu_tools/gnu arm embedded toolchain/10 2021.10/bin/../lib/gcc/arm-none-eabi/10.3.1/../../../../arm-none-eabi/lib/thumb/v7e-m+fp/hard\libc_nano.a(lib_a-malloc.o)
                              e:/gnu_tools/gnu arm embedded toolchain/10 2021.10/bin/../lib/gcc/arm-none-eabi/10.3.1/../../../../arm-none-eabi/lib/thumb/v7e-m+fp/hard\libc_nano.a(lib_a-dtoa.o) (malloc)
e:/gnu_tools/gnu arm embedded toolchain/10 2021.10/bin/../lib/gcc/arm-none-eabi/10.3.1/../../../../arm-none-eabi/lib/thumb/v7e-m+fp/hard\libc_nano.a(lib_a-memchr.o)
                              e:/gnu_tools/gnu arm embedded toolchain/10 2021.10/bin/../lib/gcc/arm-none-eabi/10.3.1/../../../../arm-none-eabi/lib/thumb/v7e-m+fp/hard\libc_nano.a(lib_a-nano-vfprintf_i.o) (memchr)
e:/gnu_tools/gnu arm embedded toolchain/10 2021.10/bin/../lib/gcc/arm-none-eabi/10.3.1/../../../../arm-none-eabi/lib/thumb/v7e-m+fp/hard\libc_nano.a(lib_a-mprec.o)
                              e:/gnu_tools/gnu arm embedded toolchain/10 2021.10/bin/../lib/gcc/arm-none-eabi/10.3.1/../../../../arm-none-eabi/lib/thumb/v7e-m+fp/hard\libc_nano.a(lib_a-dtoa.o) (_Balloc)
[...]
Memory Configuration

Name             Origin             Length             Attributes
RAM              0x20000000         0x00010000         xrw
FLASH            0x08000000         0x00040000         xr
*default*        0x00000000         0xffffffff

Linker script and memory map

LOAD e:/gnu_tools/gnu arm embedded toolchain/10 2021.10/bin/../lib/gcc/arm-none-eabi/10.3.1/thumb/v7e-m+fp/hard/crti.o
LOAD e:/gnu_tools/gnu arm embedded toolchain/10 2021.10/bin/../lib/gcc/arm-none-eabi/10.3.1/thumb/v7e-m+fp/hard/crtbegin.o
LOAD e:/gnu_tools/gnu arm embedded toolchain/10 2021.10/bin/../lib/gcc/arm-none-eabi/10.3.1/../../../../arm-none-eabi/lib/thumb/v7e-m+fp/hard/crt0.o
LOAD .build/main.o
LOAD .build/gpio.o
LOAD .build/usart.o
LOAD .build/dma.o
LOAD .build/i2c.o
LOAD .build/stm32f4xx_it.o
LOAD .build/stm32f4xx_hal_msp.o
LOAD .build/stm32f4xx_hal_i2c.o
LOAD .build/stm32f4xx_hal_i2c_ex.o
LOAD .build/stm32f4xx_hal_rcc.o
LOAD .build/stm32f4xx_hal_rcc_ex.o
LOAD .build/stm32f4xx_hal_flash.o
LOAD .build/stm32f4xx_hal_flash_ex.o
LOAD .build/stm32f4xx_hal_flash_ramfunc.o
LOAD .build/stm32f4xx_hal_gpio.o
LOAD .build/stm32f4xx_hal_dma_ex.o
LOAD .build/stm32f4xx_hal_dma.o
LOAD .build/stm32f4xx_hal_pwr.o
LOAD .build/stm32f4xx_hal_pwr_ex.o
LOAD .build/stm32f4xx_hal_cortex.o
LOAD .build/stm32f4xx_hal.o
LOAD .build/stm32f4xx_hal_exti.o
LOAD .build/stm32f4xx_hal_uart.o
LOAD .build/system_stm32f4xx.o
LOAD .build/mpu6050.o
LOAD .build/BluetoothClassicComm.o
LOAD .build/startup_stm32f401xc.o
LOAD e:/gnu_tools/gnu arm embedded toolchain/10 2021.10/bin/../lib/gcc/arm-none-eabi/10.3.1/../../../../arm-none-eabi/lib/thumb/v7e-m+fp/hard\libc_nano.a
LOAD e:/gnu_tools/gnu arm embedded toolchain/10 2021.10/bin/../lib/gcc/arm-none-eabi/10.3.1/../../../../arm-none-eabi/lib/thumb/v7e-m+fp/hard\libm.a
LOAD e:/gnu_tools/gnu arm embedded toolchain/10 2021.10/bin/../lib/gcc/arm-none-eabi/10.3.1/../../../../arm-none-eabi/lib/thumb/v7e-m+fp/hard\libnosys.a
LOAD e:/gnu_tools/gnu arm embedded toolchain/10 2021.10/bin/../lib/gcc/arm-none-eabi/10.3.1/../../../../arm-none-eabi/lib/thumb/v7e-m+fp/hard\libc_nano.a
LOAD e:/gnu_tools/gnu arm embedded toolchain/10 2021.10/bin/../lib/gcc/arm-none-eabi/10.3.1/../../../../arm-none-eabi/lib/thumb/v7e-m+fp/hard\librdimon_nano.a
START GROUP
LOAD e:/gnu_tools/gnu arm embedded toolchain/10 2021.10/bin/../lib/gcc/arm-none-eabi/10.3.1/thumb/v7e-m+fp/hard\libgcc.a
LOAD e:/gnu_tools/gnu arm embedded toolchain/10 2021.10/bin/../lib/gcc/arm-none-eabi/10.3.1/../../../../arm-none-eabi/lib/thumb/v7e-m+fp/hard\libc_nano.a
END GROUP
START GROUP
LOAD e:/gnu_tools/gnu arm embedded toolchain/10 2021.10/bin/../lib/gcc/arm-none-eabi/10.3.1/thumb/v7e-m+fp/hard\libgcc.a
LOAD e:/gnu_tools/gnu arm embedded toolchain/10 2021.10/bin/../lib/gcc/arm-none-eabi/10.3.1/../../../../arm-none-eabi/lib/thumb/v7e-m+fp/hard\libc_nano.a
END GROUP
LOAD e:/gnu_tools/gnu arm embedded toolchain/10 2021.10/bin/../lib/gcc/arm-none-eabi/10.3.1/thumb/v7e-m+fp/hard/crtend.o
LOAD e:/gnu_tools/gnu arm embedded toolchain/10 2021.10/bin/../lib/gcc/arm-none-eabi/10.3.1/thumb/v7e-m+fp/hard/crtn.o
                0x20010000                _estack = (ORIGIN (RAM) + LENGTH (RAM))
                0x00000200                _Min_Heap_Size = 0x200
                0x00000400                _Min_Stack_Size = 0x400

.isr_vector     0x08000000      0x194
                0x08000000                . = ALIGN (0x4)
 *(.isr_vector)
 .isr_vector    0x08000000      0x194 .build/startup_stm32f401xc.o
                0x08000000                g_pfnVectors
                0x08000194                . = ALIGN (0x4)

.text           0x080001a0     0xaa18
                0x080001a0                . = ALIGN (0x4)
 *(.text)
 .text          0x080001a0       0x40 e:/gnu_tools/gnu arm embedded toolchain/10 2021.10/bin/../lib/gcc/arm-none-eabi/10.3.1/thumb/v7e-m+fp/hard/crtbegin.o
 .text          0x080001e0       0x10 e:/gnu_tools/gnu arm embedded toolchain/10 2021.10/bin/../lib/gcc/arm-none-eabi/10.3.1/../../../../arm-none-eabi/lib/thumb/v7e-m+fp/hard\libc_nano.a(lib_a-strlen.o)
                0x080001e0                strlen
 .text          0x080001f0       0xa0 e:/gnu_tools/gnu arm embedded toolchain/10 2021.10/bin/../lib/gcc/arm-none-eabi/10.3.1/../../../../arm-none-eabi/lib/thumb/v7e-m+fp/hard\libc_nano.a(lib_a-memchr.o)
                0x080001f0                memchr
 .text          0x08000290      0x378 e:/gnu_tools/gnu arm embedded toolchain/10 2021.10/bin/../lib/gcc/arm-none-eabi/10.3.1/thumb/v7e-m+fp/hard\libgcc.a(_arm_addsubdf3.o)
                0x08000290                __aeabi_drsub
                0x08000298                __aeabi_dsub
                0x08000298                __subdf3
                0x0800029c                __aeabi_dadd
                0x0800029c                __adddf3
                0x08000514                __floatunsidf
                0x08000514                __aeabi_ui2d
                0x08000534                __floatsidf
                0x08000534                __aeabi_i2d
                0x08000558                __aeabi_f2d
                0x08000558                __extendsfdf2
                0x0800059c                __floatundidf
                0x0800059c                __aeabi_ul2d
                0x080005ac                __floatdidf
                0x080005ac                __aeabi_l2d
 .text          0x08000608      0x424 e:/gnu_tools/gnu arm embedded toolchain/10 2021.10/bin/../lib/gcc/arm-none-eabi/10.3.1/thumb/v7e-m+fp/hard\libgcc.a(_arm_muldivdf3.o)
                0x08000608                __aeabi_dmul
                0x08000608                __muldf3
                0x0800085c                __divdf3
                0x0800085c                __aeabi_ddiv
 .text          0x08000a2c      0x110 e:/gnu_tools/gnu arm embedded toolchain/10 2021.10/bin/../lib/gcc/arm-none-eabi/10.3.1/thumb/v7e-m+fp/hard\libgcc.a(_arm_cmpdf2.o)
                0x08000a2c                __gtdf2
                0x08000a2c                __gedf2
                0x08000a34                __ltdf2
                0x08000a34                __ledf2
                0x08000a3c                __nedf2
                0x08000a3c                __eqdf2
                0x08000a3c                __cmpdf2
                0x08000ab8                __aeabi_cdrcmple
                0x08000ac8                __aeabi_cdcmpeq
                0x08000ac8                __aeabi_cdcmple
                0x08000ad8                __aeabi_dcmpeq
                0x08000aec                __aeabi_dcmplt
                0x08000b00                __aeabi_dcmple
                0x08000b14                __aeabi_dcmpge
                0x08000b28                __aeabi_dcmpgt
 .text          0x08000b3c       0x2c e:/gnu_tools/gnu arm embedded toolchain/10 2021.10/bin/../lib/gcc/arm-none-eabi/10.3.1/thumb/v7e-m+fp/hard\libgcc.a(_arm_unorddf2.o)
                0x08000b3c                __unorddf2
                0x08000b3c                __aeabi_dcmpun
 .text          0x08000b68       0x50 e:/gnu_tools/gnu arm embedded toolchain/10 2021.10/bin/../lib/gcc/arm-none-eabi/10.3.1/thumb/v7e-m+fp/hard\libgcc.a(_arm_fixdfsi.o)
                0x08000b68                __aeabi_d2iz
                0x08000b68                __fixdfsi
 .text          0x08000bb8       0xa0 e:/gnu_tools/gnu arm embedded toolchain/10 2021.10/bin/../lib/gcc/arm-none-eabi/10.3.1/thumb/v7e-m+fp/hard\libgcc.a(_arm_truncdfsf2.o)
                0x08000bb8                __truncdfsf2
                0x08000bb8                __aeabi_d2f
 .text          0x08000c58       0x30 e:/gnu_tools/gnu arm embedded toolchain/10 2021.10/bin/../lib/gcc/arm-none-eabi/10.3.1/thumb/v7e-m+fp/hard\libgcc.a(_aeabi_uldivmod.o)
                0x08000c58                __aeabi_uldivmod
 .text          0x08000c88      0x2d0 e:/gnu_tools/gnu arm embedded toolchain/10 2021.10/bin/../lib/gcc/arm-none-eabi/10.3.1/thumb/v7e-m+fp/hard\libgcc.a(_udivmoddi4.o)
                0x08000c88                __udivmoddi4
 .text          0x08000f58        0x4 e:/gnu_tools/gnu arm embedded toolchain/10 2021.10/bin/../lib/gcc/arm-none-eabi/10.3.1/thumb/v7e-m+fp/hard\libgcc.a(_dvmd_tls.o)
                0x08000f58                __aeabi_idiv0
                0x08000f58                __aeabi_ldiv0
 *(.text*)
 .text.HAL_I2C_MemRxCpltCallback
                0x08000f5c       0x1c .build/main.o
                0x08000f5c                HAL_I2C_MemRxCpltCallback
 .text.HAL_GPIO_EXTI_Callback
                0x08000f78        0x8 .build/main.o
                0x08000f78                HAL_GPIO_EXTI_Callback
 .text.ReportBaseImuData
                0x08000f80       0xa4 .build/main.o
                0x08000f80                ReportBaseImuData
 .text.Error_Handler
                0x08001024        0x4 .build/main.o
                0x08001024                Error_Handler
 .text.SystemClock_Config
                0x08001028       0xa8 .build/main.o
                0x08001028                SystemClock_Config
 .text.main     0x080010d0       0x64 .build/main.o
                0x080010d0                main
 .text.MX_GPIO_Init
                0x08001134       0xac .build/gpio.o
                0x08001134                MX_GPIO_Init
 .text.MX_USART1_UART_Init
                0x080011e0       0x34 .build/usart.o
                0x080011e0                MX_USART1_UART_Init
 .text.HAL_UART_MspInit
                0x08001214       0xfc .build/usart.o
                0x08001214                HAL_UART_MspInit
 .text.MX_DMA_Init
                0x08001310       0x78 .build/dma.o
                0x08001310                MX_DMA_Init
 .text.MX_I2C1_Init
                0x08001388       0x3c .build/i2c.o
                0x08001388                MX_I2C1_Init
 .text.HAL_I2C_MspInit
                0x080013c4      0x108 .build/i2c.o
                0x080013c4                HAL_I2C_MspInit
 .text.NMI_Handler
                0x080014cc        0x2 .build/stm32f4xx_it.o
                0x080014cc                NMI_Handler
 .text.HardFault_Handler
                0x080014ce        0x2 .build/stm32f4xx_it.o
                0x080014ce                HardFault_Handler
 .text.MemManage_Handler
                0x080014d0        0x2 .build/stm32f4xx_it.o
                0x080014d0                MemManage_Handler
 .text.BusFault_Handler
                0x080014d2        0x2 .build/stm32f4xx_it.o
                0x080014d2                BusFault_Handler
 .text.UsageFault_Handler
                0x080014d4        0x2 .build/stm32f4xx_it.o
                0x080014d4                UsageFault_Handler
 .text.SVC_Handler
                0x080014d6        0x2 .build/stm32f4xx_it.o
                0x080014d6                SVC_Handler
 .text.DebugMon_Handler
                0x080014d8        0x2 .build/stm32f4xx_it.o
                0x080014d8                DebugMon_Handler
 .text.PendSV_Handler
                0x080014da        0x2 .build/stm32f4xx_it.o
                0x080014da                PendSV_Handler
 .text.SysTick_Handler
                0x080014dc        0x8 .build/stm32f4xx_it.o
                0x080014dc                SysTick_Handler
 .text.DMA1_Stream0_IRQHandler
                0x080014e4       0x10 .build/stm32f4xx_it.o
                0x080014e4                DMA1_Stream0_IRQHandler
 .text.DMA1_Stream6_IRQHandler
                0x080014f4       0x10 .build/stm32f4xx_it.o
                0x080014f4                DMA1_Stream6_IRQHandler
 .text.EXTI9_5_IRQHandler
                0x08001504        0xa .build/stm32f4xx_it.o
                0x08001504                EXTI9_5_IRQHandler
 *fill*         0x0800150e        0x2 
 .text.I2C1_EV_IRQHandler
                0x08001510       0x10 .build/stm32f4xx_it.o
                0x08001510                I2C1_EV_IRQHandler
 .text.I2C1_ER_IRQHandler
                0x08001520       0x10 .build/stm32f4xx_it.o
                0x08001520                I2C1_ER_IRQHandler
 .text.USART1_IRQHandler
                0x08001530       0x10 .build/stm32f4xx_it.o
                0x08001530                USART1_IRQHandler
 .text.DMA2_Stream2_IRQHandler
                0x08001540       0x10 .build/stm32f4xx_it.o
                0x08001540                DMA2_Stream2_IRQHandler
 .text.DMA2_Stream7_IRQHandler
                0x08001550       0x10 .build/stm32f4xx_it.o
                0x08001550                DMA2_Stream7_IRQHandler
 .text.HAL_MspInit
                0x08001560       0x38 .build/stm32f4xx_hal_msp.o
                0x08001560                HAL_MspInit
 .text.I2C_Master_SB
                0x08001598       0xa8 .build/stm32f4xx_hal_i2c.o
 .text.I2C_Master_ADD10
                0x08001640       0x2a .build/stm32f4xx_hal_i2c.o
 .text.I2C_Master_ADDR
                0x0800166a      0x206 .build/stm32f4xx_hal_i2c.o
 .text.I2C_SlaveTransmit_BTF
                0x08001870       0x20 .build/stm32f4xx_hal_i2c.o
 .text.I2C_SlaveReceive_BTF
                0x08001890       0x20 .build/stm32f4xx_hal_i2c.o
 .text.I2C_WaitOnSTOPRequestThroughIT
                0x080018b0       0x48 .build/stm32f4xx_hal_i2c.o
 .text.I2C_IsAcknowledgeFailed
                0x080018f8       0x32 .build/stm32f4xx_hal_i2c.o
 .text.I2C_ConvertOtherXferOptions
                0x0800192a       0x1e .build/stm32f4xx_hal_i2c.o
 .text.I2C_WaitOnFlagUntilTimeout
                0x08001948       0x7c .build/stm32f4xx_hal_i2c.o
 .text.I2C_WaitOnMasterAddressFlagUntilTimeout
                0x080019c4       0xaa .build/stm32f4xx_hal_i2c.o
 .text.I2C_WaitOnTXEFlagUntilTimeout
                0x08001a6e       0x54 .build/stm32f4xx_hal_i2c.o
 *fill*         0x08001ac2        0x2 
 .text.I2C_RequestMemoryWrite
                0x08001ac4       0xd8 .build/stm32f4xx_hal_i2c.o
 .text.I2C_RequestMemoryRead
                0x08001b9c      0x154 .build/stm32f4xx_hal_i2c.o
 .text.I2C_WaitOnBTFFlagUntilTimeout
                0x08001cf0       0x54 .build/stm32f4xx_hal_i2c.o
 .text.I2C_WaitOnRXNEFlagUntilTimeout
                0x08001d44       0x6a .build/stm32f4xx_hal_i2c.o
 *fill*         0x08001dae        0x2 
 .text.HAL_I2C_Init
                0x08001db0      0x1bc .build/stm32f4xx_hal_i2c.o
                0x08001db0                HAL_I2C_Init
 .text.HAL_I2C_Mem_Write
                0x08001f6c      0x164 .build/stm32f4xx_hal_i2c.o
                0x08001f6c                HAL_I2C_Mem_Write
 .text.HAL_I2C_Mem_Read
                0x080020d0      0x2e4 .build/stm32f4xx_hal_i2c.o
                0x080020d0                HAL_I2C_Mem_Read
 .text.HAL_I2C_Mem_Read_DMA
                0x080023b4      0x21c .build/stm32f4xx_hal_i2c.o
                0x080023b4                HAL_I2C_Mem_Read_DMA
 .text.HAL_I2C_MasterTxCpltCallback
                0x080025d0        0x2 .build/stm32f4xx_hal_i2c.o
                0x080025d0                HAL_I2C_MasterTxCpltCallback
 .text.HAL_I2C_MasterRxCpltCallback
                0x080025d2        0x2 .build/stm32f4xx_hal_i2c.o
                0x080025d2                HAL_I2C_MasterRxCpltCallback
 .text.HAL_I2C_SlaveTxCpltCallback
                0x080025d4        0x2 .build/stm32f4xx_hal_i2c.o
                0x080025d4                HAL_I2C_SlaveTxCpltCallback
 .text.I2C_SlaveTransmit_TXE
                0x080025d6       0x4c .build/stm32f4xx_hal_i2c.o
 .text.HAL_I2C_SlaveRxCpltCallback
                0x08002622        0x2 .build/stm32f4xx_hal_i2c.o
                0x08002622                HAL_I2C_SlaveRxCpltCallback
 .text.I2C_SlaveReceive_RXNE
                0x08002624       0x4c .build/stm32f4xx_hal_i2c.o
 .text.HAL_I2C_AddrCallback
                0x08002670        0x2 .build/stm32f4xx_hal_i2c.o
                0x08002670                HAL_I2C_AddrCallback
 .text.I2C_Slave_ADDR
                0x08002672       0x5a .build/stm32f4xx_hal_i2c.o
 .text.HAL_I2C_ListenCpltCallback
                0x080026cc        0x2 .build/stm32f4xx_hal_i2c.o
                0x080026cc                HAL_I2C_ListenCpltCallback
 *fill*         0x080026ce        0x2 
 .text.I2C_Slave_AF
                0x080026d0       0x94 .build/stm32f4xx_hal_i2c.o
 .text.HAL_I2C_MemTxCpltCallback
                0x08002764        0x2 .build/stm32f4xx_hal_i2c.o
                0x08002764                HAL_I2C_MemTxCpltCallback
 .text.I2C_MasterTransmit_BTF
                0x08002766       0x9e .build/stm32f4xx_hal_i2c.o
 .text.I2C_MemoryTransmit_TXE_BTF
                0x08002804       0xbe .build/stm32f4xx_hal_i2c.o
 .text.I2C_MasterTransmit_TXE
                0x080028c2       0xd0 .build/stm32f4xx_hal_i2c.o
 .text.I2C_MasterReceive_BTF
                0x08002992      0x128 .build/stm32f4xx_hal_i2c.o
 .text.HAL_I2C_ErrorCallback
                0x08002aba        0x2 .build/stm32f4xx_hal_i2c.o
                0x08002aba                HAL_I2C_ErrorCallback
 .text.I2C_DMAError
                0x08002abc       0x46 .build/stm32f4xx_hal_i2c.o
 .text.I2C_DMAXferCplt
                0x08002b02      0x122 .build/stm32f4xx_hal_i2c.o
 .text.I2C_MasterReceive_RXNE
                0x08002c24       0xf6 .build/stm32f4xx_hal_i2c.o
 .text.HAL_I2C_AbortCpltCallback
                0x08002d1a        0x2 .build/stm32f4xx_hal_i2c.o
                0x08002d1a                HAL_I2C_AbortCpltCallback
 .text.I2C_DMAAbort
                0x08002d1c       0xe4 .build/stm32f4xx_hal_i2c.o
 .text.I2C_ITError
                0x08002e00      0x178 .build/stm32f4xx_hal_i2c.o
 .text.I2C_Slave_STOPF
                0x08002f78      0x18c .build/stm32f4xx_hal_i2c.o
 .text.HAL_I2C_EV_IRQHandler
                0x08003104      0x1a0 .build/stm32f4xx_hal_i2c.o
                0x08003104                HAL_I2C_EV_IRQHandler
 .text.HAL_I2C_ER_IRQHandler
                0x080032a4       0xc4 .build/stm32f4xx_hal_i2c.o
                0x080032a4                HAL_I2C_ER_IRQHandler
 .text.HAL_RCC_OscConfig
                0x08003368      0x3f8 .build/stm32f4xx_hal_rcc.o
                0x08003368                HAL_RCC_OscConfig
 .text.HAL_RCC_GetSysClockFreq
                0x08003760       0xa4 .build/stm32f4xx_hal_rcc.o
                0x08003760                HAL_RCC_GetSysClockFreq
 .text.HAL_RCC_ClockConfig
                0x08003804      0x160 .build/stm32f4xx_hal_rcc.o
                0x08003804                HAL_RCC_ClockConfig
 .text.HAL_RCC_GetHCLKFreq
                0x08003964        0xc .build/stm32f4xx_hal_rcc.o
                0x08003964                HAL_RCC_GetHCLKFreq
 .text.HAL_RCC_GetPCLK1Freq
                0x08003970       0x20 .build/stm32f4xx_hal_rcc.o
                0x08003970                HAL_RCC_GetPCLK1Freq
 .text.HAL_RCC_GetPCLK2Freq
                0x08003990       0x20 .build/stm32f4xx_hal_rcc.o
                0x08003990                HAL_RCC_GetPCLK2Freq
 .text.HAL_GPIO_Init
                0x080039b0      0x1c0 .build/stm32f4xx_hal_gpio.o
                0x080039b0                HAL_GPIO_Init
 .text.HAL_GPIO_WritePin
                0x08003b70        0xc .build/stm32f4xx_hal_gpio.o
                0x08003b70                HAL_GPIO_WritePin
 .text.HAL_GPIO_EXTI_IRQHandler
                0x08003b7c       0x1c .build/stm32f4xx_hal_gpio.o
                0x08003b7c                HAL_GPIO_EXTI_IRQHandler
 .text.DMA_SetConfig
                0x08003b98       0x2c .build/stm32f4xx_hal_dma.o
 .text.DMA_CalcBaseAndBitshift
                0x08003bc4       0x44 .build/stm32f4xx_hal_dma.o
 .text.DMA_CheckFifoParam
                0x08003c08       0x8e .build/stm32f4xx_hal_dma.o
 *fill*         0x08003c96        0x2 
 .text.HAL_DMA_Init
                0x08003c98       0xcc .build/stm32f4xx_hal_dma.o
                0x08003c98                HAL_DMA_Init
 .text.HAL_DMA_Start_IT
                0x08003d64       0x6a .build/stm32f4xx_hal_dma.o
                0x08003d64                HAL_DMA_Start_IT
 .text.HAL_DMA_Abort
                0x08003dce       0x94 .build/stm32f4xx_hal_dma.o
                0x08003dce                HAL_DMA_Abort
 .text.HAL_DMA_Abort_IT
                0x08003e62       0x26 .build/stm32f4xx_hal_dma.o
                0x08003e62                HAL_DMA_Abort_IT
 .text.HAL_DMA_IRQHandler
                0x08003e88      0x1dc .build/stm32f4xx_hal_dma.o
                0x08003e88                HAL_DMA_IRQHandler
 .text.HAL_DMA_GetState
                0x08004064        0x6 .build/stm32f4xx_hal_dma.o
                0x08004064                HAL_DMA_GetState
 .text.HAL_DMA_GetError
                0x0800406a        0x4 .build/stm32f4xx_hal_dma.o
                0x0800406a                HAL_DMA_GetError
 *fill*         0x0800406e        0x2 
 .text.HAL_NVIC_SetPriorityGrouping
                0x08004070       0x24 .build/stm32f4xx_hal_cortex.o
                0x08004070                HAL_NVIC_SetPriorityGrouping
 .text.HAL_NVIC_SetPriority
                0x08004094       0x70 .build/stm32f4xx_hal_cortex.o
                0x08004094                HAL_NVIC_SetPriority
 .text.HAL_NVIC_EnableIRQ
                0x08004104       0x1c .build/stm32f4xx_hal_cortex.o
                0x08004104                HAL_NVIC_EnableIRQ
 .text.HAL_SYSTICK_Config
                0x08004120       0x28 .build/stm32f4xx_hal_cortex.o
                0x08004120                HAL_SYSTICK_Config
 .text.HAL_InitTick
                0x08004148       0x4c .build/stm32f4xx_hal.o
                0x08004148                HAL_InitTick
 .text.HAL_Init
                0x08004194       0x34 .build/stm32f4xx_hal.o
                0x08004194                HAL_Init
 .text.HAL_IncTick
                0x080041c8       0x18 .build/stm32f4xx_hal.o
                0x080041c8                HAL_IncTick
 .text.HAL_GetTick
                0x080041e0        0xc .build/stm32f4xx_hal.o
                0x080041e0                HAL_GetTick
 .text.UART_EndTxTransfer
                0x080041ec       0x20 .build/stm32f4xx_hal_uart.o
 .text.UART_EndRxTransfer
                0x0800420c       0x5c .build/stm32f4xx_hal_uart.o
 .text.UART_Transmit_IT
                0x08004268       0x60 .build/stm32f4xx_hal_uart.o
 .text.UART_SetConfig
                0x080042c8      0x110 .build/stm32f4xx_hal_uart.o
 .text.HAL_UART_Init
                0x080043d8       0x5e .build/stm32f4xx_hal_uart.o
                0x080043d8                HAL_UART_Init
 *fill*         0x08004436        0x2 
 .text.HAL_UART_Transmit_DMA
                0x08004438       0x9c .build/stm32f4xx_hal_uart.o
                0x08004438                HAL_UART_Transmit_DMA
 .text.HAL_UART_TxCpltCallback
                0x080044d4        0x2 .build/stm32f4xx_hal_uart.o
                0x080044d4                HAL_UART_TxCpltCallback
 .text.UART_DMATransmitCplt
                0x080044d6       0x4c .build/stm32f4xx_hal_uart.o
 .text.UART_EndTransmit_IT
                0x08004522       0x1a .build/stm32f4xx_hal_uart.o
 .text.HAL_UART_TxHalfCpltCallback
                0x0800453c        0x2 .build/stm32f4xx_hal_uart.o
                0x0800453c                HAL_UART_TxHalfCpltCallback
 .text.UART_DMATxHalfCplt
                0x0800453e        0xa .build/stm32f4xx_hal_uart.o
 .text.HAL_UART_RxCpltCallback
                0x08004548        0x2 .build/stm32f4xx_hal_uart.o
                0x08004548                HAL_UART_RxCpltCallback
 .text.HAL_UART_RxHalfCpltCallback
                0x0800454a        0x2 .build/stm32f4xx_hal_uart.o
                0x0800454a                HAL_UART_RxHalfCpltCallback
 .text.HAL_UART_ErrorCallback
                0x0800454c        0x2 .build/stm32f4xx_hal_uart.o
                0x0800454c                HAL_UART_ErrorCallback
 .text.UART_DMAError
                0x0800454e       0x58 .build/stm32f4xx_hal_uart.o
 .text.UART_DMAAbortOnError
                0x080045a6       0x10 .build/stm32f4xx_hal_uart.o
 .text.UART_Receive_IT
                0x080045b6       0xe2 .build/stm32f4xx_hal_uart.o
 .text.HAL_UART_IRQHandler
                0x08004698      0x280 .build/stm32f4xx_hal_uart.o
                0x08004698                HAL_UART_IRQHandler
 .text.UART_DMARxHalfCplt
                0x08004918       0x1a .build/stm32f4xx_hal_uart.o
 .text.UART_DMAReceiveCplt
                0x08004932       0x96 .build/stm32f4xx_hal_uart.o
 .text.UART_Start_Receive_DMA
                0x080049c8       0xa8 .build/stm32f4xx_hal_uart.o
                0x080049c8                UART_Start_Receive_DMA
 .text.HAL_UARTEx_ReceiveToIdle_DMA
                0x08004a70       0x70 .build/stm32f4xx_hal_uart.o
                0x08004a70                HAL_UARTEx_ReceiveToIdle_DMA
 .text.SystemInit
                0x08004ae0       0x14 .build/system_stm32f4xx.o
                0x08004ae0                SystemInit
 *fill*         0x08004af4        0x4 
 .text.scaleReceivedDataByDMA
                0x08004af8       0xb8 .build/mpu6050.o
 .text.invSqrt  0x08004bb0       0x38 .build/mpu6050.o
 .text.lowPassAlfaFiltering
                0x08004be8       0x16 .build/mpu6050.o
 *fill*         0x08004bfe        0x2 
 .text.TryComputeObjectPosition
                0x08004c00      0x290 .build/mpu6050.o
 .text.computeEulerAnglesMadgwickFilter
                0x08004e90      0x3d0 .build/mpu6050.o
 .text.minus3dGravityVector
                0x08005260      0x350 .build/mpu6050.o
 .text.MPU6050_ReadDmaDataEndCallBack
                0x080055b0       0x70 .build/mpu6050.o
                0x080055b0                MPU6050_ReadDmaDataEndCallBack
 .text.MPU6050_Init
                0x08005620       0xec .build/mpu6050.o
                0x08005620                MPU6050_Init
 .text.MPU6050Set_Calibrate_Gyro
                0x0800570c       0x28 .build/mpu6050.o
                0x0800570c                MPU6050Set_Calibrate_Gyro
 .text.MPU6050_Start_IRQ
                0x08005734       0x40 .build/mpu6050.o
                0x08005734                MPU6050_Start_IRQ
 .text.MPU6050_Read_DMA
                0x08005774       0x28 .build/mpu6050.o
                0x08005774                MPU6050_Read_DMA
 .text.RB_Transmit_Read
                0x0800579c       0x44 .build/BluetoothClassicComm.o
 .text.RB_Transmit_Write
                0x080057e0       0x54 .build/BluetoothClassicComm.o
 .text.RB_Receive_GetNextMessageAddress
                0x08005834       0x64 .build/BluetoothClassicComm.o
 .text.RB_Receive_Read
                0x08005898       0x5c .build/BluetoothClassicComm.o
 .text.TransmitImuBaseDataReport
                0x080058f4       0x70 .build/BluetoothClassicComm.o
 .text.Statistics_CreateAndTransmitCommunicationStatistics
                0x08005964       0xa4 .build/BluetoothClassicComm.o
 .text.TransmitDataHandler
                0x08005a08       0xa4 .build/BluetoothClassicComm.o
 .text.HAL_UARTEx_RxEventCallback
                0x08005aac       0x78 .build/BluetoothClassicComm.o
                0x08005aac                HAL_UARTEx_RxEventCallback
 .text.BaseDataReporterTask
                0x08005b24       0x54 .build/BluetoothClassicComm.o
                0x08005b24                BaseDataReporterTask
 .text.BLU_Init
                0x08005b78       0x18 .build/BluetoothClassicComm.o
                0x08005b78                BLU_Init
 .text.BLU_ReportImuData
                0x08005b90       0x14 .build/BluetoothClassicComm.o
                0x08005b90                BLU_ReportImuData
 .text.BLU_DbgMsgTransmit
                0x08005ba4       0x70 .build/BluetoothClassicComm.o
                0x08005ba4                BLU_DbgMsgTransmit
 .text.ReceiveDataHandler
                0x08005c14       0xa4 .build/BluetoothClassicComm.o
 .text.BLU_Task
                0x08005cb8       0x10 .build/BluetoothClassicComm.o
                0x08005cb8                BLU_Task
 .text.Reset_Handler
                0x08005cc8       0x50 .build/startup_stm32f401xc.o
                0x08005cc8                Reset_Handler
 .text.Default_Handler
                0x08005d18        0x2 .build/startup_stm32f401xc.o
                0x08005d18                RTC_Alarm_IRQHandler
                0x08005d18                EXTI2_IRQHandler
                0x08005d18                SPI4_IRQHandler
                0x08005d18                TIM1_CC_IRQHandler
                0x08005d18                DMA2_Stream5_IRQHandler
                0x08005d18                DMA1_Stream5_IRQHandler
                0x08005d18                PVD_IRQHandler
                0x08005d18                SDIO_IRQHandler
                0x08005d18                TAMP_STAMP_IRQHandler
                0x08005d18                EXTI3_IRQHandler
                0x08005d18                TIM1_UP_TIM10_IRQHandler
                0x08005d18                I2C3_ER_IRQHandler
                0x08005d18                EXTI0_IRQHandler
                0x08005d18                I2C2_EV_IRQHandler
                0x08005d18                DMA1_Stream2_IRQHandler
                0x08005d18                FPU_IRQHandler
                0x08005d18                SPI1_IRQHandler
                0x08005d18                TIM1_BRK_TIM9_IRQHandler
                0x08005d18                DMA2_Stream3_IRQHandler
                0x08005d18                USART6_IRQHandler
                0x08005d18                DMA2_Stream0_IRQHandler
                0x08005d18                TIM4_IRQHandler
                0x08005d18                DMA1_Stream1_IRQHandler
                0x08005d18                TIM3_IRQHandler
                0x08005d18                RCC_IRQHandler
                0x08005d18                Default_Handler
                0x08005d18                EXTI15_10_IRQHandler
                0x08005d18                ADC_IRQHandler
                0x08005d18                DMA1_Stream7_IRQHandler
                0x08005d18                TIM5_IRQHandler
                0x08005d18                I2C3_EV_IRQHandler
                0x08005d18                RTC_WKUP_IRQHandler
                0x08005d18                SPI2_IRQHandler
                0x08005d18                EXTI4_IRQHandler
                0x08005d18                WWDG_IRQHandler
                0x08005d18                TIM2_IRQHandler
                0x08005d18                OTG_FS_WKUP_IRQHandler
                0x08005d18                TIM1_TRG_COM_TIM11_IRQHandler
                0x08005d18                EXTI1_IRQHandler
                0x08005d18                USART2_IRQHandler
                0x08005d18                I2C2_ER_IRQHandler
                0x08005d18                DMA2_Stream1_IRQHandler
                0x08005d18                FLASH_IRQHandler
                0x08005d18                DMA2_Stream4_IRQHandler
                0x08005d18                OTG_FS_IRQHandler
                0x08005d18                SPI3_IRQHandler
                0x08005d18                DMA1_Stream4_IRQHandler
                0x08005d18                DMA2_Stream6_IRQHandler
                0x08005d18                DMA1_Stream3_IRQHandler
 *fill*         0x08005d1a        0x2 
 .text.__libc_init_array
                0x08005d1c       0x48 e:/gnu_tools/gnu arm embedded toolchain/10 2021.10/bin/../lib/gcc/arm-none-eabi/10.3.1/../../../../arm-none-eabi/lib/thumb/v7e-m+fp/hard\libc_nano.a(lib_a-init.o)
                0x08005d1c                __libc_init_array
 .text.memcpy   0x08005d64       0x1c e:/gnu_tools/gnu arm embedded toolchain/10 2021.10/bin/../lib/gcc/arm-none-eabi/10.3.1/../../../../arm-none-eabi/lib/thumb/v7e-m+fp/hard\libc_nano.a(lib_a-memcpy-stub.o)
                0x08005d64                memcpy
 .text.memset   0x08005d80       0x10 e:/gnu_tools/gnu arm embedded toolchain/10 2021.10/bin/../lib/gcc/arm-none-eabi/10.3.1/../../../../arm-none-eabi/lib/thumb/v7e-m+fp/hard\libc_nano.a(lib_a-memset.o)
                0x08005d80                memset
 .text.__cvt    0x08005d90       0xc4 e:/gnu_tools/gnu arm embedded toolchain/10 2021.10/bin/../lib/gcc/arm-none-eabi/10.3.1/../../../../arm-none-eabi/lib/thumb/v7e-m+fp/hard\libc_nano.a(lib_a-nano-vfprintf_float.o)
                0x08005d90                __cvt
 .text.__exponent
                0x08005e54       0x7c e:/gnu_tools/gnu arm embedded toolchain/10 2021.10/bin/../lib/gcc/arm-none-eabi/10.3.1/../../../../arm-none-eabi/lib/thumb/v7e-m+fp/hard\libc_nano.a(lib_a-nano-vfprintf_float.o)
                0x08005e54                __exponent
 .text._printf_float
                0x08005ed0      0x46c e:/gnu_tools/gnu arm embedded toolchain/10 2021.10/bin/../lib/gcc/arm-none-eabi/10.3.1/../../../../arm-none-eabi/lib/thumb/v7e-m+fp/hard\libc_nano.a(lib_a-nano-vfprintf_float.o)
                0x08005ed0                _printf_float
 .text._printf_common
                0x0800633c       0xda e:/gnu_tools/gnu arm embedded toolchain/10 2021.10/bin/../lib/gcc/arm-none-eabi/10.3.1/../../../../arm-none-eabi/lib/thumb/v7e-m+fp/hard\libc_nano.a(lib_a-nano-vfprintf_i.o)
                0x0800633c                _printf_common
 *fill*         0x08006416        0x2 
 .text._printf_i
                0x08006418      0x24c e:/gnu_tools/gnu arm embedded toolchain/10 2021.10/bin/../lib/gcc/arm-none-eabi/10.3.1/../../../../arm-none-eabi/lib/thumb/v7e-m+fp/hard\libc_nano.a(lib_a-nano-vfprintf_i.o)
                0x08006418                _printf_i
 .text._vsprintf_r
                0x08006664       0x2c e:/gnu_tools/gnu arm embedded toolchain/10 2021.10/bin/../lib/gcc/arm-none-eabi/10.3.1/../../../../arm-none-eabi/lib/thumb/v7e-m+fp/hard\libc_nano.a(lib_a-vsprintf.o)
                0x08006664                _vsprintf_r
                0x08006664                _vsiprintf_r
 .text.vsprintf
                0x08006690       0x14 e:/gnu_tools/gnu arm embedded toolchain/10 2021.10/bin/../lib/gcc/arm-none-eabi/10.3.1/../../../../arm-none-eabi/lib/thumb/v7e-m+fp/hard\libc_nano.a(lib_a-vsprintf.o)
                0x08006690                vsiprintf
                0x08006690                vsprintf
 .text.quorem   0x080066a4      0x116 e:/gnu_tools/gnu arm embedded toolchain/10 2021.10/bin/../lib/gcc/arm-none-eabi/10.3.1/../../../../arm-none-eabi/lib/thumb/v7e-m+fp/hard\libc_nano.a(lib_a-dtoa.o)
 *fill*         0x080067ba        0x6 
 .text._dtoa_r  0x080067c0      0xbdc e:/gnu_tools/gnu arm embedded toolchain/10 2021.10/bin/../lib/gcc/arm-none-eabi/10.3.1/../../../../arm-none-eabi/lib/thumb/v7e-m+fp/hard\libc_nano.a(lib_a-dtoa.o)
                0x080067c0                _dtoa_r
 .text._localeconv_r
                0x0800739c        0x8 e:/gnu_tools/gnu arm embedded toolchain/10 2021.10/bin/../lib/gcc/arm-none-eabi/10.3.1/../../../../arm-none-eabi/lib/thumb/v7e-m+fp/hard\libc_nano.a(lib_a-localeconv.o)
                0x0800739c                _localeconv_r
 .text.malloc   0x080073a4       0x10 e:/gnu_tools/gnu arm embedded toolchain/10 2021.10/bin/../lib/gcc/arm-none-eabi/10.3.1/../../../../arm-none-eabi/lib/thumb/v7e-m+fp/hard\libc_nano.a(lib_a-malloc.o)
                0x080073a4                malloc
 .text._Balloc  0x080073b4       0x80 e:/gnu_tools/gnu arm embedded toolchain/10 2021.10/bin/../lib/gcc/arm-none-eabi/10.3.1/../../../../arm-none-eabi/lib/thumb/v7e-m+fp/hard\libc_nano.a(lib_a-mprec.o)
                0x080073b4                _Balloc
 .text._Bfree   0x08007434       0x44 e:/gnu_tools/gnu arm embedded toolchain/10 2021.10/bin/../lib/gcc/arm-none-eabi/10.3.1/../../../../arm-none-eabi/lib/thumb/v7e-m+fp/hard\libc_nano.a(lib_a-mprec.o)
                0x08007434                _Bfree
 .text.__multadd
                0x08007478       0x8c e:/gnu_tools/gnu arm embedded toolchain/10 2021.10/bin/../lib/gcc/arm-none-eabi/10.3.1/../../../../arm-none-eabi/lib/thumb/v7e-m+fp/hard\libc_nano.a(lib_a-mprec.o)
                0x08007478                __multadd
 .text.__hi0bits
                0x08007504       0x40 e:/gnu_tools/gnu arm embedded toolchain/10 2021.10/bin/../lib/gcc/arm-none-eabi/10.3.1/../../../../arm-none-eabi/lib/thumb/v7e-m+fp/hard\libc_nano.a(lib_a-mprec.o)
                0x08007504                __hi0bits
 .text.__lo0bits
                0x08007544       0x5e e:/gnu_tools/gnu arm embedded toolchain/10 2021.10/bin/../lib/gcc/arm-none-eabi/10.3.1/../../../../arm-none-eabi/lib/thumb/v7e-m+fp/hard\libc_nano.a(lib_a-mprec.o)
                0x08007544                __lo0bits
 *fill*         0x080075a2        0x2 
 .text.__i2b    0x080075a4       0x2c e:/gnu_tools/gnu arm embedded toolchain/10 2021.10/bin/../lib/gcc/arm-none-eabi/10.3.1/../../../../arm-none-eabi/lib/thumb/v7e-m+fp/hard\libc_nano.a(lib_a-mprec.o)
                0x080075a4                __i2b
 .text.__multiply
                0x080075d0      0x154 e:/gnu_tools/gnu arm embedded toolchain/10 2021.10/bin/../lib/gcc/arm-none-eabi/10.3.1/../../../../arm-none-eabi/lib/thumb/v7e-m+fp/hard\libc_nano.a(lib_a-mprec.o)
                0x080075d0                __multiply
 .text.__pow5mult
                0x08007724       0xb4 e:/gnu_tools/gnu arm embedded toolchain/10 2021.10/bin/../lib/gcc/arm-none-eabi/10.3.1/../../../../arm-none-eabi/lib/thumb/v7e-m+fp/hard\libc_nano.a(lib_a-mprec.o)
                0x08007724                __pow5mult
 .text.__lshift
                0x080077d8       0xe0 e:/gnu_tools/gnu arm embedded toolchain/10 2021.10/bin/../lib/gcc/arm-none-eabi/10.3.1/../../../../arm-none-eabi/lib/thumb/v7e-m+fp/hard\libc_nano.a(lib_a-mprec.o)
                0x080077d8                __lshift
 .text.__mcmp   0x080078b8       0x38 e:/gnu_tools/gnu arm embedded toolchain/10 2021.10/bin/../lib/gcc/arm-none-eabi/10.3.1/../../../../arm-none-eabi/lib/thumb/v7e-m+fp/hard\libc_nano.a(lib_a-mprec.o)
                0x080078b8                __mcmp
 .text.__mdiff  0x080078f0      0x114 e:/gnu_tools/gnu arm embedded toolchain/10 2021.10/bin/../lib/gcc/arm-none-eabi/10.3.1/../../../../arm-none-eabi/lib/thumb/v7e-m+fp/hard\libc_nano.a(lib_a-mprec.o)
                0x080078f0                __mdiff
 .text.__d2b    0x08007a04       0xb8 e:/gnu_tools/gnu arm embedded toolchain/10 2021.10/bin/../lib/gcc/arm-none-eabi/10.3.1/../../../../arm-none-eabi/lib/thumb/v7e-m+fp/hard\libc_nano.a(lib_a-mprec.o)
                0x08007a04                __d2b
 .text._calloc_r
                0x08007abc       0x2c e:/gnu_tools/gnu arm embedded toolchain/10 2021.10/bin/../lib/gcc/arm-none-eabi/10.3.1/../../../../arm-none-eabi/lib/thumb/v7e-m+fp/hard\libc_nano.a(lib_a-nano-callocr.o)
                0x08007abc                _calloc_r
 .text._free_r  0x08007ae8       0x98 e:/gnu_tools/gnu arm embedded toolchain/10 2021.10/bin/../lib/gcc/arm-none-eabi/10.3.1/../../../../arm-none-eabi/lib/thumb/v7e-m+fp/hard\libc_nano.a(lib_a-nano-freer.o)
                0x08007ae8                _free_r
 .text.sbrk_aligned
                0x08007b80       0x40 e:/gnu_tools/gnu arm embedded toolchain/10 2021.10/bin/../lib/gcc/arm-none-eabi/10.3.1/../../../../arm-none-eabi/lib/thumb/v7e-m+fp/hard\libc_nano.a(lib_a-nano-mallocr.o)
 .text._malloc_r
                0x08007bc0       0xe8 e:/gnu_tools/gnu arm embedded toolchain/10 2021.10/bin/../lib/gcc/arm-none-eabi/10.3.1/../../../../arm-none-eabi/lib/thumb/v7e-m+fp/hard\libc_nano.a(lib_a-nano-mallocr.o)
                0x08007bc0                _malloc_r
 .text.__ssputs_r
                0x08007ca8       0xb6 e:/gnu_tools/gnu arm embedded toolchain/10 2021.10/bin/../lib/gcc/arm-none-eabi/10.3.1/../../../../arm-none-eabi/lib/thumb/v7e-m+fp/hard\libc_nano.a(lib_a-nano-svfprintf.o)
                0x08007ca8                __ssputs_r
 *fill*         0x08007d5e        0x2 
 .text._svfprintf_r
                0x08007d60      0x200 e:/gnu_tools/gnu arm embedded toolchain/10 2021.10/bin/../lib/gcc/arm-none-eabi/10.3.1/../../../../arm-none-eabi/lib/thumb/v7e-m+fp/hard\libc_nano.a(lib_a-nano-svfprintf.o)
                0x08007d60                _svfiprintf_r
                0x08007d60                _svfprintf_r
 .text._sbrk_r  0x08007f60       0x20 e:/gnu_tools/gnu arm embedded toolchain/10 2021.10/bin/../lib/gcc/arm-none-eabi/10.3.1/../../../../arm-none-eabi/lib/thumb/v7e-m+fp/hard\libc_nano.a(lib_a-sbrkr.o)
                0x08007f60                _sbrk_r
 .text.__assert_func
                0x08007f80       0x3c e:/gnu_tools/gnu arm embedded toolchain/10 2021.10/bin/../lib/gcc/arm-none-eabi/10.3.1/../../../../arm-none-eabi/lib/thumb/v7e-m+fp/hard\libc_nano.a(lib_a-assert.o)
                0x08007f80                __assert_func
 .text.fprintf  0x08007fbc       0x24 e:/gnu_tools/gnu arm embedded toolchain/10 2021.10/bin/../lib/gcc/arm-none-eabi/10.3.1/../../../../arm-none-eabi/lib/thumb/v7e-m+fp/hard\libc_nano.a(lib_a-fprintf.o)
                0x08007fbc                fiprintf
                0x08007fbc                fprintf
 .text.__ascii_mbtowc
                0x08007fe0       0x24 e:/gnu_tools/gnu arm embedded toolchain/10 2021.10/bin/../lib/gcc/arm-none-eabi/10.3.1/../../../../arm-none-eabi/lib/thumb/v7e-m+fp/hard\libc_nano.a(lib_a-mbtowc_r.o)
                0x08007fe0                __ascii_mbtowc
 .text.memmove  0x08008004       0x34 e:/gnu_tools/gnu arm embedded toolchain/10 2021.10/bin/../lib/gcc/arm-none-eabi/10.3.1/../../../../arm-none-eabi/lib/thumb/v7e-m+fp/hard\libc_nano.a(lib_a-memmove.o)
                0x08008004                memmove
 .text.__malloc_lock
                0x08008038        0xc e:/gnu_tools/gnu arm embedded toolchain/10 2021.10/bin/../lib/gcc/arm-none-eabi/10.3.1/../../../../arm-none-eabi/lib/thumb/v7e-m+fp/hard\libc_nano.a(lib_a-mlock.o)
                0x08008038                __malloc_lock
 .text.__malloc_unlock
                0x08008044        0xc e:/gnu_tools/gnu arm embedded toolchain/10 2021.10/bin/../lib/gcc/arm-none-eabi/10.3.1/../../../../arm-none-eabi/lib/thumb/v7e-m+fp/hard\libc_nano.a(lib_a-mlock.o)
                0x08008044                __malloc_unlock
 .text._realloc_r
                0x08008050       0x5e e:/gnu_tools/gnu arm embedded toolchain/10 2021.10/bin/../lib/gcc/arm-none-eabi/10.3.1/../../../../arm-none-eabi/lib/thumb/v7e-m+fp/hard\libc_nano.a(lib_a-nano-reallocr.o)
                0x08008050                _realloc_r
 .text.__sfputc_r
                0x080080ae       0x2e e:/gnu_tools/gnu arm embedded toolchain/10 2021.10/bin/../lib/gcc/arm-none-eabi/10.3.1/../../../../arm-none-eabi/lib/thumb/v7e-m+fp/hard\libc_nano.a(lib_a-nano-vfprintf.o)
 .text.__sfputs_r
                0x080080dc       0x24 e:/gnu_tools/gnu arm embedded toolchain/10 2021.10/bin/../lib/gcc/arm-none-eabi/10.3.1/../../../../arm-none-eabi/lib/thumb/v7e-m+fp/hard\libc_nano.a(lib_a-nano-vfprintf.o)
                0x080080dc                __sfputs_r
 .text._vfprintf_r
                0x08008100      0x260 e:/gnu_tools/gnu arm embedded toolchain/10 2021.10/bin/../lib/gcc/arm-none-eabi/10.3.1/../../../../arm-none-eabi/lib/thumb/v7e-m+fp/hard\libc_nano.a(lib_a-nano-vfprintf.o)
                0x08008100                _vfprintf_r
                0x08008100                _vfiprintf_r
 .text.__swbuf_r
                0x08008360       0xa4 e:/gnu_tools/gnu arm embedded toolchain/10 2021.10/bin/../lib/gcc/arm-none-eabi/10.3.1/../../../../arm-none-eabi/lib/thumb/v7e-m+fp/hard\libc_nano.a(lib_a-wbuf.o)
                0x08008360                __swbuf_r
 .text.__ascii_wctomb
                0x08008404       0x1a e:/gnu_tools/gnu arm embedded toolchain/10 2021.10/bin/../lib/gcc/arm-none-eabi/10.3.1/../../../../arm-none-eabi/lib/thumb/v7e-m+fp/hard\libc_nano.a(lib_a-wctomb_r.o)
                0x08008404                __ascii_wctomb
 *fill*         0x0800841e        0x2 
 .text.__swsetup_r
                0x08008420       0xdc e:/gnu_tools/gnu arm embedded toolchain/10 2021.10/bin/../lib/gcc/arm-none-eabi/10.3.1/../../../../arm-none-eabi/lib/thumb/v7e-m+fp/hard\libc_nano.a(lib_a-wsetup.o)
                0x08008420                __swsetup_r
 .text.abort    0x080084fc        0xe e:/gnu_tools/gnu arm embedded toolchain/10 2021.10/bin/../lib/gcc/arm-none-eabi/10.3.1/../../../../arm-none-eabi/lib/thumb/v7e-m+fp/hard\libc_nano.a(lib_a-abort.o)
                0x080084fc                abort
 *fill*         0x0800850a        0x2 
 .text.__sflush_r
                0x0800850c      0x10c e:/gnu_tools/gnu arm embedded toolchain/10 2021.10/bin/../lib/gcc/arm-none-eabi/10.3.1/../../../../arm-none-eabi/lib/thumb/v7e-m+fp/hard\libc_nano.a(lib_a-fflush.o)
                0x0800850c                __sflush_r
 .text._fflush_r
                0x08008618       0x78 e:/gnu_tools/gnu arm embedded toolchain/10 2021.10/bin/../lib/gcc/arm-none-eabi/10.3.1/../../../../arm-none-eabi/lib/thumb/v7e-m+fp/hard\libc_nano.a(lib_a-fflush.o)
                0x08008618                _fflush_r
 .text.std      0x08008690       0x48 e:/gnu_tools/gnu arm embedded toolchain/10 2021.10/bin/../lib/gcc/arm-none-eabi/10.3.1/../../../../arm-none-eabi/lib/thumb/v7e-m+fp/hard\libc_nano.a(lib_a-findfp.o)
 .text._cleanup_r
                0x080086d8        0xc e:/gnu_tools/gnu arm embedded toolchain/10 2021.10/bin/../lib/gcc/arm-none-eabi/10.3.1/../../../../arm-none-eabi/lib/thumb/v7e-m+fp/hard\libc_nano.a(lib_a-findfp.o)
                0x080086d8                _cleanup_r
 .text.__sfmoreglue
                0x080086e4       0x2c e:/gnu_tools/gnu arm embedded toolchain/10 2021.10/bin/../lib/gcc/arm-none-eabi/10.3.1/../../../../arm-none-eabi/lib/thumb/v7e-m+fp/hard\libc_nano.a(lib_a-findfp.o)
                0x080086e4                __sfmoreglue
 .text.__sfp_lock_acquire
                0x08008710        0xc e:/gnu_tools/gnu arm embedded toolchain/10 2021.10/bin/../lib/gcc/arm-none-eabi/10.3.1/../../../../arm-none-eabi/lib/thumb/v7e-m+fp/hard\libc_nano.a(lib_a-findfp.o)
                0x08008710                __sfp_lock_acquire
 .text.__sfp_lock_release
                0x0800871c        0xc e:/gnu_tools/gnu arm embedded toolchain/10 2021.10/bin/../lib/gcc/arm-none-eabi/10.3.1/../../../../arm-none-eabi/lib/thumb/v7e-m+fp/hard\libc_nano.a(lib_a-findfp.o)
                0x0800871c                __sfp_lock_release
 .text.__sinit_lock_acquire
                0x08008728        0xc e:/gnu_tools/gnu arm embedded toolchain/10 2021.10/bin/../lib/gcc/arm-none-eabi/10.3.1/../../../../arm-none-eabi/lib/thumb/v7e-m+fp/hard\libc_nano.a(lib_a-findfp.o)
                0x08008728                __sinit_lock_acquire
 .text.__sinit_lock_release
                0x08008734        0xc e:/gnu_tools/gnu arm embedded toolchain/10 2021.10/bin/../lib/gcc/arm-none-eabi/10.3.1/../../../../arm-none-eabi/lib/thumb/v7e-m+fp/hard\libc_nano.a(lib_a-findfp.o)
                0x08008734                __sinit_lock_release
 .text.__sinit  0x08008740       0x70 e:/gnu_tools/gnu arm embedded toolchain/10 2021.10/bin/../lib/gcc/arm-none-eabi/10.3.1/../../../../arm-none-eabi/lib/thumb/v7e-m+fp/hard\libc_nano.a(lib_a-findfp.o)
                0x08008740                __sinit
 .text.__sfp    0x080087b0       0x8c e:/gnu_tools/gnu arm embedded toolchain/10 2021.10/bin/../lib/gcc/arm-none-eabi/10.3.1/../../../../arm-none-eabi/lib/thumb/v7e-m+fp/hard\libc_nano.a(lib_a-findfp.o)
                0x080087b0                __sfp
 .text._fwalk_reent
                0x0800883c       0x3e e:/gnu_tools/gnu arm embedded toolchain/10 2021.10/bin/../lib/gcc/arm-none-eabi/10.3.1/../../../../arm-none-eabi/lib/thumb/v7e-m+fp/hard\libc_nano.a(lib_a-fwalk.o)
                0x0800883c                _fwalk_reent
 .text.__retarget_lock_init_recursive
                0x0800887a        0x2 e:/gnu_tools/gnu arm embedded toolchain/10 2021.10/bin/../lib/gcc/arm-none-eabi/10.3.1/../../../../arm-none-eabi/lib/thumb/v7e-m+fp/hard\libc_nano.a(lib_a-lock.o)
                0x0800887a                __retarget_lock_init_recursive
 .text.__retarget_lock_acquire_recursive
                0x0800887c        0x2 e:/gnu_tools/gnu arm embedded toolchain/10 2021.10/bin/../lib/gcc/arm-none-eabi/10.3.1/../../../../arm-none-eabi/lib/thumb/v7e-m+fp/hard\libc_nano.a(lib_a-lock.o)
                0x0800887c                __retarget_lock_acquire_recursive
 .text.__retarget_lock_release_recursive
                0x0800887e        0x2 e:/gnu_tools/gnu arm embedded toolchain/10 2021.10/bin/../lib/gcc/arm-none-eabi/10.3.1/../../../../arm-none-eabi/lib/thumb/v7e-m+fp/hard\libc_nano.a(lib_a-lock.o)
                0x0800887e                __retarget_lock_release_recursive
 .text.__swhatbuf_r
                0x08008880       0x4a e:/gnu_tools/gnu arm embedded toolchain/10 2021.10/bin/../lib/gcc/arm-none-eabi/10.3.1/../../../../arm-none-eabi/lib/thumb/v7e-m+fp/hard\libc_nano.a(lib_a-makebuf.o)
                0x08008880                __swhatbuf_r
 *fill*         0x080088ca        0x2 
 .text.__smakebuf_r
                0x080088cc       0x80 e:/gnu_tools/gnu arm embedded toolchain/10 2021.10/bin/../lib/gcc/arm-none-eabi/10.3.1/../../../../arm-none-eabi/lib/thumb/v7e-m+fp/hard\libc_nano.a(lib_a-makebuf.o)
                0x080088cc                __smakebuf_r
 .text._malloc_usable_size_r
                0x0800894c       0x10 e:/gnu_tools/gnu arm embedded toolchain/10 2021.10/bin/../lib/gcc/arm-none-eabi/10.3.1/../../../../arm-none-eabi/lib/thumb/v7e-m+fp/hard\libc_nano.a(lib_a-nano-msizer.o)
                0x0800894c                _malloc_usable_size_r
 .text._raise_r
                0x0800895c       0x50 e:/gnu_tools/gnu arm embedded toolchain/10 2021.10/bin/../lib/gcc/arm-none-eabi/10.3.1/../../../../arm-none-eabi/lib/thumb/v7e-m+fp/hard\libc_nano.a(lib_a-signal.o)
                0x0800895c                _raise_r
 .text.raise    0x080089ac       0x10 e:/gnu_tools/gnu arm embedded toolchain/10 2021.10/bin/../lib/gcc/arm-none-eabi/10.3.1/../../../../arm-none-eabi/lib/thumb/v7e-m+fp/hard\libc_nano.a(lib_a-signal.o)
                0x080089ac                raise
 .text._kill_r  0x080089bc       0x24 e:/gnu_tools/gnu arm embedded toolchain/10 2021.10/bin/../lib/gcc/arm-none-eabi/10.3.1/../../../../arm-none-eabi/lib/thumb/v7e-m+fp/hard\libc_nano.a(lib_a-signalr.o)
                0x080089bc                _kill_r
 .text._getpid_r
                0x080089e0        0x4 e:/gnu_tools/gnu arm embedded toolchain/10 2021.10/bin/../lib/gcc/arm-none-eabi/10.3.1/../../../../arm-none-eabi/lib/thumb/v7e-m+fp/hard\libc_nano.a(lib_a-signalr.o)
                0x080089e0                _getpid_r
 .text.__sread  0x080089e4       0x22 e:/gnu_tools/gnu arm embedded toolchain/10 2021.10/bin/../lib/gcc/arm-none-eabi/10.3.1/../../../../arm-none-eabi/lib/thumb/v7e-m+fp/hard\libc_nano.a(lib_a-stdio.o)
                0x080089e4                __sread
 .text.__swrite
                0x08008a06       0x38 e:/gnu_tools/gnu arm embedded toolchain/10 2021.10/bin/../lib/gcc/arm-none-eabi/10.3.1/../../../../arm-none-eabi/lib/thumb/v7e-m+fp/hard\libc_nano.a(lib_a-stdio.o)
                0x08008a06                __swrite
 .text.__sseek  0x08008a3e       0x24 e:/gnu_tools/gnu arm embedded toolchain/10 2021.10/bin/../lib/gcc/arm-none-eabi/10.3.1/../../../../arm-none-eabi/lib/thumb/v7e-m+fp/hard\libc_nano.a(lib_a-stdio.o)
                0x08008a3e                __sseek
 .text.__sclose
                0x08008a62        0x8 e:/gnu_tools/gnu arm embedded toolchain/10 2021.10/bin/../lib/gcc/arm-none-eabi/10.3.1/../../../../arm-none-eabi/lib/thumb/v7e-m+fp/hard\libc_nano.a(lib_a-stdio.o)
                0x08008a62                __sclose
 *fill*         0x08008a6a        0x2 
 .text._write_r
                0x08008a6c       0x24 e:/gnu_tools/gnu arm embedded toolchain/10 2021.10/bin/../lib/gcc/arm-none-eabi/10.3.1/../../../../arm-none-eabi/lib/thumb/v7e-m+fp/hard\libc_nano.a(lib_a-writer.o)
                0x08008a6c                _write_r
 .text._close_r
                0x08008a90       0x20 e:/gnu_tools/gnu arm embedded toolchain/10 2021.10/bin/../lib/gcc/arm-none-eabi/10.3.1/../../../../arm-none-eabi/lib/thumb/v7e-m+fp/hard\libc_nano.a(lib_a-closer.o)
                0x08008a90                _close_r
 .text._fstat_r
                0x08008ab0       0x24 e:/gnu_tools/gnu arm embedded toolchain/10 2021.10/bin/../lib/gcc/arm-none-eabi/10.3.1/../../../../arm-none-eabi/lib/thumb/v7e-m+fp/hard\libc_nano.a(lib_a-fstatr.o)
                0x08008ab0                _fstat_r
 .text._isatty_r
                0x08008ad4       0x20 e:/gnu_tools/gnu arm embedded toolchain/10 2021.10/bin/../lib/gcc/arm-none-eabi/10.3.1/../../../../arm-none-eabi/lib/thumb/v7e-m+fp/hard\libc_nano.a(lib_a-isattyr.o)
                0x08008ad4                _isatty_r
 .text._lseek_r
                0x08008af4       0x24 e:/gnu_tools/gnu arm embedded toolchain/10 2021.10/bin/../lib/gcc/arm-none-eabi/10.3.1/../../../../arm-none-eabi/lib/thumb/v7e-m+fp/hard\libc_nano.a(lib_a-lseekr.o)
                0x08008af4                _lseek_r
 .text._read_r  0x08008b18       0x24 e:/gnu_tools/gnu arm embedded toolchain/10 2021.10/bin/../lib/gcc/arm-none-eabi/10.3.1/../../../../arm-none-eabi/lib/thumb/v7e-m+fp/hard\libc_nano.a(lib_a-readr.o)
                0x08008b18                _read_r
 *fill*         0x08008b3c        0x4 
 .text.cos      0x08008b40       0x90 e:/gnu_tools/gnu arm embedded toolchain/10 2021.10/bin/../lib/gcc/arm-none-eabi/10.3.1/../../../../arm-none-eabi/lib/thumb/v7e-m+fp/hard\libm.a(lib_a-s_cos.o)
                0x08008b40                cos
 .text.sin      0x08008bd0       0x90 e:/gnu_tools/gnu arm embedded toolchain/10 2021.10/bin/../lib/gcc/arm-none-eabi/10.3.1/../../../../arm-none-eabi/lib/thumb/v7e-m+fp/hard\libm.a(lib_a-s_sin.o)
                0x08008bd0                sin
 .text.asin     0x08008c60       0x68 e:/gnu_tools/gnu arm embedded toolchain/10 2021.10/bin/../lib/gcc/arm-none-eabi/10.3.1/../../../../arm-none-eabi/lib/thumb/v7e-m+fp/hard\libm.a(lib_a-w_asin.o)
                0x08008c60                asin
 .text.atan2    0x08008cc8        0x4 e:/gnu_tools/gnu arm embedded toolchain/10 2021.10/bin/../lib/gcc/arm-none-eabi/10.3.1/../../../../arm-none-eabi/lib/thumb/v7e-m+fp/hard\libm.a(lib_a-w_atan2.o)
                0x08008cc8                atan2
 *fill*         0x08008ccc        0x4 
 .text.__ieee754_asin
                0x08008cd0      0x4a4 e:/gnu_tools/gnu arm embedded toolchain/10 2021.10/bin/../lib/gcc/arm-none-eabi/10.3.1/../../../../arm-none-eabi/lib/thumb/v7e-m+fp/hard\libm.a(lib_a-e_asin.o)
                0x08008cd0                __ieee754_asin
 *fill*         0x08009174        0x4 
 .text.__ieee754_atan2
                0x08009178      0x1ac e:/gnu_tools/gnu arm embedded toolchain/10 2021.10/bin/../lib/gcc/arm-none-eabi/10.3.1/../../../../arm-none-eabi/lib/thumb/v7e-m+fp/hard\libm.a(lib_a-e_atan2.o)
                0x08009178                __ieee754_atan2
 *fill*         0x08009324        0x4 
 .text.__ieee754_rem_pio2
                0x08009328      0x44c e:/gnu_tools/gnu arm embedded toolchain/10 2021.10/bin/../lib/gcc/arm-none-eabi/10.3.1/../../../../arm-none-eabi/lib/thumb/v7e-m+fp/hard\libm.a(lib_a-e_rem_pio2.o)
                0x08009328                __ieee754_rem_pio2
 .text.__ieee754_sqrt
                0x08009774      0x198 e:/gnu_tools/gnu arm embedded toolchain/10 2021.10/bin/../lib/gcc/arm-none-eabi/10.3.1/../../../../arm-none-eabi/lib/thumb/v7e-m+fp/hard\libm.a(lib_a-e_sqrt.o)
                0x08009774                __ieee754_sqrt
 *fill*         0x0800990c        0x4 
 .text.__kernel_cos
                0x08009910      0x27c e:/gnu_tools/gnu arm embedded toolchain/10 2021.10/bin/../lib/gcc/arm-none-eabi/10.3.1/../../../../arm-none-eabi/lib/thumb/v7e-m+fp/hard\libm.a(lib_a-k_cos.o)
                0x08009910                __kernel_cos
 *fill*         0x08009b8c        0x4 
 .text.__kernel_rem_pio2
                0x08009b90      0x850 e:/gnu_tools/gnu arm embedded toolchain/10 2021.10/bin/../lib/gcc/arm-none-eabi/10.3.1/../../../../arm-none-eabi/lib/thumb/v7e-m+fp/hard\libm.a(lib_a-k_rem_pio2.o)
                0x08009b90                __kernel_rem_pio2
 .text.__kernel_sin
                0x0800a3e0      0x17c e:/gnu_tools/gnu arm embedded toolchain/10 2021.10/bin/../lib/gcc/arm-none-eabi/10.3.1/../../../../arm-none-eabi/lib/thumb/v7e-m+fp/hard\libm.a(lib_a-k_sin.o)
                0x0800a3e0                __kernel_sin
 *fill*         0x0800a55c        0x4 
 .text.atan     0x0800a560      0x340 e:/gnu_tools/gnu arm embedded toolchain/10 2021.10/bin/../lib/gcc/arm-none-eabi/10.3.1/../../../../arm-none-eabi/lib/thumb/v7e-m+fp/hard\libm.a(lib_a-s_atan.o)
                0x0800a560                atan
 .text.fabs     0x0800a8a0       0x14 e:/gnu_tools/gnu arm embedded toolchain/10 2021.10/bin/../lib/gcc/arm-none-eabi/10.3.1/../../../../arm-none-eabi/lib/thumb/v7e-m+fp/hard\libm.a(lib_a-s_fabs.o)
                0x0800a8a0                fabs
 *fill*         0x0800a8b4        0x4 
 .text.floor    0x0800a8b8      0x108 e:/gnu_tools/gnu arm embedded toolchain/10 2021.10/bin/../lib/gcc/arm-none-eabi/10.3.1/../../../../arm-none-eabi/lib/thumb/v7e-m+fp/hard\libm.a(lib_a-s_floor.o)
                0x0800a8b8                floor
 .text.nan      0x0800a9c0       0x10 e:/gnu_tools/gnu arm embedded toolchain/10 2021.10/bin/../lib/gcc/arm-none-eabi/10.3.1/../../../../arm-none-eabi/lib/thumb/v7e-m+fp/hard\libm.a(lib_a-s_nan.o)
                0x0800a9c0                nan
 .text.scalbn   0x0800a9d0      0x124 e:/gnu_tools/gnu arm embedded toolchain/10 2021.10/bin/../lib/gcc/arm-none-eabi/10.3.1/../../../../arm-none-eabi/lib/thumb/v7e-m+fp/hard\libm.a(lib_a-s_scalbn.o)
                0x0800a9d0                scalbn
 .text._close   0x0800aaf4       0x10 e:/gnu_tools/gnu arm embedded toolchain/10 2021.10/bin/../lib/gcc/arm-none-eabi/10.3.1/../../../../arm-none-eabi/lib/thumb/v7e-m+fp/hard\libnosys.a(close.o)
                0x0800aaf4                _close
 .text._fstat   0x0800ab04       0x10 e:/gnu_tools/gnu arm embedded toolchain/10 2021.10/bin/../lib/gcc/arm-none-eabi/10.3.1/../../../../arm-none-eabi/lib/thumb/v7e-m+fp/hard\libnosys.a(fstat.o)
                0x0800ab04                _fstat
 .text._getpid  0x0800ab14       0x10 e:/gnu_tools/gnu arm embedded toolchain/10 2021.10/bin/../lib/gcc/arm-none-eabi/10.3.1/../../../../arm-none-eabi/lib/thumb/v7e-m+fp/hard\libnosys.a(getpid.o)
                0x0800ab14                _getpid
 .text._isatty  0x0800ab24       0x10 e:/gnu_tools/gnu arm embedded toolchain/10 2021.10/bin/../lib/gcc/arm-none-eabi/10.3.1/../../../../arm-none-eabi/lib/thumb/v7e-m+fp/hard\libnosys.a(isatty.o)
                0x0800ab24                _isatty
 .text._kill    0x0800ab34       0x10 e:/gnu_tools/gnu arm embedded toolchain/10 2021.10/bin/../lib/gcc/arm-none-eabi/10.3.1/../../../../arm-none-eabi/lib/thumb/v7e-m+fp/hard\libnosys.a(kill.o)
                0x0800ab34                _kill
 .text._lseek   0x0800ab44       0x10 e:/gnu_tools/gnu arm embedded toolchain/10 2021.10/bin/../lib/gcc/arm-none-eabi/10.3.1/../../../../arm-none-eabi/lib/thumb/v7e-m+fp/hard\libnosys.a(lseek.o)
                0x0800ab44                _lseek
 .text._read    0x0800ab54       0x10 e:/gnu_tools/gnu arm embedded toolchain/10 2021.10/bin/../lib/gcc/arm-none-eabi/10.3.1/../../../../arm-none-eabi/lib/thumb/v7e-m+fp/hard\libnosys.a(read.o)
                0x0800ab54                _read
 .text._sbrk    0x0800ab64       0x1c e:/gnu_tools/gnu arm embedded toolchain/10 2021.10/bin/../lib/gcc/arm-none-eabi/10.3.1/../../../../arm-none-eabi/lib/thumb/v7e-m+fp/hard\libnosys.a(sbrk.o)
                0x0800ab64                _sbrk
 .text._write   0x0800ab80       0x10 e:/gnu_tools/gnu arm embedded toolchain/10 2021.10/bin/../lib/gcc/arm-none-eabi/10.3.1/../../../../arm-none-eabi/lib/thumb/v7e-m+fp/hard\libnosys.a(write.o)
                0x0800ab80                _write
 .text._exit    0x0800ab90        0x4 e:/gnu_tools/gnu arm embedded toolchain/10 2021.10/bin/../lib/gcc/arm-none-eabi/10.3.1/../../../../arm-none-eabi/lib/thumb/v7e-m+fp/hard\libnosys.a(_exit.o)
                0x0800ab90                _exit
 .text.__errno  0x0800ab94        0xc e:/gnu_tools/gnu arm embedded toolchain/10 2021.10/bin/../lib/gcc/arm-none-eabi/10.3.1/../../../../arm-none-eabi/lib/thumb/v7e-m+fp/hard\libc_nano.a(lib_a-errno.o)
                0x0800ab94                __errno
 *(.glue_7)
 .glue_7        0x0800aba0        0x0 linker stubs
 *(.glue_7t)
 .glue_7t       0x0800aba0        0x0 linker stubs
 *(.eh_frame)
 .eh_frame      0x0800aba0        0x0 e:/gnu_tools/gnu arm embedded toolchain/10 2021.10/bin/../lib/gcc/arm-none-eabi/10.3.1/thumb/v7e-m+fp/hard/crtbegin.o
 *(.init)
 .init          0x0800aba0        0x4 e:/gnu_tools/gnu arm embedded toolchain/10 2021.10/bin/../lib/gcc/arm-none-eabi/10.3.1/thumb/v7e-m+fp/hard/crti.o
                0x0800aba0                _init
 .init          0x0800aba4        0x8 e:/gnu_tools/gnu arm embedded toolchain/10 2021.10/bin/../lib/gcc/arm-none-eabi/10.3.1/thumb/v7e-m+fp/hard/crtn.o
 *(.fini)
 .fini          0x0800abac        0x4 e:/gnu_tools/gnu arm embedded toolchain/10 2021.10/bin/../lib/gcc/arm-none-eabi/10.3.1/thumb/v7e-m+fp/hard/crti.o
                0x0800abac                _fini
 .fini          0x0800abb0        0x8 e:/gnu_tools/gnu arm embedded toolchain/10 2021.10/bin/../lib/gcc/arm-none-eabi/10.3.1/thumb/v7e-m+fp/hard/crtn.o
                0x0800abb8                . = ALIGN (0x4)
                0x0800abb8                _etext = .

.vfp11_veneer   0x0800abb8        0x0
 .vfp11_veneer  0x0800abb8        0x0 linker stubs

.v4_bx          0x0800abb8        0x0
 .v4_bx         0x0800abb8        0x0 linker stubs

.iplt           0x0800abb8        0x0
 .iplt          0x0800abb8        0x0 e:/gnu_tools/gnu arm embedded toolchain/10 2021.10/bin/../lib/gcc/arm-none-eabi/10.3.1/thumb/v7e-m+fp/hard/crtbegin.o

.rodata         0x0800abb8      0x718
                0x0800abb8                . = ALIGN (0x4)
 *(.rodata)
 *(.rodata*)
 .rodata.flagBitshiftOffset.0
                0x0800abb8        0x8 .build/stm32f4xx_hal_dma.o
 .rodata.AHBPrescTable
                0x0800abc0       0x10 .build/system_stm32f4xx.o
                0x0800abc0                AHBPrescTable
 .rodata.APBPrescTable
                0x0800abd0        0x8 .build/system_stm32f4xx.o
                0x0800abd0                APBPrescTable
 .rodata.mpuScale
                0x0800abd8        0x8 .build/mpu6050.o
                0x0800abd8                mpuScale
 .rodata.ReceiveDataHandler.str1.4
                0x0800abe0       0x46 .build/BluetoothClassicComm.o
 *fill*         0x0800ac26        0x2 
 .rodata.NvmUpdateCallBacks
                0x0800ac28       0x3c .build/BluetoothClassicComm.o
 .rodata._global_impure_ptr
                0x0800ac64        0x4 e:/gnu_tools/gnu arm embedded toolchain/10 2021.10/bin/../lib/gcc/arm-none-eabi/10.3.1/../../../../arm-none-eabi/lib/thumb/v7e-m+fp/hard\libc_nano.a(lib_a-impure.o)
                0x0800ac64                _global_impure_ptr
 .rodata._printf_float.str1.1
                0x0800ac68       0x12 e:/gnu_tools/gnu arm embedded toolchain/10 2021.10/bin/../lib/gcc/arm-none-eabi/10.3.1/../../../../arm-none-eabi/lib/thumb/v7e-m+fp/hard\libc_nano.a(lib_a-nano-vfprintf_float.o)
 .rodata._printf_i.str1.1
                0x0800ac7a       0x22 e:/gnu_tools/gnu arm embedded toolchain/10 2021.10/bin/../lib/gcc/arm-none-eabi/10.3.1/../../../../arm-none-eabi/lib/thumb/v7e-m+fp/hard\libc_nano.a(lib_a-nano-vfprintf_i.o)
 .rodata._dtoa_r.str1.1
                0x0800ac9c       0xb3 e:/gnu_tools/gnu arm embedded toolchain/10 2021.10/bin/../lib/gcc/arm-none-eabi/10.3.1/../../../../arm-none-eabi/lib/thumb/v7e-m+fp/hard\libc_nano.a(lib_a-dtoa.o)
                                 0xb5 (size before relaxing)
 .rodata._Balloc.str1.1
                0x0800ad4f       0x7f e:/gnu_tools/gnu arm embedded toolchain/10 2021.10/bin/../lib/gcc/arm-none-eabi/10.3.1/../../../../arm-none-eabi/lib/thumb/v7e-m+fp/hard\libc_nano.a(lib_a-mprec.o)
                                 0x96 (size before relaxing)
 .rodata.__multadd.str1.1
                0x0800adce       0x11 e:/gnu_tools/gnu arm embedded toolchain/10 2021.10/bin/../lib/gcc/arm-none-eabi/10.3.1/../../../../arm-none-eabi/lib/thumb/v7e-m+fp/hard\libc_nano.a(lib_a-mprec.o)
 *fill*         0x0800adce        0x2 
 .rodata.__mprec_bigtens
                0x0800add0       0x28 e:/gnu_tools/gnu arm embedded toolchain/10 2021.10/bin/../lib/gcc/arm-none-eabi/10.3.1/../../../../arm-none-eabi/lib/thumb/v7e-m+fp/hard\libc_nano.a(lib_a-mprec.o)
                0x0800add0                __mprec_bigtens
 .rodata.__mprec_tens
                0x0800adf8       0xc8 e:/gnu_tools/gnu arm embedded toolchain/10 2021.10/bin/../lib/gcc/arm-none-eabi/10.3.1/../../../../arm-none-eabi/lib/thumb/v7e-m+fp/hard\libc_nano.a(lib_a-mprec.o)
                0x0800adf8                __mprec_tens
 .rodata.p05.0  0x0800aec0        0xc e:/gnu_tools/gnu arm embedded toolchain/10 2021.10/bin/../lib/gcc/arm-none-eabi/10.3.1/../../../../arm-none-eabi/lib/thumb/v7e-m+fp/hard\libc_nano.a(lib_a-mprec.o)
 .rodata._svfprintf_r.str1.1
                0x0800aecc       0x11 e:/gnu_tools/gnu arm embedded toolchain/10 2021.10/bin/../lib/gcc/arm-none-eabi/10.3.1/../../../../arm-none-eabi/lib/thumb/v7e-m+fp/hard\libc_nano.a(lib_a-nano-svfprintf.o)
 .rodata.__assert_func.str1.1
                0x0800aedd       0x3c e:/gnu_tools/gnu arm embedded toolchain/10 2021.10/bin/../lib/gcc/arm-none-eabi/10.3.1/../../../../arm-none-eabi/lib/thumb/v7e-m+fp/hard\libc_nano.a(lib_a-assert.o)
                                 0x3d (size before relaxing)
 .rodata._setlocale_r.str1.1
                0x0800af19        0x8 e:/gnu_tools/gnu arm embedded toolchain/10 2021.10/bin/../lib/gcc/arm-none-eabi/10.3.1/../../../../arm-none-eabi/lib/thumb/v7e-m+fp/hard\libc_nano.a(lib_a-locale.o)
                                  0x9 (size before relaxing)
 .rodata.str1.1
                0x0800af21        0x2 e:/gnu_tools/gnu arm embedded toolchain/10 2021.10/bin/../lib/gcc/arm-none-eabi/10.3.1/../../../../arm-none-eabi/lib/thumb/v7e-m+fp/hard\libc_nano.a(lib_a-locale.o)
 .rodata._vfprintf_r.str1.1
                0x0800af23       0x11 e:/gnu_tools/gnu arm embedded toolchain/10 2021.10/bin/../lib/gcc/arm-none-eabi/10.3.1/../../../../arm-none-eabi/lib/thumb/v7e-m+fp/hard\libc_nano.a(lib_a-nano-vfprintf.o)
 .rodata._ctype_
                0x0800af23      0x101 e:/gnu_tools/gnu arm embedded toolchain/10 2021.10/bin/../lib/gcc/arm-none-eabi/10.3.1/../../../../arm-none-eabi/lib/thumb/v7e-m+fp/hard\libc_nano.a(lib_a-ctype_.o)
                0x0800af23                _ctype_
 .rodata.__sf_fake_stderr
                0x0800b024       0x20 e:/gnu_tools/gnu arm embedded toolchain/10 2021.10/bin/../lib/gcc/arm-none-eabi/10.3.1/../../../../arm-none-eabi/lib/thumb/v7e-m+fp/hard\libc_nano.a(lib_a-findfp.o)
                0x0800b024                __sf_fake_stderr
 .rodata.__sf_fake_stdin
                0x0800b044       0x20 e:/gnu_tools/gnu arm embedded toolchain/10 2021.10/bin/../lib/gcc/arm-none-eabi/10.3.1/../../../../arm-none-eabi/lib/thumb/v7e-m+fp/hard\libc_nano.a(lib_a-findfp.o)
                0x0800b044                __sf_fake_stdin
 .rodata.__sf_fake_stdout
                0x0800b064       0x20 e:/gnu_tools/gnu arm embedded toolchain/10 2021.10/bin/../lib/gcc/arm-none-eabi/10.3.1/../../../../arm-none-eabi/lib/thumb/v7e-m+fp/hard\libc_nano.a(lib_a-findfp.o)
                0x0800b064                __sf_fake_stdout
 .rodata.asin.str1.4
                0x0800b084        0x1 e:/gnu_tools/gnu arm embedded toolchain/10 2021.10/bin/../lib/gcc/arm-none-eabi/10.3.1/../../../../arm-none-eabi/lib/thumb/v7e-m+fp/hard\libm.a(lib_a-w_asin.o)
 *fill*         0x0800b085        0x3 
 .rodata.CSWTCH.8
                0x0800b088       0x18 e:/gnu_tools/gnu arm embedded toolchain/10 2021.10/bin/../lib/gcc/arm-none-eabi/10.3.1/../../../../arm-none-eabi/lib/thumb/v7e-m+fp/hard\libm.a(lib_a-e_atan2.o)
 .rodata.CSWTCH.9
                0x0800b0a0       0x18 e:/gnu_tools/gnu arm embedded toolchain/10 2021.10/bin/../lib/gcc/arm-none-eabi/10.3.1/../../../../arm-none-eabi/lib/thumb/v7e-m+fp/hard\libm.a(lib_a-e_atan2.o)
 .rodata.npio2_hw
                0x0800b0b8       0x80 e:/gnu_tools/gnu arm embedded toolchain/10 2021.10/bin/../lib/gcc/arm-none-eabi/10.3.1/../../../../arm-none-eabi/lib/thumb/v7e-m+fp/hard\libm.a(lib_a-e_rem_pio2.o)
 .rodata.two_over_pi
                0x0800b138      0x108 e:/gnu_tools/gnu arm embedded toolchain/10 2021.10/bin/../lib/gcc/arm-none-eabi/10.3.1/../../../../arm-none-eabi/lib/thumb/v7e-m+fp/hard\libm.a(lib_a-e_rem_pio2.o)
 .rodata.PIo2   0x0800b240       0x40 e:/gnu_tools/gnu arm embedded toolchain/10 2021.10/bin/../lib/gcc/arm-none-eabi/10.3.1/../../../../arm-none-eabi/lib/thumb/v7e-m+fp/hard\libm.a(lib_a-k_rem_pio2.o)
 .rodata.init_jk
                0x0800b280       0x10 e:/gnu_tools/gnu arm embedded toolchain/10 2021.10/bin/../lib/gcc/arm-none-eabi/10.3.1/../../../../arm-none-eabi/lib/thumb/v7e-m+fp/hard\libm.a(lib_a-k_rem_pio2.o)
 .rodata.atanhi
                0x0800b290       0x20 e:/gnu_tools/gnu arm embedded toolchain/10 2021.10/bin/../lib/gcc/arm-none-eabi/10.3.1/../../../../arm-none-eabi/lib/thumb/v7e-m+fp/hard\libm.a(lib_a-s_atan.o)
 .rodata.atanlo
                0x0800b2b0       0x20 e:/gnu_tools/gnu arm embedded toolchain/10 2021.10/bin/../lib/gcc/arm-none-eabi/10.3.1/../../../../arm-none-eabi/lib/thumb/v7e-m+fp/hard\libm.a(lib_a-s_atan.o)
                0x0800b2d0                . = ALIGN (0x4)

.ARM.extab      0x0800b2d0        0x0
                0x0800b2d0                . = ALIGN (0x4)
 *(.ARM.extab* .gnu.linkonce.armextab.*)
                0x0800b2d0                . = ALIGN (0x4)

.ARM            0x0800b2d0        0x8
                0x0800b2d0                . = ALIGN (0x4)
                0x0800b2d0                __exidx_start = .
 *(.ARM.exidx*)
 .ARM.exidx     0x0800b2d0        0x8 e:/gnu_tools/gnu arm embedded toolchain/10 2021.10/bin/../lib/gcc/arm-none-eabi/10.3.1/thumb/v7e-m+fp/hard\libgcc.a(_udivmoddi4.o)
                0x0800b2d8                __exidx_end = .
                0x0800b2d8                . = ALIGN (0x4)

.rel.dyn        0x0800b2d8        0x0
 .rel.iplt      0x0800b2d8        0x0 e:/gnu_tools/gnu arm embedded toolchain/10 2021.10/bin/../lib/gcc/arm-none-eabi/10.3.1/thumb/v7e-m+fp/hard/crtbegin.o

.preinit_array  0x0800b2d8        0x0
                0x0800b2d8                . = ALIGN (0x4)
                0x0800b2d8                PROVIDE (__preinit_array_start = .)
 *(.preinit_array*)
                0x0800b2d8                PROVIDE (__preinit_array_end = .)
                0x0800b2d8                . = ALIGN (0x4)

.init_array     0x0800b2d8        0x4
                0x0800b2d8                . = ALIGN (0x4)
                0x0800b2d8                PROVIDE (__init_array_start = .)
 *(SORT_BY_NAME(.init_array.*))
 *(.init_array*)
 .init_array    0x0800b2d8        0x4 e:/gnu_tools/gnu arm embedded toolchain/10 2021.10/bin/../lib/gcc/arm-none-eabi/10.3.1/thumb/v7e-m+fp/hard/crtbegin.o
                0x0800b2dc                PROVIDE (__init_array_end = .)
                0x0800b2dc                . = ALIGN (0x4)

.fini_array     0x0800b2dc        0x4
                0x0800b2dc                . = ALIGN (0x4)
                [!provide]                PROVIDE (__fini_array_start = .)
 *(SORT_BY_NAME(.fini_array.*))
 *(.fini_array*)
 .fini_array    0x0800b2dc        0x4 e:/gnu_tools/gnu arm embedded toolchain/10 2021.10/bin/../lib/gcc/arm-none-eabi/10.3.1/thumb/v7e-m+fp/hard/crtbegin.o
                [!provide]                PROVIDE (__fini_array_end = .)
                0x0800b2e0                . = ALIGN (0x4)
                0x0800b2e0                _sidata = LOADADDR (.data)

.data           0x20000000      0x1e8 load address 0x0800b2e0
                0x20000000                . = ALIGN (0x4)
                0x20000000                _sdata = .
 *(.data)
 *(.data*)
 .data.gyroCalibValues
                0x20000000        0x6 .build/main.o
                0x20000000                gyroCalibValues
 .data.uwTickFreq
                0x20000006        0x1 .build/stm32f4xx_hal.o
                0x20000006                uwTickFreq
 *fill*         0x20000007        0x1 
 .data.uwTickPrio
                0x20000008        0x4 .build/stm32f4xx_hal.o
                0x20000008                uwTickPrio
 .data.SystemCoreClock
                0x2000000c        0x4 .build/system_stm32f4xx.o
                0x2000000c                SystemCoreClock
 .data.q0.5     0x20000010        0x4 .build/mpu6050.o
 .data.LoggingState
                0x20000014        0x1 .build/BluetoothClassicComm.o
 *fill*         0x20000015        0x3 
 .data._impure_ptr
                0x20000018        0x4 e:/gnu_tools/gnu arm embedded toolchain/10 2021.10/bin/../lib/gcc/arm-none-eabi/10.3.1/../../../../arm-none-eabi/lib/thumb/v7e-m+fp/hard\libc_nano.a(lib_a-impure.o)
                0x20000018                _impure_ptr
 .data.impure_data
                0x2000001c       0x60 e:/gnu_tools/gnu arm embedded toolchain/10 2021.10/bin/../lib/gcc/arm-none-eabi/10.3.1/../../../../arm-none-eabi/lib/thumb/v7e-m+fp/hard\libc_nano.a(lib_a-impure.o)
 .data.__global_locale
                0x2000007c      0x16c e:/gnu_tools/gnu arm embedded toolchain/10 2021.10/bin/../lib/gcc/arm-none-eabi/10.3.1/../../../../arm-none-eabi/lib/thumb/v7e-m+fp/hard\libc_nano.a(lib_a-locale.o)
                0x2000007c                __global_locale
 *(.RamFunc)
 *(.RamFunc*)
                0x200001e8                . = ALIGN (0x4)
                0x200001e8                _edata = .

.igot.plt       0x200001e8        0x0 load address 0x0800b4c8
 .igot.plt      0x200001e8        0x0 e:/gnu_tools/gnu arm embedded toolchain/10 2021.10/bin/../lib/gcc/arm-none-eabi/10.3.1/thumb/v7e-m+fp/hard/crtbegin.o
                0x200001e8                . = ALIGN (0x4)

.bss            0x200001e8     0x6380 load address 0x0800b4c8
                0x200001e8                _sbss = .
                0x200001e8                __bss_start__ = _sbss
 *(.bss)
 .bss           0x200001e8       0x1c e:/gnu_tools/gnu arm embedded toolchain/10 2021.10/bin/../lib/gcc/arm-none-eabi/10.3.1/thumb/v7e-m+fp/hard/crtbegin.o
 *(.bss*)
 .bss.BluImuBaseDataReport
                0x20000204       0x65 .build/main.o
                0x20000204                BluImuBaseDataReport
 *fill*         0x20000269        0x3 
 .bss.LogAccelTimer.0
                0x2000026c        0x4 .build/main.o
 .bss.MpuData   0x20000270       0x68 .build/main.o
                0x20000270                MpuData
 .bss.RecMpuDataCounter
                0x200002d8        0x4 .build/main.o
                0x200002d8                RecMpuDataCounter
 .bss.hdma_usart1_rx
                0x200002dc       0x60 .build/usart.o
                0x200002dc                hdma_usart1_rx
 .bss.hdma_usart1_tx
                0x2000033c       0x60 .build/usart.o
                0x2000033c                hdma_usart1_tx
 .bss.huart1    0x2000039c       0x44 .build/usart.o
                0x2000039c                huart1
 .bss.hdma_i2c1_rx
                0x200003e0       0x60 .build/i2c.o
                0x200003e0                hdma_i2c1_rx
 .bss.hdma_i2c1_tx
                0x20000440       0x60 .build/i2c.o
                0x20000440                hdma_i2c1_tx
 .bss.hi2c1     0x200004a0       0x54 .build/i2c.o
                0x200004a0                hi2c1
 .bss.uwTick    0x200004f4        0x4 .build/stm32f4xx_hal.o
                0x200004f4                uwTick
 .bss.i2c       0x200004f8        0x4 .build/mpu6050.o
                0x200004f8                i2c
 .bss.mpuDataScaled
                0x200004fc       0x18 .build/mpu6050.o
                0x200004fc                mpuDataScaled
 .bss.mpuRawDataBuffer
                0x20000514        0xe .build/mpu6050.o
                0x20000514                mpuRawDataBuffer
 *fill*         0x20000522        0x2 
 .bss.pAccX.3   0x20000524        0x4 .build/mpu6050.o
 .bss.pAccY.2   0x20000528        0x4 .build/mpu6050.o
 .bss.pAccZ.1   0x2000052c        0x4 .build/mpu6050.o
 .bss.prvPitch.10
                0x20000530        0x4 .build/mpu6050.o
 .bss.prvRoll.9
                0x20000534        0x4 .build/mpu6050.o
 .bss.prvYaw.11
                0x20000538        0x4 .build/mpu6050.o
 .bss.q1.8      0x2000053c        0x4 .build/mpu6050.o
 .bss.q2.7      0x20000540        0x4 .build/mpu6050.o
 .bss.q3.6      0x20000544        0x4 .build/mpu6050.o
 .bss.BLU_StatisticTimer.5
                0x20000548        0x4 .build/BluetoothClassicComm.o
 .bss.BleMainReceiveRingBuffer
                0x2000054c       0xcc .build/BluetoothClassicComm.o
 .bss.BluMainReceiveMessagesTab
                0x20000618     0x2ee0 .build/BluetoothClassicComm.o
 .bss.BluMainTransmitMessagesTab
                0x200034f8     0x2ee0 .build/BluetoothClassicComm.o
 .bss.BluMainTransmitRingBuffer
                0x200063d8       0x68 .build/BluetoothClassicComm.o
 .bss.DefaultBlindBuffer.10
                0x20006440       0x14 .build/BluetoothClassicComm.o
 .bss.LastReadRingBufferTime.7
                0x20006454        0x4 .build/BluetoothClassicComm.o
 .bss.LogDroppedFlag
                0x20006458        0x1 .build/BluetoothClassicComm.o
 *fill*         0x20006459        0x1 
 .bss.MainRingBufferOverFlowCounter.2
                0x2000645a        0x2 .build/BluetoothClassicComm.o
 .bss.MessageReceiveBufferAddress.11
                0x2000645c        0x4 .build/BluetoothClassicComm.o
 .bss.NewestImuDataReport
                0x20006460       0x65 .build/BluetoothClassicComm.o
 .bss.NvmDataUpdatedFlag.6
                0x200064c5        0x1 .build/BluetoothClassicComm.o
 *fill*         0x200064c6        0x2 
 .bss.PreviousDataTransmitTime.4
                0x200064c8        0x4 .build/BluetoothClassicComm.o
 .bss.PreviousReportTransmitTime.9
                0x200064cc        0x4 .build/BluetoothClassicComm.o
 .bss.Received50BytesAndHitIdleFlag
                0x200064d0        0x1 .build/BluetoothClassicComm.o
 *fill*         0x200064d1        0x3 
 .bss.RingBufferStatisticsHolder.3
                0x200064d4       0x78 .build/BluetoothClassicComm.o
 .bss.SyncId.0  0x2000654c        0x1 .build/BluetoothClassicComm.o
 .bss.SyncIdStat.1
                0x2000654d        0x1 .build/BluetoothClassicComm.o
 .bss.TransmisstedMessagesCounter
                0x2000654e        0x2 .build/BluetoothClassicComm.o
 .bss.UartBusyCounter
                0x20006550        0x2 .build/BluetoothClassicComm.o
 .bss._SyncID.8
                0x20006552        0x1 .build/BluetoothClassicComm.o
 *fill*         0x20006553        0x1 
 .bss.__malloc_free_list
                0x20006554        0x4 e:/gnu_tools/gnu arm embedded toolchain/10 2021.10/bin/../lib/gcc/arm-none-eabi/10.3.1/../../../../arm-none-eabi/lib/thumb/v7e-m+fp/hard\libc_nano.a(lib_a-nano-mallocr.o)
                0x20006554                __malloc_free_list
 .bss.__malloc_sbrk_start
                0x20006558        0x4 e:/gnu_tools/gnu arm embedded toolchain/10 2021.10/bin/../lib/gcc/arm-none-eabi/10.3.1/../../../../arm-none-eabi/lib/thumb/v7e-m+fp/hard\libc_nano.a(lib_a-nano-mallocr.o)
                0x20006558                __malloc_sbrk_start
 .bss.errno     0x2000655c        0x4 e:/gnu_tools/gnu arm embedded toolchain/10 2021.10/bin/../lib/gcc/arm-none-eabi/10.3.1/../../../../arm-none-eabi/lib/thumb/v7e-m+fp/hard\libc_nano.a(lib_a-reent.o)
                0x2000655c                errno
 .bss.__lock___malloc_recursive_mutex
                0x20006560        0x1 e:/gnu_tools/gnu arm embedded toolchain/10 2021.10/bin/../lib/gcc/arm-none-eabi/10.3.1/../../../../arm-none-eabi/lib/thumb/v7e-m+fp/hard\libc_nano.a(lib_a-lock.o)
                0x20006560                __lock___malloc_recursive_mutex
 .bss.__lock___sfp_recursive_mutex
                0x20006561        0x1 e:/gnu_tools/gnu arm embedded toolchain/10 2021.10/bin/../lib/gcc/arm-none-eabi/10.3.1/../../../../arm-none-eabi/lib/thumb/v7e-m+fp/hard\libc_nano.a(lib_a-lock.o)
                0x20006561                __lock___sfp_recursive_mutex
 .bss.__lock___sinit_recursive_mutex
                0x20006562        0x1 e:/gnu_tools/gnu arm embedded toolchain/10 2021.10/bin/../lib/gcc/arm-none-eabi/10.3.1/../../../../arm-none-eabi/lib/thumb/v7e-m+fp/hard\libc_nano.a(lib_a-lock.o)
                0x20006562                __lock___sinit_recursive_mutex
 *fill*         0x20006563        0x1 
 .bss.heap_end.0
                0x20006564        0x4 e:/gnu_tools/gnu arm embedded toolchain/10 2021.10/bin/../lib/gcc/arm-none-eabi/10.3.1/../../../../arm-none-eabi/lib/thumb/v7e-m+fp/hard\libnosys.a(sbrk.o)
 *(COMMON)
                0x20006568                . = ALIGN (0x4)
                0x20006568                _ebss = .
                0x20006568                __bss_end__ = _ebss

._user_heap_stack
                0x20006568      0x600 load address 0x0800b4c8
                0x20006568                . = ALIGN (0x8)
                0x20006568                PROVIDE (end = .)
                [!provide]                PROVIDE (_end = .)
                0x20006768                . = (. + _Min_Heap_Size)
 *fill*         0x20006568      0x200 
                0x20006b68                . = (. + _Min_Stack_Size)
 *fill*         0x20006768      0x400 
                0x20006b68                . = ALIGN (0x8)

/DISCARD/
 libc.a(*)
 libm.a(*)
 libgcc.a(*)

.ARM.attributes
                0x00000000       0x30
 *(.ARM.attributes)
 .ARM.attributes
                0x00000000       0x1e e:/gnu_tools/gnu arm embedded toolchain/10 2021.10/bin/../lib/gcc/arm-none-eabi/10.3.1/thumb/v7e-m+fp/hard/crti.o
 .ARM.attributes
                0x0000001e       0x34 e:/gnu_tools/gnu arm embedded toolchain/10 2021.10/bin/../lib/gcc/arm-none-eabi/10.3.1/thumb/v7e-m+fp/hard/crtbegin.o
 .ARM.attributes
                0x00000052       0x34 .build/main.o
 .ARM.attributes
                0x00000086       0x34 .build/gpio.o
 .ARM.attributes
                0x000000ba       0x34 .build/usart.o
 .ARM.attributes
                0x000000ee       0x34 .build/dma.o
 .ARM.attributes
                0x00000122       0x34 .build/i2c.o
 .ARM.attributes
                0x00000156       0x34 .build/stm32f4xx_it.o
 .ARM.attributes
                0x0000018a       0x34 .build/stm32f4xx_hal_msp.o
 .ARM.attributes
                0x000001be       0x34 .build/stm32f4xx_hal_i2c.o
 .ARM.attributes
                0x000001f2       0x34 .build/stm32f4xx_hal_rcc.o
 .ARM.attributes
                0x00000226       0x34 .build/stm32f4xx_hal_gpio.o
 .ARM.attributes
                0x0000025a       0x34 .build/stm32f4xx_hal_dma.o
 .ARM.attributes
                0x0000028e       0x34 .build/stm32f4xx_hal_cortex.o
 .ARM.attributes
                0x000002c2       0x34 .build/stm32f4xx_hal.o
 .ARM.attributes
                0x000002f6       0x34 .build/stm32f4xx_hal_uart.o
 .ARM.attributes
                0x0000032a       0x34 .build/system_stm32f4xx.o
 .ARM.attributes
                0x0000035e       0x34 .build/mpu6050.o
 .ARM.attributes
                0x00000392       0x34 .build/BluetoothClassicComm.o
 .ARM.attributes
                0x000003c6       0x21 .build/startup_stm32f401xc.o
 .ARM.attributes
                0x000003e7       0x34 e:/gnu_tools/gnu arm embedded toolchain/10 2021.10/bin/../lib/gcc/arm-none-eabi/10.3.1/../../../../arm-none-eabi/lib/thumb/v7e-m+fp/hard\libc_nano.a(lib_a-impure.o)
 .ARM.attributes
                0x0000041b       0x34 e:/gnu_tools/gnu arm embedded toolchain/10 2021.10/bin/../lib/gcc/arm-none-eabi/10.3.1/../../../../arm-none-eabi/lib/thumb/v7e-m+fp/hard\libc_nano.a(lib_a-init.o)
 .ARM.attributes
                0x0000044f       0x34 e:/gnu_tools/gnu arm embedded toolchain/10 2021.10/bin/../lib/gcc/arm-none-eabi/10.3.1/../../../../arm-none-eabi/lib/thumb/v7e-m+fp/hard\libc_nano.a(lib_a-memcpy-stub.o)
 .ARM.attributes
                0x00000483       0x34 e:/gnu_tools/gnu arm embedded toolchain/10 2021.10/bin/../lib/gcc/arm-none-eabi/10.3.1/../../../../arm-none-eabi/lib/thumb/v7e-m+fp/hard\libc_nano.a(lib_a-memset.o)
 .ARM.attributes
                0x000004b7       0x34 e:/gnu_tools/gnu arm embedded toolchain/10 2021.10/bin/../lib/gcc/arm-none-eabi/10.3.1/../../../../arm-none-eabi/lib/thumb/v7e-m+fp/hard\libc_nano.a(lib_a-nano-vfprintf_float.o)
 .ARM.attributes
                0x000004eb       0x34 e:/gnu_tools/gnu arm embedded toolchain/10 2021.10/bin/../lib/gcc/arm-none-eabi/10.3.1/../../../../arm-none-eabi/lib/thumb/v7e-m+fp/hard\libc_nano.a(lib_a-nano-vfprintf_i.o)
 .ARM.attributes
                0x0000051f       0x17 e:/gnu_tools/gnu arm embedded toolchain/10 2021.10/bin/../lib/gcc/arm-none-eabi/10.3.1/../../../../arm-none-eabi/lib/thumb/v7e-m+fp/hard\libc_nano.a(lib_a-strlen.o)
 .ARM.attributes
                0x00000536       0x34 e:/gnu_tools/gnu arm embedded toolchain/10 2021.10/bin/../lib/gcc/arm-none-eabi/10.3.1/../../../../arm-none-eabi/lib/thumb/v7e-m+fp/hard\libc_nano.a(lib_a-vsprintf.o)
 .ARM.attributes
                0x0000056a       0x34 e:/gnu_tools/gnu arm embedded toolchain/10 2021.10/bin/../lib/gcc/arm-none-eabi/10.3.1/../../../../arm-none-eabi/lib/thumb/v7e-m+fp/hard\libc_nano.a(lib_a-dtoa.o)
 .ARM.attributes
                0x0000059e       0x34 e:/gnu_tools/gnu arm embedded toolchain/10 2021.10/bin/../lib/gcc/arm-none-eabi/10.3.1/../../../../arm-none-eabi/lib/thumb/v7e-m+fp/hard\libc_nano.a(lib_a-localeconv.o)
 .ARM.attributes
                0x000005d2       0x34 e:/gnu_tools/gnu arm embedded toolchain/10 2021.10/bin/../lib/gcc/arm-none-eabi/10.3.1/../../../../arm-none-eabi/lib/thumb/v7e-m+fp/hard\libc_nano.a(lib_a-malloc.o)
 .ARM.attributes
                0x00000606       0x1c e:/gnu_tools/gnu arm embedded toolchain/10 2021.10/bin/../lib/gcc/arm-none-eabi/10.3.1/../../../../arm-none-eabi/lib/thumb/v7e-m+fp/hard\libc_nano.a(lib_a-memchr.o)
 .ARM.attributes
                0x00000622       0x34 e:/gnu_tools/gnu arm embedded toolchain/10 2021.10/bin/../lib/gcc/arm-none-eabi/10.3.1/../../../../arm-none-eabi/lib/thumb/v7e-m+fp/hard\libc_nano.a(lib_a-mprec.o)
 .ARM.attributes
                0x00000656       0x34 e:/gnu_tools/gnu arm embedded toolchain/10 2021.10/bin/../lib/gcc/arm-none-eabi/10.3.1/../../../../arm-none-eabi/lib/thumb/v7e-m+fp/hard\libc_nano.a(lib_a-nano-callocr.o)
 .ARM.attributes
                0x0000068a       0x34 e:/gnu_tools/gnu arm embedded toolchain/10 2021.10/bin/../lib/gcc/arm-none-eabi/10.3.1/../../../../arm-none-eabi/lib/thumb/v7e-m+fp/hard\libc_nano.a(lib_a-nano-freer.o)
 .ARM.attributes
                0x000006be       0x34 e:/gnu_tools/gnu arm embedded toolchain/10 2021.10/bin/../lib/gcc/arm-none-eabi/10.3.1/../../../../arm-none-eabi/lib/thumb/v7e-m+fp/hard\libc_nano.a(lib_a-nano-mallocr.o)
 .ARM.attributes
                0x000006f2       0x34 e:/gnu_tools/gnu arm embedded toolchain/10 2021.10/bin/../lib/gcc/arm-none-eabi/10.3.1/../../../../arm-none-eabi/lib/thumb/v7e-m+fp/hard\libc_nano.a(lib_a-nano-svfprintf.o)
 .ARM.attributes
                0x00000726       0x34 e:/gnu_tools/gnu arm embedded toolchain/10 2021.10/bin/../lib/gcc/arm-none-eabi/10.3.1/../../../../arm-none-eabi/lib/thumb/v7e-m+fp/hard\libc_nano.a(lib_a-sbrkr.o)
 .ARM.attributes
                0x0000075a       0x34 e:/gnu_tools/gnu arm embedded toolchain/10 2021.10/bin/../lib/gcc/arm-none-eabi/10.3.1/../../../../arm-none-eabi/lib/thumb/v7e-m+fp/hard\libc_nano.a(lib_a-assert.o)
 .ARM.attributes
                0x0000078e       0x34 e:/gnu_tools/gnu arm embedded toolchain/10 2021.10/bin/../lib/gcc/arm-none-eabi/10.3.1/../../../../arm-none-eabi/lib/thumb/v7e-m+fp/hard\libc_nano.a(lib_a-fprintf.o)
 .ARM.attributes
                0x000007c2       0x34 e:/gnu_tools/gnu arm embedded toolchain/10 2021.10/bin/../lib/gcc/arm-none-eabi/10.3.1/../../../../arm-none-eabi/lib/thumb/v7e-m+fp/hard\libc_nano.a(lib_a-locale.o)
 .ARM.attributes
                0x000007f6       0x34 e:/gnu_tools/gnu arm embedded toolchain/10 2021.10/bin/../lib/gcc/arm-none-eabi/10.3.1/../../../../arm-none-eabi/lib/thumb/v7e-m+fp/hard\libc_nano.a(lib_a-mbtowc_r.o)
 .ARM.attributes
                0x0000082a       0x34 e:/gnu_tools/gnu arm embedded toolchain/10 2021.10/bin/../lib/gcc/arm-none-eabi/10.3.1/../../../../arm-none-eabi/lib/thumb/v7e-m+fp/hard\libc_nano.a(lib_a-memmove.o)
 .ARM.attributes
                0x0000085e       0x34 e:/gnu_tools/gnu arm embedded toolchain/10 2021.10/bin/../lib/gcc/arm-none-eabi/10.3.1/../../../../arm-none-eabi/lib/thumb/v7e-m+fp/hard\libc_nano.a(lib_a-mlock.o)
 .ARM.attributes
                0x00000892       0x34 e:/gnu_tools/gnu arm embedded toolchain/10 2021.10/bin/../lib/gcc/arm-none-eabi/10.3.1/../../../../arm-none-eabi/lib/thumb/v7e-m+fp/hard\libc_nano.a(lib_a-nano-reallocr.o)
 .ARM.attributes
                0x000008c6       0x34 e:/gnu_tools/gnu arm embedded toolchain/10 2021.10/bin/../lib/gcc/arm-none-eabi/10.3.1/../../../../arm-none-eabi/lib/thumb/v7e-m+fp/hard\libc_nano.a(lib_a-nano-vfprintf.o)
 .ARM.attributes
                0x000008fa       0x34 e:/gnu_tools/gnu arm embedded toolchain/10 2021.10/bin/../lib/gcc/arm-none-eabi/10.3.1/../../../../arm-none-eabi/lib/thumb/v7e-m+fp/hard\libc_nano.a(lib_a-reent.o)
 .ARM.attributes
                0x0000092e       0x34 e:/gnu_tools/gnu arm embedded toolchain/10 2021.10/bin/../lib/gcc/arm-none-eabi/10.3.1/../../../../arm-none-eabi/lib/thumb/v7e-m+fp/hard\libc_nano.a(lib_a-wbuf.o)
 .ARM.attributes
                0x00000962       0x34 e:/gnu_tools/gnu arm embedded toolchain/10 2021.10/bin/../lib/gcc/arm-none-eabi/10.3.1/../../../../arm-none-eabi/lib/thumb/v7e-m+fp/hard\libc_nano.a(lib_a-wctomb_r.o)
 .ARM.attributes
                0x00000996       0x34 e:/gnu_tools/gnu arm embedded toolchain/10 2021.10/bin/../lib/gcc/arm-none-eabi/10.3.1/../../../../arm-none-eabi/lib/thumb/v7e-m+fp/hard\libc_nano.a(lib_a-wsetup.o)
 .ARM.attributes
                0x000009ca       0x34 e:/gnu_tools/gnu arm embedded toolchain/10 2021.10/bin/../lib/gcc/arm-none-eabi/10.3.1/../../../../arm-none-eabi/lib/thumb/v7e-m+fp/hard\libc_nano.a(lib_a-abort.o)
 .ARM.attributes
                0x000009fe       0x34 e:/gnu_tools/gnu arm embedded toolchain/10 2021.10/bin/../lib/gcc/arm-none-eabi/10.3.1/../../../../arm-none-eabi/lib/thumb/v7e-m+fp/hard\libc_nano.a(lib_a-ctype_.o)
 .ARM.attributes
                0x00000a32       0x34 e:/gnu_tools/gnu arm embedded toolchain/10 2021.10/bin/../lib/gcc/arm-none-eabi/10.3.1/../../../../arm-none-eabi/lib/thumb/v7e-m+fp/hard\libc_nano.a(lib_a-fflush.o)
 .ARM.attributes
                0x00000a66       0x34 e:/gnu_tools/gnu arm embedded toolchain/10 2021.10/bin/../lib/gcc/arm-none-eabi/10.3.1/../../../../arm-none-eabi/lib/thumb/v7e-m+fp/hard\libc_nano.a(lib_a-findfp.o)
 .ARM.attributes
                0x00000a9a       0x34 e:/gnu_tools/gnu arm embedded toolchain/10 2021.10/bin/../lib/gcc/arm-none-eabi/10.3.1/../../../../arm-none-eabi/lib/thumb/v7e-m+fp/hard\libc_nano.a(lib_a-fwalk.o)
 .ARM.attributes
                0x00000ace       0x34 e:/gnu_tools/gnu arm embedded toolchain/10 2021.10/bin/../lib/gcc/arm-none-eabi/10.3.1/../../../../arm-none-eabi/lib/thumb/v7e-m+fp/hard\libc_nano.a(lib_a-lock.o)
 .ARM.attributes
                0x00000b02       0x34 e:/gnu_tools/gnu arm embedded toolchain/10 2021.10/bin/../lib/gcc/arm-none-eabi/10.3.1/../../../../arm-none-eabi/lib/thumb/v7e-m+fp/hard\libc_nano.a(lib_a-makebuf.o)
 .ARM.attributes
                0x00000b36       0x34 e:/gnu_tools/gnu arm embedded toolchain/10 2021.10/bin/../lib/gcc/arm-none-eabi/10.3.1/../../../../arm-none-eabi/lib/thumb/v7e-m+fp/hard\libc_nano.a(lib_a-nano-msizer.o)
 .ARM.attributes
                0x00000b6a       0x34 e:/gnu_tools/gnu arm embedded toolchain/10 2021.10/bin/../lib/gcc/arm-none-eabi/10.3.1/../../../../arm-none-eabi/lib/thumb/v7e-m+fp/hard\libc_nano.a(lib_a-signal.o)
 .ARM.attributes
                0x00000b9e       0x34 e:/gnu_tools/gnu arm embedded toolchain/10 2021.10/bin/../lib/gcc/arm-none-eabi/10.3.1/../../../../arm-none-eabi/lib/thumb/v7e-m+fp/hard\libc_nano.a(lib_a-signalr.o)
 .ARM.attributes
                0x00000bd2       0x34 e:/gnu_tools/gnu arm embedded toolchain/10 2021.10/bin/../lib/gcc/arm-none-eabi/10.3.1/../../../../arm-none-eabi/lib/thumb/v7e-m+fp/hard\libc_nano.a(lib_a-stdio.o)
 .ARM.attributes
                0x00000c06       0x34 e:/gnu_tools/gnu arm embedded toolchain/10 2021.10/bin/../lib/gcc/arm-none-eabi/10.3.1/../../../../arm-none-eabi/lib/thumb/v7e-m+fp/hard\libc_nano.a(lib_a-writer.o)
 .ARM.attributes
                0x00000c3a       0x34 e:/gnu_tools/gnu arm embedded toolchain/10 2021.10/bin/../lib/gcc/arm-none-eabi/10.3.1/../../../../arm-none-eabi/lib/thumb/v7e-m+fp/hard\libc_nano.a(lib_a-closer.o)
 .ARM.attributes
                0x00000c6e       0x34 e:/gnu_tools/gnu arm embedded toolchain/10 2021.10/bin/../lib/gcc/arm-none-eabi/10.3.1/../../../../arm-none-eabi/lib/thumb/v7e-m+fp/hard\libc_nano.a(lib_a-fstatr.o)
 .ARM.attributes
                0x00000ca2       0x34 e:/gnu_tools/gnu arm embedded toolchain/10 2021.10/bin/../lib/gcc/arm-none-eabi/10.3.1/../../../../arm-none-eabi/lib/thumb/v7e-m+fp/hard\libc_nano.a(lib_a-isattyr.o)
 .ARM.attributes
                0x00000cd6       0x34 e:/gnu_tools/gnu arm embedded toolchain/10 2021.10/bin/../lib/gcc/arm-none-eabi/10.3.1/../../../../arm-none-eabi/lib/thumb/v7e-m+fp/hard\libc_nano.a(lib_a-lseekr.o)
 .ARM.attributes
                0x00000d0a       0x34 e:/gnu_tools/gnu arm embedded toolchain/10 2021.10/bin/../lib/gcc/arm-none-eabi/10.3.1/../../../../arm-none-eabi/lib/thumb/v7e-m+fp/hard\libc_nano.a(lib_a-readr.o)
 .ARM.attributes
                0x00000d3e       0x34 e:/gnu_tools/gnu arm embedded toolchain/10 2021.10/bin/../lib/gcc/arm-none-eabi/10.3.1/../../../../arm-none-eabi/lib/thumb/v7e-m+fp/hard\libm.a(lib_a-s_cos.o)
 .ARM.attributes
                0x00000d72       0x34 e:/gnu_tools/gnu arm embedded toolchain/10 2021.10/bin/../lib/gcc/arm-none-eabi/10.3.1/../../../../arm-none-eabi/lib/thumb/v7e-m+fp/hard\libm.a(lib_a-s_sin.o)
 .ARM.attributes
                0x00000da6       0x34 e:/gnu_tools/gnu arm embedded toolchain/10 2021.10/bin/../lib/gcc/arm-none-eabi/10.3.1/../../../../arm-none-eabi/lib/thumb/v7e-m+fp/hard\libm.a(lib_a-w_asin.o)
 .ARM.attributes
                0x00000dda       0x34 e:/gnu_tools/gnu arm embedded toolchain/10 2021.10/bin/../lib/gcc/arm-none-eabi/10.3.1/../../../../arm-none-eabi/lib/thumb/v7e-m+fp/hard\libm.a(lib_a-w_atan2.o)
 .ARM.attributes
                0x00000e0e       0x34 e:/gnu_tools/gnu arm embedded toolchain/10 2021.10/bin/../lib/gcc/arm-none-eabi/10.3.1/../../../../arm-none-eabi/lib/thumb/v7e-m+fp/hard\libm.a(lib_a-e_asin.o)
 .ARM.attributes
                0x00000e42       0x34 e:/gnu_tools/gnu arm embedded toolchain/10 2021.10/bin/../lib/gcc/arm-none-eabi/10.3.1/../../../../arm-none-eabi/lib/thumb/v7e-m+fp/hard\libm.a(lib_a-e_atan2.o)
 .ARM.attributes
                0x00000e76       0x34 e:/gnu_tools/gnu arm embedded toolchain/10 2021.10/bin/../lib/gcc/arm-none-eabi/10.3.1/../../../../arm-none-eabi/lib/thumb/v7e-m+fp/hard\libm.a(lib_a-e_rem_pio2.o)
 .ARM.attributes