Archive member included to satisfy reference by file (symbol)

e:/gnu_tools/gnu arm embedded toolchain/10 2021.10/bin/../lib/gcc/arm-none-eabi/10.3.1/../../../../arm-none-eabi/lib/thumb/v7e-m+fp/hard\libc_nano.a(lib_a-exit.o)
                              e:/gnu_tools/gnu arm embedded toolchain/10 2021.10/bin/../lib/gcc/arm-none-eabi/10.3.1/../../../../arm-none-eabi/lib/thumb/v7e-m+fp/hard/crt0.o (exit)
e:/gnu_tools/gnu arm embedded toolchain/10 2021.10/bin/../lib/gcc/arm-none-eabi/10.3.1/../../../../arm-none-eabi/lib/thumb/v7e-m+fp/hard\libc_nano.a(lib_a-impure.o)
                              e:/gnu_tools/gnu arm embedded toolchain/10 2021.10/bin/../lib/gcc/arm-none-eabi/10.3.1/../../../../arm-none-eabi/lib/thumb/v7e-m+fp/hard\libc_nano.a(lib_a-exit.o) (_global_impure_ptr)
e:/gnu_tools/gnu arm embedded toolchain/10 2021.10/bin/../lib/gcc/arm-none-eabi/10.3.1/../../../../arm-none-eabi/lib/thumb/v7e-m+fp/hard\libc_nano.a(lib_a-init.o)
                              e:/gnu_tools/gnu arm embedded toolchain/10 2021.10/bin/../lib/gcc/arm-none-eabi/10.3.1/../../../../arm-none-eabi/lib/thumb/v7e-m+fp/hard/crt0.o (__libc_init_array)
e:/gnu_tools/gnu arm embedded toolchain/10 2021.10/bin/../lib/gcc/arm-none-eabi/10.3.1/../../../../arm-none-eabi/lib/thumb/v7e-m+fp/hard\libc_nano.a(lib_a-memset.o)
                              e:/gnu_tools/gnu arm embedded toolchain/10 2021.10/bin/../lib/gcc/arm-none-eabi/10.3.1/../../../../arm-none-eabi/lib/thumb/v7e-m+fp/hard/crt0.o (memset)
e:/gnu_tools/gnu arm embedded toolchain/10 2021.10/bin/../lib/gcc/arm-none-eabi/10.3.1/../../../../arm-none-eabi/lib/thumb/v7e-m+fp/hard\libc_nano.a(lib_a-vsprintf.o)
                              .build/BluetoothClassicComm.o (vsprintf)
e:/gnu_tools/gnu arm embedded toolchain/10 2021.10/bin/../lib/gcc/arm-none-eabi/10.3.1/../../../../arm-none-eabi/lib/thumb/v7e-m+fp/hard\libc_nano.a(lib_a-nano-svfprintf.o)
                              e:/gnu_tools/gnu arm embedded toolchain/10 2021.10/bin/../lib/gcc/arm-none-eabi/10.3.1/../../../../arm-none-eabi/lib/thumb/v7e-m+fp/hard\libc_nano.a(lib_a-vsprintf.o) (_svfprintf_r)
e:/gnu_tools/gnu arm embedded toolchain/10 2021.10/bin/../lib/gcc/arm-none-eabi/10.3.1/../../../../arm-none-eabi/lib/thumb/v7e-m+fp/hard\libc_nano.a(lib_a-nano-vfprintf_i.o)
                              e:/gnu_tools/gnu arm embedded toolchain/10 2021.10/bin/../lib/gcc/arm-none-eabi/10.3.1/../../../../arm-none-eabi/lib/thumb/v7e-m+fp/hard\libc_nano.a(lib_a-nano-svfprintf.o) (_printf_i)
e:/gnu_tools/gnu arm embedded toolchain/10 2021.10/bin/../lib/gcc/arm-none-eabi/10.3.1/../../../../arm-none-eabi/lib/thumb/v7e-m+fp/hard\libc_nano.a(lib_a-memchr.o)
                              e:/gnu_tools/gnu arm embedded toolchain/10 2021.10/bin/../lib/gcc/arm-none-eabi/10.3.1/../../../../arm-none-eabi/lib/thumb/v7e-m+fp/hard\libc_nano.a(lib_a-nano-svfprintf.o) (memchr)
e:/gnu_tools/gnu arm embedded toolchain/10 2021.10/bin/../lib/gcc/arm-none-eabi/10.3.1/../../../../arm-none-eabi/lib/thumb/v7e-m+fp/hard\libc_nano.a(lib_a-memcpy-stub.o)
                              e:/gnu_tools/gnu arm embedded toolchain/10 2021.10/bin/../lib/gcc/arm-none-eabi/10.3.1/../../../../arm-none-eabi/lib/thumb/v7e-m+fp/hard\libc_nano.a(lib_a-nano-svfprintf.o) (memcpy)
e:/gnu_tools/gnu arm embedded toolchain/10 2021.10/bin/../lib/gcc/arm-none-eabi/10.3.1/../../../../arm-none-eabi/lib/thumb/v7e-m+fp/hard\libc_nano.a(lib_a-memmove.o)
                              e:/gnu_tools/gnu arm embedded toolchain/10 2021.10/bin/../lib/gcc/arm-none-eabi/10.3.1/../../../../arm-none-eabi/lib/thumb/v7e-m+fp/hard\libc_nano.a(lib_a-nano-svfprintf.o) (memmove)
e:/gnu_tools/gnu arm embedded toolchain/10 2021.10/bin/../lib/gcc/arm-none-eabi/10.3.1/../../../../arm-none-eabi/lib/thumb/v7e-m+fp/hard\libc_nano.a(lib_a-nano-freer.o)
                              e:/gnu_tools/gnu arm embedded toolchain/10 2021.10/bin/../lib/gcc/arm-none-eabi/10.3.1/../../../../arm-none-eabi/lib/thumb/v7e-m+fp/hard\libc_nano.a(lib_a-nano-svfprintf.o) (_free_r)
e:/gnu_tools/gnu arm embedded toolchain/10 2021.10/bin/../lib/gcc/arm-none-eabi/10.3.1/../../../../arm-none-eabi/lib/thumb/v7e-m+fp/hard\libc_nano.a(lib_a-nano-mallocr.o)
                              e:/gnu_tools/gnu arm embedded toolchain/10 2021.10/bin/../lib/gcc/arm-none-eabi/10.3.1/../../../../arm-none-eabi/lib/thumb/v7e-m+fp/hard\libc_nano.a(lib_a-nano-svfprintf.o) (_malloc_r)
e:/gnu_tools/gnu arm embedded toolchain/10 2021.10/bin/../lib/gcc/arm-none-eabi/10.3.1/../../../../arm-none-eabi/lib/thumb/v7e-m+fp/hard\libc_nano.a(lib_a-nano-reallocr.o)
                              e:/gnu_tools/gnu arm embedded toolchain/10 2021.10/bin/../lib/gcc/arm-none-eabi/10.3.1/../../../../arm-none-eabi/lib/thumb/v7e-m+fp/hard\libc_nano.a(lib_a-nano-svfprintf.o) (_realloc_r)
e:/gnu_tools/gnu arm embedded toolchain/10 2021.10/bin/../lib/gcc/arm-none-eabi/10.3.1/../../../../arm-none-eabi/lib/thumb/v7e-m+fp/hard\libc_nano.a(lib_a-sbrkr.o)
[...]
Memory Configuration

Name             Origin             Length             Attributes
RAM              0x20000000         0x00010000         xrw
FLASH            0x08000000         0x00040000         xr
*default*        0x00000000         0xffffffff

Linker script and memory map

LOAD e:/gnu_tools/gnu arm embedded toolchain/10 2021.10/bin/../lib/gcc/arm-none-eabi/10.3.1/thumb/v7e-m+fp/hard/crti.o
LOAD e:/gnu_tools/gnu arm embedded toolchain/10 2021.10/bin/../lib/gcc/arm-none-eabi/10.3.1/thumb/v7e-m+fp/hard/crtbegin.o
LOAD e:/gnu_tools/gnu arm embedded toolchain/10 2021.10/bin/../lib/gcc/arm-none-eabi/10.3.1/../../../../arm-none-eabi/lib/thumb/v7e-m+fp/hard/crt0.o
LOAD .build/main.o
LOAD .build/gpio.o
LOAD .build/usart.o
LOAD .build/dma.o
LOAD .build/i2c.o
LOAD .build/stm32f4xx_it.o
LOAD .build/stm32f4xx_hal_msp.o
LOAD .build/stm32f4xx_hal_i2c.o
LOAD .build/stm32f4xx_hal_i2c_ex.o
LOAD .build/stm32f4xx_hal_rcc.o
LOAD .build/stm32f4xx_hal_rcc_ex.o
LOAD .build/stm32f4xx_hal_flash.o
LOAD .build/stm32f4xx_hal_flash_ex.o
LOAD .build/stm32f4xx_hal_flash_ramfunc.o
LOAD .build/stm32f4xx_hal_gpio.o
LOAD .build/stm32f4xx_hal_dma_ex.o
LOAD .build/stm32f4xx_hal_dma.o
LOAD .build/stm32f4xx_hal_pwr.o
LOAD .build/stm32f4xx_hal_pwr_ex.o
LOAD .build/stm32f4xx_hal_cortex.o
LOAD .build/stm32f4xx_hal.o
LOAD .build/stm32f4xx_hal_exti.o
LOAD .build/stm32f4xx_hal_uart.o
LOAD .build/system_stm32f4xx.o
LOAD .build/mpu6050.o
LOAD .build/BluetoothClassicComm.o
LOAD .build/startup_stm32f401xc.o
LOAD e:/gnu_tools/gnu arm embedded toolchain/10 2021.10/bin/../lib/gcc/arm-none-eabi/10.3.1/../../../../arm-none-eabi/lib/thumb/v7e-m+fp/hard\libc_nano.a
LOAD e:/gnu_tools/gnu arm embedded toolchain/10 2021.10/bin/../lib/gcc/arm-none-eabi/10.3.1/../../../../arm-none-eabi/lib/thumb/v7e-m+fp/hard\libm.a
LOAD e:/gnu_tools/gnu arm embedded toolchain/10 2021.10/bin/../lib/gcc/arm-none-eabi/10.3.1/../../../../arm-none-eabi/lib/thumb/v7e-m+fp/hard\libnosys.a
START GROUP
LOAD e:/gnu_tools/gnu arm embedded toolchain/10 2021.10/bin/../lib/gcc/arm-none-eabi/10.3.1/thumb/v7e-m+fp/hard\libgcc.a
LOAD e:/gnu_tools/gnu arm embedded toolchain/10 2021.10/bin/../lib/gcc/arm-none-eabi/10.3.1/../../../../arm-none-eabi/lib/thumb/v7e-m+fp/hard\libc_nano.a
END GROUP
START GROUP
LOAD e:/gnu_tools/gnu arm embedded toolchain/10 2021.10/bin/../lib/gcc/arm-none-eabi/10.3.1/thumb/v7e-m+fp/hard\libgcc.a
LOAD e:/gnu_tools/gnu arm embedded toolchain/10 2021.10/bin/../lib/gcc/arm-none-eabi/10.3.1/../../../../arm-none-eabi/lib/thumb/v7e-m+fp/hard\libc_nano.a
END GROUP
LOAD e:/gnu_tools/gnu arm embedded toolchain/10 2021.10/bin/../lib/gcc/arm-none-eabi/10.3.1/thumb/v7e-m+fp/hard/crtend.o
LOAD e:/gnu_tools/gnu arm embedded toolchain/10 2021.10/bin/../lib/gcc/arm-none-eabi/10.3.1/thumb/v7e-m+fp/hard/crtn.o
                0x20010000                _estack = (ORIGIN (RAM) + LENGTH (RAM))
                0x00000200                _Min_Heap_Size = 0x200
                0x00000400                _Min_Stack_Size = 0x400

.isr_vector     0x08000000      0x194
                0x08000000                . = ALIGN (0x4)
 *(.isr_vector)
 .isr_vector    0x08000000      0x194 .build/startup_stm32f401xc.o
                0x08000000                g_pfnVectors
                0x08000194                . = ALIGN (0x4)

.text           0x080001a0     0x82fc
                0x080001a0                . = ALIGN (0x4)
 *(.text)
 .text          0x080001a0       0x40 e:/gnu_tools/gnu arm embedded toolchain/10 2021.10/bin/../lib/gcc/arm-none-eabi/10.3.1/thumb/v7e-m+fp/hard/crtbegin.o
 .text          0x080001e0       0xa0 e:/gnu_tools/gnu arm embedded toolchain/10 2021.10/bin/../lib/gcc/arm-none-eabi/10.3.1/../../../../arm-none-eabi/lib/thumb/v7e-m+fp/hard\libc_nano.a(lib_a-memchr.o)
                0x080001e0                memchr
 .text          0x08000280      0x378 e:/gnu_tools/gnu arm embedded toolchain/10 2021.10/bin/../lib/gcc/arm-none-eabi/10.3.1/thumb/v7e-m+fp/hard\libgcc.a(_arm_addsubdf3.o)
                0x08000280                __aeabi_drsub
                0x08000288                __aeabi_dsub
                0x08000288                __subdf3
                0x0800028c                __aeabi_dadd
                0x0800028c                __adddf3
                0x08000504                __floatunsidf
                0x08000504                __aeabi_ui2d
                0x08000524                __floatsidf
                0x08000524                __aeabi_i2d
                0x08000548                __aeabi_f2d
                0x08000548                __extendsfdf2
                0x0800058c                __floatundidf
                0x0800058c                __aeabi_ul2d
                0x0800059c                __floatdidf
                0x0800059c                __aeabi_l2d
 .text          0x080005f8      0x424 e:/gnu_tools/gnu arm embedded toolchain/10 2021.10/bin/../lib/gcc/arm-none-eabi/10.3.1/thumb/v7e-m+fp/hard\libgcc.a(_arm_muldivdf3.o)
                0x080005f8                __aeabi_dmul
                0x080005f8                __muldf3
                0x0800084c                __divdf3
                0x0800084c                __aeabi_ddiv
 .text          0x08000a1c      0x110 e:/gnu_tools/gnu arm embedded toolchain/10 2021.10/bin/../lib/gcc/arm-none-eabi/10.3.1/thumb/v7e-m+fp/hard\libgcc.a(_arm_cmpdf2.o)
                0x08000a1c                __gtdf2
                0x08000a1c                __gedf2
                0x08000a24                __ltdf2
                0x08000a24                __ledf2
                0x08000a2c                __nedf2
                0x08000a2c                __eqdf2
                0x08000a2c                __cmpdf2
                0x08000aa8                __aeabi_cdrcmple
                0x08000ab8                __aeabi_cdcmpeq
                0x08000ab8                __aeabi_cdcmple
                0x08000ac8                __aeabi_dcmpeq
                0x08000adc                __aeabi_dcmplt
                0x08000af0                __aeabi_dcmple
                0x08000b04                __aeabi_dcmpge
                0x08000b18                __aeabi_dcmpgt
 .text          0x08000b2c       0x2c e:/gnu_tools/gnu arm embedded toolchain/10 2021.10/bin/../lib/gcc/arm-none-eabi/10.3.1/thumb/v7e-m+fp/hard\libgcc.a(_arm_unorddf2.o)
                0x08000b2c                __unorddf2
                0x08000b2c                __aeabi_dcmpun
 .text          0x08000b58       0x50 e:/gnu_tools/gnu arm embedded toolchain/10 2021.10/bin/../lib/gcc/arm-none-eabi/10.3.1/thumb/v7e-m+fp/hard\libgcc.a(_arm_fixdfsi.o)
                0x08000b58                __aeabi_d2iz
                0x08000b58                __fixdfsi
 .text          0x08000ba8       0xa0 e:/gnu_tools/gnu arm embedded toolchain/10 2021.10/bin/../lib/gcc/arm-none-eabi/10.3.1/thumb/v7e-m+fp/hard\libgcc.a(_arm_truncdfsf2.o)
                0x08000ba8                __truncdfsf2
                0x08000ba8                __aeabi_d2f
 .text          0x08000c48       0x30 e:/gnu_tools/gnu arm embedded toolchain/10 2021.10/bin/../lib/gcc/arm-none-eabi/10.3.1/thumb/v7e-m+fp/hard\libgcc.a(_aeabi_uldivmod.o)
                0x08000c48                __aeabi_uldivmod
 .text          0x08000c78      0x2d0 e:/gnu_tools/gnu arm embedded toolchain/10 2021.10/bin/../lib/gcc/arm-none-eabi/10.3.1/thumb/v7e-m+fp/hard\libgcc.a(_udivmoddi4.o)
                0x08000c78                __udivmoddi4
 .text          0x08000f48        0x4 e:/gnu_tools/gnu arm embedded toolchain/10 2021.10/bin/../lib/gcc/arm-none-eabi/10.3.1/thumb/v7e-m+fp/hard\libgcc.a(_dvmd_tls.o)
                0x08000f48                __aeabi_idiv0
                0x08000f48                __aeabi_ldiv0
 *(.text*)
 .text.HAL_I2C_MemRxCpltCallback
                0x08000f4c       0x1c .build/main.o
                0x08000f4c                HAL_I2C_MemRxCpltCallback
 .text.HAL_GPIO_EXTI_Callback
                0x08000f68        0x8 .build/main.o
                0x08000f68                HAL_GPIO_EXTI_Callback
 .text.Error_Handler
                0x08000f70        0x4 .build/main.o
                0x08000f70                Error_Handler
 .text.SystemClock_Config
                0x08000f74       0xa8 .build/main.o
                0x08000f74                SystemClock_Config
 .text.main     0x0800101c       0xe4 .build/main.o
                0x0800101c                main
 .text.MX_GPIO_Init
                0x08001100       0xbc .build/gpio.o
                0x08001100                MX_GPIO_Init
 .text.MX_USART1_UART_Init
                0x080011bc       0x34 .build/usart.o
                0x080011bc                MX_USART1_UART_Init
 .text.HAL_UART_MspInit
                0x080011f0       0xfc .build/usart.o
                0x080011f0                HAL_UART_MspInit
 .text.MX_DMA_Init
                0x080012ec       0x78 .build/dma.o
                0x080012ec                MX_DMA_Init
 .text.MX_I2C1_Init
                0x08001364       0x3c .build/i2c.o
                0x08001364                MX_I2C1_Init
 .text.HAL_I2C_MspInit
                0x080013a0      0x108 .build/i2c.o
                0x080013a0                HAL_I2C_MspInit
 .text.NMI_Handler
                0x080014a8        0x2 .build/stm32f4xx_it.o
                0x080014a8                NMI_Handler
 .text.HardFault_Handler
                0x080014aa        0x2 .build/stm32f4xx_it.o
                0x080014aa                HardFault_Handler
 .text.MemManage_Handler
                0x080014ac        0x2 .build/stm32f4xx_it.o
                0x080014ac                MemManage_Handler
 .text.BusFault_Handler
                0x080014ae        0x2 .build/stm32f4xx_it.o
                0x080014ae                BusFault_Handler
 .text.UsageFault_Handler
                0x080014b0        0x2 .build/stm32f4xx_it.o
                0x080014b0                UsageFault_Handler
 .text.SVC_Handler
                0x080014b2        0x2 .build/stm32f4xx_it.o
                0x080014b2                SVC_Handler
 .text.DebugMon_Handler
                0x080014b4        0x2 .build/stm32f4xx_it.o
                0x080014b4                DebugMon_Handler
 .text.PendSV_Handler
                0x080014b6        0x2 .build/stm32f4xx_it.o
                0x080014b6                PendSV_Handler
 .text.SysTick_Handler
                0x080014b8        0x8 .build/stm32f4xx_it.o
                0x080014b8                SysTick_Handler
 .text.DMA1_Stream0_IRQHandler
                0x080014c0       0x10 .build/stm32f4xx_it.o
                0x080014c0                DMA1_Stream0_IRQHandler
 .text.DMA1_Stream6_IRQHandler
                0x080014d0       0x10 .build/stm32f4xx_it.o
                0x080014d0                DMA1_Stream6_IRQHandler
 .text.EXTI9_5_IRQHandler
                0x080014e0        0xa .build/stm32f4xx_it.o
                0x080014e0                EXTI9_5_IRQHandler
 *fill*         0x080014ea        0x2 
 .text.I2C1_EV_IRQHandler
                0x080014ec       0x10 .build/stm32f4xx_it.o
                0x080014ec                I2C1_EV_IRQHandler
 .text.I2C1_ER_IRQHandler
                0x080014fc       0x10 .build/stm32f4xx_it.o
                0x080014fc                I2C1_ER_IRQHandler
 .text.USART1_IRQHandler
                0x0800150c       0x10 .build/stm32f4xx_it.o
                0x0800150c                USART1_IRQHandler
 .text.DMA2_Stream2_IRQHandler
                0x0800151c       0x10 .build/stm32f4xx_it.o
                0x0800151c                DMA2_Stream2_IRQHandler
 .text.DMA2_Stream7_IRQHandler
                0x0800152c       0x10 .build/stm32f4xx_it.o
                0x0800152c                DMA2_Stream7_IRQHandler
 .text.HAL_MspInit
                0x0800153c       0x38 .build/stm32f4xx_hal_msp.o
                0x0800153c                HAL_MspInit
 .text.I2C_Master_SB
                0x08001574       0xa8 .build/stm32f4xx_hal_i2c.o
 .text.I2C_Master_ADD10
                0x0800161c       0x2a .build/stm32f4xx_hal_i2c.o
 .text.I2C_Master_ADDR
                0x08001646      0x206 .build/stm32f4xx_hal_i2c.o
 .text.I2C_SlaveTransmit_BTF
                0x0800184c       0x20 .build/stm32f4xx_hal_i2c.o
 .text.I2C_SlaveReceive_BTF
                0x0800186c       0x20 .build/stm32f4xx_hal_i2c.o
 .text.I2C_WaitOnSTOPRequestThroughIT
                0x0800188c       0x48 .build/stm32f4xx_hal_i2c.o
 .text.I2C_IsAcknowledgeFailed
                0x080018d4       0x32 .build/stm32f4xx_hal_i2c.o
 .text.I2C_ConvertOtherXferOptions
                0x08001906       0x1e .build/stm32f4xx_hal_i2c.o
 .text.I2C_WaitOnFlagUntilTimeout
                0x08001924       0x7c .build/stm32f4xx_hal_i2c.o
 .text.I2C_WaitOnMasterAddressFlagUntilTimeout
                0x080019a0       0xaa .build/stm32f4xx_hal_i2c.o
 .text.I2C_WaitOnTXEFlagUntilTimeout
                0x08001a4a       0x54 .build/stm32f4xx_hal_i2c.o
 *fill*         0x08001a9e        0x2 
 .text.I2C_RequestMemoryWrite
                0x08001aa0       0xd8 .build/stm32f4xx_hal_i2c.o
 .text.I2C_RequestMemoryRead
                0x08001b78      0x154 .build/stm32f4xx_hal_i2c.o
 .text.I2C_WaitOnBTFFlagUntilTimeout
                0x08001ccc       0x54 .build/stm32f4xx_hal_i2c.o
 .text.I2C_WaitOnRXNEFlagUntilTimeout
                0x08001d20       0x6a .build/stm32f4xx_hal_i2c.o
 *fill*         0x08001d8a        0x2 
 .text.HAL_I2C_Init
                0x08001d8c      0x1bc .build/stm32f4xx_hal_i2c.o
                0x08001d8c                HAL_I2C_Init
 .text.HAL_I2C_Mem_Write
                0x08001f48      0x164 .build/stm32f4xx_hal_i2c.o
                0x08001f48                HAL_I2C_Mem_Write
 .text.HAL_I2C_Mem_Read
                0x080020ac      0x2e4 .build/stm32f4xx_hal_i2c.o
                0x080020ac                HAL_I2C_Mem_Read
 .text.HAL_I2C_Mem_Read_DMA
                0x08002390      0x21c .build/stm32f4xx_hal_i2c.o
                0x08002390                HAL_I2C_Mem_Read_DMA
 .text.HAL_I2C_MasterTxCpltCallback
                0x080025ac        0x2 .build/stm32f4xx_hal_i2c.o
                0x080025ac                HAL_I2C_MasterTxCpltCallback
 .text.HAL_I2C_MasterRxCpltCallback
                0x080025ae        0x2 .build/stm32f4xx_hal_i2c.o
                0x080025ae                HAL_I2C_MasterRxCpltCallback
 .text.HAL_I2C_SlaveTxCpltCallback
                0x080025b0        0x2 .build/stm32f4xx_hal_i2c.o
                0x080025b0                HAL_I2C_SlaveTxCpltCallback
 .text.I2C_SlaveTransmit_TXE
                0x080025b2       0x4c .build/stm32f4xx_hal_i2c.o
 .text.HAL_I2C_SlaveRxCpltCallback
                0x080025fe        0x2 .build/stm32f4xx_hal_i2c.o
                0x080025fe                HAL_I2C_SlaveRxCpltCallback
 .text.I2C_SlaveReceive_RXNE
                0x08002600       0x4c .build/stm32f4xx_hal_i2c.o
 .text.HAL_I2C_AddrCallback
                0x0800264c        0x2 .build/stm32f4xx_hal_i2c.o
                0x0800264c                HAL_I2C_AddrCallback
 .text.I2C_Slave_ADDR
                0x0800264e       0x5a .build/stm32f4xx_hal_i2c.o
 .text.HAL_I2C_ListenCpltCallback
                0x080026a8        0x2 .build/stm32f4xx_hal_i2c.o
                0x080026a8                HAL_I2C_ListenCpltCallback
 *fill*         0x080026aa        0x2 
 .text.I2C_Slave_AF
                0x080026ac       0x94 .build/stm32f4xx_hal_i2c.o
 .text.HAL_I2C_MemTxCpltCallback
                0x08002740        0x2 .build/stm32f4xx_hal_i2c.o
                0x08002740                HAL_I2C_MemTxCpltCallback
 .text.I2C_MasterTransmit_BTF
                0x08002742       0x9e .build/stm32f4xx_hal_i2c.o
 .text.I2C_MemoryTransmit_TXE_BTF
                0x080027e0       0xbe .build/stm32f4xx_hal_i2c.o
 .text.I2C_MasterTransmit_TXE
                0x0800289e       0xd0 .build/stm32f4xx_hal_i2c.o
 .text.I2C_MasterReceive_BTF
                0x0800296e      0x128 .build/stm32f4xx_hal_i2c.o
 .text.HAL_I2C_ErrorCallback
                0x08002a96        0x2 .build/stm32f4xx_hal_i2c.o
                0x08002a96                HAL_I2C_ErrorCallback
 .text.I2C_DMAError
                0x08002a98       0x46 .build/stm32f4xx_hal_i2c.o
 .text.I2C_DMAXferCplt
                0x08002ade      0x122 .build/stm32f4xx_hal_i2c.o
 .text.I2C_MasterReceive_RXNE
                0x08002c00       0xf6 .build/stm32f4xx_hal_i2c.o
 .text.HAL_I2C_AbortCpltCallback
                0x08002cf6        0x2 .build/stm32f4xx_hal_i2c.o
                0x08002cf6                HAL_I2C_AbortCpltCallback
 .text.I2C_DMAAbort
                0x08002cf8       0xe4 .build/stm32f4xx_hal_i2c.o
 .text.I2C_ITError
                0x08002ddc      0x178 .build/stm32f4xx_hal_i2c.o
 .text.I2C_Slave_STOPF
                0x08002f54      0x18c .build/stm32f4xx_hal_i2c.o
 .text.HAL_I2C_EV_IRQHandler
                0x080030e0      0x1a0 .build/stm32f4xx_hal_i2c.o
                0x080030e0                HAL_I2C_EV_IRQHandler
 .text.HAL_I2C_ER_IRQHandler
                0x08003280       0xc4 .build/stm32f4xx_hal_i2c.o
                0x08003280                HAL_I2C_ER_IRQHandler
 .text.HAL_RCC_OscConfig
                0x08003344      0x3f8 .build/stm32f4xx_hal_rcc.o
                0x08003344                HAL_RCC_OscConfig
 .text.HAL_RCC_GetSysClockFreq
                0x0800373c       0xa4 .build/stm32f4xx_hal_rcc.o
                0x0800373c                HAL_RCC_GetSysClockFreq
 .text.HAL_RCC_ClockConfig
                0x080037e0      0x160 .build/stm32f4xx_hal_rcc.o
                0x080037e0                HAL_RCC_ClockConfig
 .text.HAL_RCC_GetHCLKFreq
                0x08003940        0xc .build/stm32f4xx_hal_rcc.o
                0x08003940                HAL_RCC_GetHCLKFreq
 .text.HAL_RCC_GetPCLK1Freq
                0x0800394c       0x20 .build/stm32f4xx_hal_rcc.o
                0x0800394c                HAL_RCC_GetPCLK1Freq
 .text.HAL_RCC_GetPCLK2Freq
                0x0800396c       0x20 .build/stm32f4xx_hal_rcc.o
                0x0800396c                HAL_RCC_GetPCLK2Freq
 .text.HAL_GPIO_Init
                0x0800398c      0x1c0 .build/stm32f4xx_hal_gpio.o
                0x0800398c                HAL_GPIO_Init
 .text.HAL_GPIO_WritePin
                0x08003b4c        0xc .build/stm32f4xx_hal_gpio.o
                0x08003b4c                HAL_GPIO_WritePin
 .text.HAL_GPIO_EXTI_IRQHandler
                0x08003b58       0x1c .build/stm32f4xx_hal_gpio.o
                0x08003b58                HAL_GPIO_EXTI_IRQHandler
 .text.DMA_SetConfig
                0x08003b74       0x2c .build/stm32f4xx_hal_dma.o
 .text.DMA_CalcBaseAndBitshift
                0x08003ba0       0x44 .build/stm32f4xx_hal_dma.o
 .text.DMA_CheckFifoParam
                0x08003be4       0x8e .build/stm32f4xx_hal_dma.o
 *fill*         0x08003c72        0x2 
 .text.HAL_DMA_Init
                0x08003c74       0xcc .build/stm32f4xx_hal_dma.o
                0x08003c74                HAL_DMA_Init
 .text.HAL_DMA_Start_IT
                0x08003d40       0x6a .build/stm32f4xx_hal_dma.o
                0x08003d40                HAL_DMA_Start_IT
 .text.HAL_DMA_Abort
                0x08003daa       0x94 .build/stm32f4xx_hal_dma.o
                0x08003daa                HAL_DMA_Abort
 .text.HAL_DMA_Abort_IT
                0x08003e3e       0x26 .build/stm32f4xx_hal_dma.o
                0x08003e3e                HAL_DMA_Abort_IT
 .text.HAL_DMA_IRQHandler
                0x08003e64      0x1dc .build/stm32f4xx_hal_dma.o
                0x08003e64                HAL_DMA_IRQHandler
 .text.HAL_DMA_GetState
                0x08004040        0x6 .build/stm32f4xx_hal_dma.o
                0x08004040                HAL_DMA_GetState
 .text.HAL_DMA_GetError
                0x08004046        0x4 .build/stm32f4xx_hal_dma.o
                0x08004046                HAL_DMA_GetError
 *fill*         0x0800404a        0x2 
 .text.HAL_NVIC_SetPriorityGrouping
                0x0800404c       0x24 .build/stm32f4xx_hal_cortex.o
                0x0800404c                HAL_NVIC_SetPriorityGrouping
 .text.HAL_NVIC_SetPriority
                0x08004070       0x70 .build/stm32f4xx_hal_cortex.o
                0x08004070                HAL_NVIC_SetPriority
 .text.HAL_NVIC_EnableIRQ
                0x080040e0       0x1c .build/stm32f4xx_hal_cortex.o
                0x080040e0                HAL_NVIC_EnableIRQ
 .text.HAL_SYSTICK_Config
                0x080040fc       0x28 .build/stm32f4xx_hal_cortex.o
                0x080040fc                HAL_SYSTICK_Config
 .text.HAL_InitTick
                0x08004124       0x4c .build/stm32f4xx_hal.o
                0x08004124                HAL_InitTick
 .text.HAL_Init
                0x08004170       0x34 .build/stm32f4xx_hal.o
                0x08004170                HAL_Init
 .text.HAL_IncTick
                0x080041a4       0x18 .build/stm32f4xx_hal.o
                0x080041a4                HAL_IncTick
 .text.HAL_GetTick
                0x080041bc        0xc .build/stm32f4xx_hal.o
                0x080041bc                HAL_GetTick
 .text.HAL_Delay
                0x080041c8       0x28 .build/stm32f4xx_hal.o
                0x080041c8                HAL_Delay
 .text.UART_EndTxTransfer
                0x080041f0       0x20 .build/stm32f4xx_hal_uart.o
 .text.UART_EndRxTransfer
                0x08004210       0x5c .build/stm32f4xx_hal_uart.o
 .text.UART_Transmit_IT
                0x0800426c       0x60 .build/stm32f4xx_hal_uart.o
 .text.UART_SetConfig
                0x080042cc      0x110 .build/stm32f4xx_hal_uart.o
 .text.HAL_UART_Init
                0x080043dc       0x5e .build/stm32f4xx_hal_uart.o
                0x080043dc                HAL_UART_Init
 *fill*         0x0800443a        0x2 
 .text.HAL_UART_Transmit_DMA
                0x0800443c       0x9c .build/stm32f4xx_hal_uart.o
                0x0800443c                HAL_UART_Transmit_DMA
 .text.HAL_UART_TxCpltCallback
                0x080044d8        0x2 .build/stm32f4xx_hal_uart.o
                0x080044d8                HAL_UART_TxCpltCallback
 .text.UART_DMATransmitCplt
                0x080044da       0x4c .build/stm32f4xx_hal_uart.o
 .text.UART_EndTransmit_IT
                0x08004526       0x1a .build/stm32f4xx_hal_uart.o
 .text.HAL_UART_TxHalfCpltCallback
                0x08004540        0x2 .build/stm32f4xx_hal_uart.o
                0x08004540                HAL_UART_TxHalfCpltCallback
 .text.UART_DMATxHalfCplt
                0x08004542        0xa .build/stm32f4xx_hal_uart.o
 .text.HAL_UART_RxCpltCallback
                0x0800454c        0x2 .build/stm32f4xx_hal_uart.o
                0x0800454c                HAL_UART_RxCpltCallback
 .text.HAL_UART_RxHalfCpltCallback
                0x0800454e        0x2 .build/stm32f4xx_hal_uart.o
                0x0800454e                HAL_UART_RxHalfCpltCallback
 .text.HAL_UART_ErrorCallback
                0x08004550        0x2 .build/stm32f4xx_hal_uart.o
                0x08004550                HAL_UART_ErrorCallback
 .text.UART_DMAError
                0x08004552       0x58 .build/stm32f4xx_hal_uart.o
 .text.UART_DMAAbortOnError
                0x080045aa       0x10 .build/stm32f4xx_hal_uart.o
 .text.UART_Receive_IT
                0x080045ba       0xe2 .build/stm32f4xx_hal_uart.o
 .text.HAL_UART_IRQHandler
                0x0800469c      0x280 .build/stm32f4xx_hal_uart.o
                0x0800469c                HAL_UART_IRQHandler
 .text.UART_DMARxHalfCplt
                0x0800491c       0x1a .build/stm32f4xx_hal_uart.o
 .text.UART_DMAReceiveCplt
                0x08004936       0x96 .build/stm32f4xx_hal_uart.o
 .text.UART_Start_Receive_DMA
                0x080049cc       0xa8 .build/stm32f4xx_hal_uart.o
                0x080049cc                UART_Start_Receive_DMA
 .text.HAL_UARTEx_ReceiveToIdle_DMA
                0x08004a74       0x70 .build/stm32f4xx_hal_uart.o
                0x08004a74                HAL_UARTEx_ReceiveToIdle_DMA
 .text.SystemInit
                0x08004ae4       0x14 .build/system_stm32f4xx.o
                0x08004ae4                SystemInit
 .text.invSqrt  0x08004af8       0x38 .build/mpu6050.o
 .text.GetEulerAngles_MadgwickFilter
                0x08004b30      0x3f0 .build/mpu6050.o
 .text.ScaleReceivedData_DMA
                0x08004f20       0x78 .build/mpu6050.o
                0x08004f20                ScaleReceivedData_DMA
 .text.MPU6050_DeviceReset
                0x08004f98       0x5c .build/mpu6050.o
                0x08004f98                MPU6050_DeviceReset
 .text.MPU6050_Init
                0x08004ff4       0xd0 .build/mpu6050.o
                0x08004ff4                MPU6050_Init
 .text.MPU6050_Start_IRQ
                0x080050c4       0x40 .build/mpu6050.o
                0x080050c4                MPU6050_Start_IRQ
 .text.MPU6050_Read_DMA
                0x08005104       0x28 .build/mpu6050.o
                0x08005104                MPU6050_Read_DMA
 .text.MPU6050_ReadDmaDataEndCallBack
                0x0800512c       0x48 .build/mpu6050.o
                0x0800512c                MPU6050_ReadDmaDataEndCallBack
 .text.RB_Transmit_Read
                0x08005174       0x40 .build/BluetoothClassicComm.o
 .text.RB_Transmit_Write
                0x080051b4       0x54 .build/BluetoothClassicComm.o
 .text.RB_Receive_GetNextMessageAddress
                0x08005208       0x5c .build/BluetoothClassicComm.o
 .text.RB_Receive_Read
                0x08005264       0x58 .build/BluetoothClassicComm.o
 .text.Sim_Create_XY_FakeMap
                0x080052bc      0x108 .build/BluetoothClassicComm.o
 .text.TransmitLfBaseDataReport
                0x080053c4       0x94 .build/BluetoothClassicComm.o
 .text.Statistics_CreateAndTransmitCommunicationStatistics
                0x08005458       0xa4 .build/BluetoothClassicComm.o
 .text.TransmitDataHandler
                0x080054fc       0x8c .build/BluetoothClassicComm.o
 .text.HAL_UARTEx_RxEventCallback
                0x08005588       0x78 .build/BluetoothClassicComm.o
                0x08005588                HAL_UARTEx_RxEventCallback
 .text.Sim_FakeBaseDataReportTask
                0x08005600      0x2a4 .build/BluetoothClassicComm.o
                0x08005600                Sim_FakeBaseDataReportTask
 .text.BaseDataReporterTask
                0x080058a4       0x58 .build/BluetoothClassicComm.o
                0x080058a4                BaseDataReporterTask
 .text.BLU_Init
                0x080058fc       0x1c .build/BluetoothClassicComm.o
                0x080058fc                BLU_Init
 .text.BLU_DbgMsgTransmit
                0x08005918       0x70 .build/BluetoothClassicComm.o
                0x08005918                BLU_DbgMsgTransmit
 .text.ReceiveDataHandler
                0x08005988      0x188 .build/BluetoothClassicComm.o
 .text.BLU_Task
                0x08005b10       0x10 .build/BluetoothClassicComm.o
                0x08005b10                BLU_Task
 .text.Reset_Handler
                0x08005b20       0x50 .build/startup_stm32f401xc.o
                0x08005b20                Reset_Handler
 .text.Default_Handler
                0x08005b70        0x2 .build/startup_stm32f401xc.o
                0x08005b70                RTC_Alarm_IRQHandler
                0x08005b70                EXTI2_IRQHandler
                0x08005b70                SPI4_IRQHandler
                0x08005b70                TIM1_CC_IRQHandler
                0x08005b70                DMA2_Stream5_IRQHandler
                0x08005b70                DMA1_Stream5_IRQHandler
                0x08005b70                PVD_IRQHandler
                0x08005b70                SDIO_IRQHandler
                0x08005b70                TAMP_STAMP_IRQHandler
                0x08005b70                EXTI3_IRQHandler
                0x08005b70                TIM1_UP_TIM10_IRQHandler
                0x08005b70                I2C3_ER_IRQHandler
                0x08005b70                EXTI0_IRQHandler
                0x08005b70                I2C2_EV_IRQHandler
                0x08005b70                DMA1_Stream2_IRQHandler
                0x08005b70                FPU_IRQHandler
                0x08005b70                SPI1_IRQHandler
                0x08005b70                TIM1_BRK_TIM9_IRQHandler
                0x08005b70                DMA2_Stream3_IRQHandler
                0x08005b70                USART6_IRQHandler
                0x08005b70                DMA2_Stream0_IRQHandler
                0x08005b70                TIM4_IRQHandler
                0x08005b70                DMA1_Stream1_IRQHandler
                0x08005b70                TIM3_IRQHandler
                0x08005b70                RCC_IRQHandler
                0x08005b70                Default_Handler
                0x08005b70                EXTI15_10_IRQHandler
                0x08005b70                ADC_IRQHandler
                0x08005b70                DMA1_Stream7_IRQHandler
                0x08005b70                TIM5_IRQHandler
                0x08005b70                I2C3_EV_IRQHandler
                0x08005b70                RTC_WKUP_IRQHandler
                0x08005b70                SPI2_IRQHandler
                0x08005b70                EXTI4_IRQHandler
                0x08005b70                WWDG_IRQHandler
                0x08005b70                TIM2_IRQHandler
                0x08005b70                OTG_FS_WKUP_IRQHandler
                0x08005b70                TIM1_TRG_COM_TIM11_IRQHandler
                0x08005b70                EXTI1_IRQHandler
                0x08005b70                USART2_IRQHandler
                0x08005b70                I2C2_ER_IRQHandler
                0x08005b70                DMA2_Stream1_IRQHandler
                0x08005b70                FLASH_IRQHandler
                0x08005b70                DMA2_Stream4_IRQHandler
                0x08005b70                OTG_FS_IRQHandler
                0x08005b70                SPI3_IRQHandler
                0x08005b70                DMA1_Stream4_IRQHandler
                0x08005b70                DMA2_Stream6_IRQHandler
                0x08005b70                DMA1_Stream3_IRQHandler
 *fill*         0x08005b72        0x2 
 .text.__libc_init_array
                0x08005b74       0x48 e:/gnu_tools/gnu arm embedded toolchain/10 2021.10/bin/../lib/gcc/arm-none-eabi/10.3.1/../../../../arm-none-eabi/lib/thumb/v7e-m+fp/hard\libc_nano.a(lib_a-init.o)
                0x08005b74                __libc_init_array
 .text.memset   0x08005bbc       0x10 e:/gnu_tools/gnu arm embedded toolchain/10 2021.10/bin/../lib/gcc/arm-none-eabi/10.3.1/../../../../arm-none-eabi/lib/thumb/v7e-m+fp/hard\libc_nano.a(lib_a-memset.o)
                0x08005bbc                memset
 .text._vsprintf_r
                0x08005bcc       0x2c e:/gnu_tools/gnu arm embedded toolchain/10 2021.10/bin/../lib/gcc/arm-none-eabi/10.3.1/../../../../arm-none-eabi/lib/thumb/v7e-m+fp/hard\libc_nano.a(lib_a-vsprintf.o)
                0x08005bcc                _vsprintf_r
                0x08005bcc                _vsiprintf_r
 .text.vsprintf
                0x08005bf8       0x14 e:/gnu_tools/gnu arm embedded toolchain/10 2021.10/bin/../lib/gcc/arm-none-eabi/10.3.1/../../../../arm-none-eabi/lib/thumb/v7e-m+fp/hard\libc_nano.a(lib_a-vsprintf.o)
                0x08005bf8                vsiprintf
                0x08005bf8                vsprintf
 .text.__ssputs_r
                0x08005c0c       0xb6 e:/gnu_tools/gnu arm embedded toolchain/10 2021.10/bin/../lib/gcc/arm-none-eabi/10.3.1/../../../../arm-none-eabi/lib/thumb/v7e-m+fp/hard\libc_nano.a(lib_a-nano-svfprintf.o)
                0x08005c0c                __ssputs_r
 *fill*         0x08005cc2        0x2 
 .text._svfprintf_r
                0x08005cc4      0x200 e:/gnu_tools/gnu arm embedded toolchain/10 2021.10/bin/../lib/gcc/arm-none-eabi/10.3.1/../../../../arm-none-eabi/lib/thumb/v7e-m+fp/hard\libc_nano.a(lib_a-nano-svfprintf.o)
                0x08005cc4                _svfiprintf_r
                0x08005cc4                _svfprintf_r
 .text._printf_common
                0x08005ec4       0xda e:/gnu_tools/gnu arm embedded toolchain/10 2021.10/bin/../lib/gcc/arm-none-eabi/10.3.1/../../../../arm-none-eabi/lib/thumb/v7e-m+fp/hard\libc_nano.a(lib_a-nano-vfprintf_i.o)
                0x08005ec4                _printf_common
 *fill*         0x08005f9e        0x2 
 .text._printf_i
                0x08005fa0      0x24c e:/gnu_tools/gnu arm embedded toolchain/10 2021.10/bin/../lib/gcc/arm-none-eabi/10.3.1/../../../../arm-none-eabi/lib/thumb/v7e-m+fp/hard\libc_nano.a(lib_a-nano-vfprintf_i.o)
                0x08005fa0                _printf_i
 .text.memcpy   0x080061ec       0x1c e:/gnu_tools/gnu arm embedded toolchain/10 2021.10/bin/../lib/gcc/arm-none-eabi/10.3.1/../../../../arm-none-eabi/lib/thumb/v7e-m+fp/hard\libc_nano.a(lib_a-memcpy-stub.o)
                0x080061ec                memcpy
 .text.memmove  0x08006208       0x34 e:/gnu_tools/gnu arm embedded toolchain/10 2021.10/bin/../lib/gcc/arm-none-eabi/10.3.1/../../../../arm-none-eabi/lib/thumb/v7e-m+fp/hard\libc_nano.a(lib_a-memmove.o)
                0x08006208                memmove
 .text._free_r  0x0800623c       0x98 e:/gnu_tools/gnu arm embedded toolchain/10 2021.10/bin/../lib/gcc/arm-none-eabi/10.3.1/../../../../arm-none-eabi/lib/thumb/v7e-m+fp/hard\libc_nano.a(lib_a-nano-freer.o)
                0x0800623c                _free_r
 .text.sbrk_aligned
                0x080062d4       0x40 e:/gnu_tools/gnu arm embedded toolchain/10 2021.10/bin/../lib/gcc/arm-none-eabi/10.3.1/../../../../arm-none-eabi/lib/thumb/v7e-m+fp/hard\libc_nano.a(lib_a-nano-mallocr.o)
 .text._malloc_r
                0x08006314       0xe8 e:/gnu_tools/gnu arm embedded toolchain/10 2021.10/bin/../lib/gcc/arm-none-eabi/10.3.1/../../../../arm-none-eabi/lib/thumb/v7e-m+fp/hard\libc_nano.a(lib_a-nano-mallocr.o)
                0x08006314                _malloc_r
 .text._realloc_r
                0x080063fc       0x5e e:/gnu_tools/gnu arm embedded toolchain/10 2021.10/bin/../lib/gcc/arm-none-eabi/10.3.1/../../../../arm-none-eabi/lib/thumb/v7e-m+fp/hard\libc_nano.a(lib_a-nano-reallocr.o)
                0x080063fc                _realloc_r
 *fill*         0x0800645a        0x2 
 .text._sbrk_r  0x0800645c       0x20 e:/gnu_tools/gnu arm embedded toolchain/10 2021.10/bin/../lib/gcc/arm-none-eabi/10.3.1/../../../../arm-none-eabi/lib/thumb/v7e-m+fp/hard\libc_nano.a(lib_a-sbrkr.o)
                0x0800645c                _sbrk_r
 .text.__malloc_lock
                0x0800647c        0xc e:/gnu_tools/gnu arm embedded toolchain/10 2021.10/bin/../lib/gcc/arm-none-eabi/10.3.1/../../../../arm-none-eabi/lib/thumb/v7e-m+fp/hard\libc_nano.a(lib_a-mlock.o)
                0x0800647c                __malloc_lock
 .text.__malloc_unlock
                0x08006488        0xc e:/gnu_tools/gnu arm embedded toolchain/10 2021.10/bin/../lib/gcc/arm-none-eabi/10.3.1/../../../../arm-none-eabi/lib/thumb/v7e-m+fp/hard\libc_nano.a(lib_a-mlock.o)
                0x08006488                __malloc_unlock
 .text._malloc_usable_size_r
                0x08006494       0x10 e:/gnu_tools/gnu arm embedded toolchain/10 2021.10/bin/../lib/gcc/arm-none-eabi/10.3.1/../../../../arm-none-eabi/lib/thumb/v7e-m+fp/hard\libc_nano.a(lib_a-nano-msizer.o)
                0x08006494                _malloc_usable_size_r
 .text.__retarget_lock_acquire_recursive
                0x080064a4        0x2 e:/gnu_tools/gnu arm embedded toolchain/10 2021.10/bin/../lib/gcc/arm-none-eabi/10.3.1/../../../../arm-none-eabi/lib/thumb/v7e-m+fp/hard\libc_nano.a(lib_a-lock.o)
                0x080064a4                __retarget_lock_acquire_recursive
 .text.__retarget_lock_release_recursive
                0x080064a6        0x2 e:/gnu_tools/gnu arm embedded toolchain/10 2021.10/bin/../lib/gcc/arm-none-eabi/10.3.1/../../../../arm-none-eabi/lib/thumb/v7e-m+fp/hard\libc_nano.a(lib_a-lock.o)
                0x080064a6                __retarget_lock_release_recursive
 .text.cos      0x080064a8       0x90 e:/gnu_tools/gnu arm embedded toolchain/10 2021.10/bin/../lib/gcc/arm-none-eabi/10.3.1/../../../../arm-none-eabi/lib/thumb/v7e-m+fp/hard\libm.a(lib_a-s_cos.o)
                0x080064a8                cos
 .text.sin      0x08006538       0x90 e:/gnu_tools/gnu arm embedded toolchain/10 2021.10/bin/../lib/gcc/arm-none-eabi/10.3.1/../../../../arm-none-eabi/lib/thumb/v7e-m+fp/hard\libm.a(lib_a-s_sin.o)
                0x08006538                sin
 .text.asin     0x080065c8       0x68 e:/gnu_tools/gnu arm embedded toolchain/10 2021.10/bin/../lib/gcc/arm-none-eabi/10.3.1/../../../../arm-none-eabi/lib/thumb/v7e-m+fp/hard\libm.a(lib_a-w_asin.o)
                0x080065c8                asin
 .text.atan2    0x08006630        0x4 e:/gnu_tools/gnu arm embedded toolchain/10 2021.10/bin/../lib/gcc/arm-none-eabi/10.3.1/../../../../arm-none-eabi/lib/thumb/v7e-m+fp/hard\libm.a(lib_a-w_atan2.o)
                0x08006630                atan2
 *fill*         0x08006634        0x4 
 .text.__ieee754_asin
                0x08006638      0x4a4 e:/gnu_tools/gnu arm embedded toolchain/10 2021.10/bin/../lib/gcc/arm-none-eabi/10.3.1/../../../../arm-none-eabi/lib/thumb/v7e-m+fp/hard\libm.a(lib_a-e_asin.o)
                0x08006638                __ieee754_asin
 *fill*         0x08006adc        0x4 
 .text.__ieee754_atan2
                0x08006ae0      0x1ac e:/gnu_tools/gnu arm embedded toolchain/10 2021.10/bin/../lib/gcc/arm-none-eabi/10.3.1/../../../../arm-none-eabi/lib/thumb/v7e-m+fp/hard\libm.a(lib_a-e_atan2.o)
                0x08006ae0                __ieee754_atan2
 *fill*         0x08006c8c        0x4 
 .text.__ieee754_rem_pio2
                0x08006c90      0x44c e:/gnu_tools/gnu arm embedded toolchain/10 2021.10/bin/../lib/gcc/arm-none-eabi/10.3.1/../../../../arm-none-eabi/lib/thumb/v7e-m+fp/hard\libm.a(lib_a-e_rem_pio2.o)
                0x08006c90                __ieee754_rem_pio2
 .text.__ieee754_sqrt
                0x080070dc      0x198 e:/gnu_tools/gnu arm embedded toolchain/10 2021.10/bin/../lib/gcc/arm-none-eabi/10.3.1/../../../../arm-none-eabi/lib/thumb/v7e-m+fp/hard\libm.a(lib_a-e_sqrt.o)
                0x080070dc                __ieee754_sqrt
 *fill*         0x08007274        0x4 
 .text.__kernel_cos
                0x08007278      0x27c e:/gnu_tools/gnu arm embedded toolchain/10 2021.10/bin/../lib/gcc/arm-none-eabi/10.3.1/../../../../arm-none-eabi/lib/thumb/v7e-m+fp/hard\libm.a(lib_a-k_cos.o)
                0x08007278                __kernel_cos
 *fill*         0x080074f4        0x4 
 .text.__kernel_rem_pio2
                0x080074f8      0x850 e:/gnu_tools/gnu arm embedded toolchain/10 2021.10/bin/../lib/gcc/arm-none-eabi/10.3.1/../../../../arm-none-eabi/lib/thumb/v7e-m+fp/hard\libm.a(lib_a-k_rem_pio2.o)
                0x080074f8                __kernel_rem_pio2
 .text.__kernel_sin
                0x08007d48      0x17c e:/gnu_tools/gnu arm embedded toolchain/10 2021.10/bin/../lib/gcc/arm-none-eabi/10.3.1/../../../../arm-none-eabi/lib/thumb/v7e-m+fp/hard\libm.a(lib_a-k_sin.o)
                0x08007d48                __kernel_sin
 *fill*         0x08007ec4        0x4 
 .text.atan     0x08007ec8      0x340 e:/gnu_tools/gnu arm embedded toolchain/10 2021.10/bin/../lib/gcc/arm-none-eabi/10.3.1/../../../../arm-none-eabi/lib/thumb/v7e-m+fp/hard\libm.a(lib_a-s_atan.o)
                0x08007ec8                atan
 .text.fabs     0x08008208       0x14 e:/gnu_tools/gnu arm embedded toolchain/10 2021.10/bin/../lib/gcc/arm-none-eabi/10.3.1/../../../../arm-none-eabi/lib/thumb/v7e-m+fp/hard\libm.a(lib_a-s_fabs.o)
                0x08008208                fabs
 *fill*         0x0800821c        0x4 
 .text.floor    0x08008220      0x108 e:/gnu_tools/gnu arm embedded toolchain/10 2021.10/bin/../lib/gcc/arm-none-eabi/10.3.1/../../../../arm-none-eabi/lib/thumb/v7e-m+fp/hard\libm.a(lib_a-s_floor.o)
                0x08008220                floor
 .text.nan      0x08008328       0x10 e:/gnu_tools/gnu arm embedded toolchain/10 2021.10/bin/../lib/gcc/arm-none-eabi/10.3.1/../../../../arm-none-eabi/lib/thumb/v7e-m+fp/hard\libm.a(lib_a-s_nan.o)
                0x08008328                nan
 .text.scalbn   0x08008338      0x124 e:/gnu_tools/gnu arm embedded toolchain/10 2021.10/bin/../lib/gcc/arm-none-eabi/10.3.1/../../../../arm-none-eabi/lib/thumb/v7e-m+fp/hard\libm.a(lib_a-s_scalbn.o)
                0x08008338                scalbn
 .text._sbrk    0x0800845c       0x1c e:/gnu_tools/gnu arm embedded toolchain/10 2021.10/bin/../lib/gcc/arm-none-eabi/10.3.1/../../../../arm-none-eabi/lib/thumb/v7e-m+fp/hard\libnosys.a(sbrk.o)
                0x0800845c                _sbrk
 .text.__errno  0x08008478        0xc e:/gnu_tools/gnu arm embedded toolchain/10 2021.10/bin/../lib/gcc/arm-none-eabi/10.3.1/../../../../arm-none-eabi/lib/thumb/v7e-m+fp/hard\libc_nano.a(lib_a-errno.o)
                0x08008478                __errno
 *(.glue_7)
 .glue_7        0x08008484        0x0 linker stubs
 *(.glue_7t)
 .glue_7t       0x08008484        0x0 linker stubs
 *(.eh_frame)
 .eh_frame      0x08008484        0x0 e:/gnu_tools/gnu arm embedded toolchain/10 2021.10/bin/../lib/gcc/arm-none-eabi/10.3.1/thumb/v7e-m+fp/hard/crtbegin.o
 *(.init)
 .init          0x08008484        0x4 e:/gnu_tools/gnu arm embedded toolchain/10 2021.10/bin/../lib/gcc/arm-none-eabi/10.3.1/thumb/v7e-m+fp/hard/crti.o
                0x08008484                _init
 .init          0x08008488        0x8 e:/gnu_tools/gnu arm embedded toolchain/10 2021.10/bin/../lib/gcc/arm-none-eabi/10.3.1/thumb/v7e-m+fp/hard/crtn.o
 *(.fini)
 .fini          0x08008490        0x4 e:/gnu_tools/gnu arm embedded toolchain/10 2021.10/bin/../lib/gcc/arm-none-eabi/10.3.1/thumb/v7e-m+fp/hard/crti.o
                0x08008490                _fini
 .fini          0x08008494        0x8 e:/gnu_tools/gnu arm embedded toolchain/10 2021.10/bin/../lib/gcc/arm-none-eabi/10.3.1/thumb/v7e-m+fp/hard/crtn.o
                0x0800849c                . = ALIGN (0x4)
                0x0800849c                _etext = .

.vfp11_veneer   0x0800849c        0x0
 .vfp11_veneer  0x0800849c        0x0 linker stubs

.v4_bx          0x0800849c        0x0
 .v4_bx         0x0800849c        0x0 linker stubs

.iplt           0x0800849c        0x0
 .iplt          0x0800849c        0x0 e:/gnu_tools/gnu arm embedded toolchain/10 2021.10/bin/../lib/gcc/arm-none-eabi/10.3.1/thumb/v7e-m+fp/hard/crtbegin.o

.rodata         0x080084a0      0x398
                0x080084a0                . = ALIGN (0x4)
 *(.rodata)
 *(.rodata*)
 .rodata.main.str1.4
                0x080084a0       0x48 .build/main.o
 .rodata.flagBitshiftOffset.0
                0x080084e8        0x8 .build/stm32f4xx_hal_dma.o
 .rodata.AHBPrescTable
                0x080084f0       0x10 .build/system_stm32f4xx.o
                0x080084f0                AHBPrescTable
 .rodata.APBPrescTable
                0x08008500        0x8 .build/system_stm32f4xx.o
                0x08008500                APBPrescTable
 .rodata.mpuScale
                0x08008508        0x8 .build/mpu6050.o
                0x08008508                mpuScale
 .rodata.ReceiveDataHandler.str1.4
                0x08008510       0xaa .build/BluetoothClassicComm.o
 .rodata._svfprintf_r.str1.1
                0x080085ba       0x11 e:/gnu_tools/gnu arm embedded toolchain/10 2021.10/bin/../lib/gcc/arm-none-eabi/10.3.1/../../../../arm-none-eabi/lib/thumb/v7e-m+fp/hard\libc_nano.a(lib_a-nano-svfprintf.o)
 .rodata._printf_i.str1.1
                0x080085cb       0x22 e:/gnu_tools/gnu arm embedded toolchain/10 2021.10/bin/../lib/gcc/arm-none-eabi/10.3.1/../../../../arm-none-eabi/lib/thumb/v7e-m+fp/hard\libc_nano.a(lib_a-nano-vfprintf_i.o)
 .rodata.asin.str1.4
                0x080085ed       0xaa e:/gnu_tools/gnu arm embedded toolchain/10 2021.10/bin/../lib/gcc/arm-none-eabi/10.3.1/../../../../arm-none-eabi/lib/thumb/v7e-m+fp/hard\libm.a(lib_a-w_asin.o)
                                  0x1 (size before relaxing)
 *fill*         0x080085ed        0x3 
 .rodata.CSWTCH.8
                0x080085f0       0x18 e:/gnu_tools/gnu arm embedded toolchain/10 2021.10/bin/../lib/gcc/arm-none-eabi/10.3.1/../../../../arm-none-eabi/lib/thumb/v7e-m+fp/hard\libm.a(lib_a-e_atan2.o)
 .rodata.CSWTCH.9
                0x08008608       0x18 e:/gnu_tools/gnu arm embedded toolchain/10 2021.10/bin/../lib/gcc/arm-none-eabi/10.3.1/../../../../arm-none-eabi/lib/thumb/v7e-m+fp/hard\libm.a(lib_a-e_atan2.o)
 .rodata.npio2_hw
                0x08008620       0x80 e:/gnu_tools/gnu arm embedded toolchain/10 2021.10/bin/../lib/gcc/arm-none-eabi/10.3.1/../../../../arm-none-eabi/lib/thumb/v7e-m+fp/hard\libm.a(lib_a-e_rem_pio2.o)
 .rodata.two_over_pi
                0x080086a0      0x108 e:/gnu_tools/gnu arm embedded toolchain/10 2021.10/bin/../lib/gcc/arm-none-eabi/10.3.1/../../../../arm-none-eabi/lib/thumb/v7e-m+fp/hard\libm.a(lib_a-e_rem_pio2.o)
 .rodata.PIo2   0x080087a8       0x40 e:/gnu_tools/gnu arm embedded toolchain/10 2021.10/bin/../lib/gcc/arm-none-eabi/10.3.1/../../../../arm-none-eabi/lib/thumb/v7e-m+fp/hard\libm.a(lib_a-k_rem_pio2.o)
 .rodata.init_jk
                0x080087e8       0x10 e:/gnu_tools/gnu arm embedded toolchain/10 2021.10/bin/../lib/gcc/arm-none-eabi/10.3.1/../../../../arm-none-eabi/lib/thumb/v7e-m+fp/hard\libm.a(lib_a-k_rem_pio2.o)
 .rodata.atanhi
                0x080087f8       0x20 e:/gnu_tools/gnu arm embedded toolchain/10 2021.10/bin/../lib/gcc/arm-none-eabi/10.3.1/../../../../arm-none-eabi/lib/thumb/v7e-m+fp/hard\libm.a(lib_a-s_atan.o)
 .rodata.atanlo
                0x08008818       0x20 e:/gnu_tools/gnu arm embedded toolchain/10 2021.10/bin/../lib/gcc/arm-none-eabi/10.3.1/../../../../arm-none-eabi/lib/thumb/v7e-m+fp/hard\libm.a(lib_a-s_atan.o)
                0x08008838                . = ALIGN (0x4)

.ARM.extab      0x08008838        0x0
                0x08008838                . = ALIGN (0x4)
 *(.ARM.extab* .gnu.linkonce.armextab.*)
                0x08008838                . = ALIGN (0x4)

.ARM            0x08008838        0x8
                0x08008838                . = ALIGN (0x4)
                0x08008838                __exidx_start = .
 *(.ARM.exidx*)
 .ARM.exidx     0x08008838        0x8 e:/gnu_tools/gnu arm embedded toolchain/10 2021.10/bin/../lib/gcc/arm-none-eabi/10.3.1/thumb/v7e-m+fp/hard\libgcc.a(_udivmoddi4.o)
                0x08008840                __exidx_end = .
                0x08008840                . = ALIGN (0x4)

.rel.dyn        0x08008840        0x0
 .rel.iplt      0x08008840        0x0 e:/gnu_tools/gnu arm embedded toolchain/10 2021.10/bin/../lib/gcc/arm-none-eabi/10.3.1/thumb/v7e-m+fp/hard/crtbegin.o

.preinit_array  0x08008840        0x0
                0x08008840                . = ALIGN (0x4)
                0x08008840                PROVIDE (__preinit_array_start = .)
 *(.preinit_array*)
                0x08008840                PROVIDE (__preinit_array_end = .)
                0x08008840                . = ALIGN (0x4)

.init_array     0x08008840        0x4
                0x08008840                . = ALIGN (0x4)
                0x08008840                PROVIDE (__init_array_start = .)
 *(SORT_BY_NAME(.init_array.*))
 *(.init_array*)
 .init_array    0x08008840        0x4 e:/gnu_tools/gnu arm embedded toolchain/10 2021.10/bin/../lib/gcc/arm-none-eabi/10.3.1/thumb/v7e-m+fp/hard/crtbegin.o
                0x08008844                PROVIDE (__init_array_end = .)
                0x08008844                . = ALIGN (0x4)

.fini_array     0x08008844        0x4
                0x08008844                . = ALIGN (0x4)
                [!provide]                PROVIDE (__fini_array_start = .)
 *(SORT_BY_NAME(.fini_array.*))
 *(.fini_array*)
 .fini_array    0x08008844        0x4 e:/gnu_tools/gnu arm embedded toolchain/10 2021.10/bin/../lib/gcc/arm-none-eabi/10.3.1/thumb/v7e-m+fp/hard/crtbegin.o
                [!provide]                PROVIDE (__fini_array_end = .)
                0x08008848                . = ALIGN (0x4)
                0x08008848                _sidata = LOADADDR (.data)

.data           0x20000000       0x78 load address 0x08008848
                0x20000000                . = ALIGN (0x4)
                0x20000000                _sdata = .
 *(.data)
 *(.data*)
 .data.uwTickFreq
                0x20000000        0x1 .build/stm32f4xx_hal.o
                0x20000000                uwTickFreq
 *fill*         0x20000001        0x3 
 .data.uwTickPrio
                0x20000004        0x4 .build/stm32f4xx_hal.o
                0x20000004                uwTickPrio
 .data.SystemCoreClock
                0x20000008        0x4 .build/system_stm32f4xx.o
                0x20000008                SystemCoreClock
 .data.q0.1     0x2000000c        0x4 .build/mpu6050.o
 .data.SyncIdIter.11
                0x20000010        0x1 .build/BluetoothClassicComm.o
 *fill*         0x20000011        0x3 
 .data._impure_ptr
                0x20000014        0x4 e:/gnu_tools/gnu arm embedded toolchain/10 2021.10/bin/../lib/gcc/arm-none-eabi/10.3.1/../../../../arm-none-eabi/lib/thumb/v7e-m+fp/hard\libc_nano.a(lib_a-impure.o)
                0x20000014                _impure_ptr
 .data.impure_data
                0x20000018       0x60 e:/gnu_tools/gnu arm embedded toolchain/10 2021.10/bin/../lib/gcc/arm-none-eabi/10.3.1/../../../../arm-none-eabi/lib/thumb/v7e-m+fp/hard\libc_nano.a(lib_a-impure.o)
 *(.RamFunc)
 *(.RamFunc*)
                0x20000078                . = ALIGN (0x4)
                0x20000078                _edata = .

.igot.plt       0x20000078        0x0 load address 0x080088c0
 .igot.plt      0x20000078        0x0 e:/gnu_tools/gnu arm embedded toolchain/10 2021.10/bin/../lib/gcc/arm-none-eabi/10.3.1/thumb/v7e-m+fp/hard/crtbegin.o
                0x20000078                . = ALIGN (0x4)

.bss            0x20000078     0x5ee4 load address 0x080088c0
                0x20000078                _sbss = .
                0x20000078                __bss_start__ = _sbss
 *(.bss)
 .bss           0x20000078       0x1c e:/gnu_tools/gnu arm embedded toolchain/10 2021.10/bin/../lib/gcc/arm-none-eabi/10.3.1/thumb/v7e-m+fp/hard/crtbegin.o
 *(.bss*)
 .bss.LogAccelTimer.0
                0x20000094        0x4 .build/main.o
 .bss.MpuData   0x20000098       0x30 .build/main.o
                0x20000098                MpuData
 .bss.RecMpuDataCounter
                0x200000c8        0x4 .build/main.o
                0x200000c8                RecMpuDataCounter
 .bss.hdma_usart1_rx
                0x200000cc       0x60 .build/usart.o
                0x200000cc                hdma_usart1_rx
 .bss.hdma_usart1_tx
                0x2000012c       0x60 .build/usart.o
                0x2000012c                hdma_usart1_tx
 .bss.huart1    0x2000018c       0x44 .build/usart.o
                0x2000018c                huart1
 .bss.hdma_i2c1_rx
                0x200001d0       0x60 .build/i2c.o
                0x200001d0                hdma_i2c1_rx
 .bss.hdma_i2c1_tx
                0x20000230       0x60 .build/i2c.o
                0x20000230                hdma_i2c1_tx
 .bss.hi2c1     0x20000290       0x54 .build/i2c.o
                0x20000290                hi2c1
 .bss.uwTick    0x200002e4        0x4 .build/stm32f4xx_hal.o
                0x200002e4                uwTick
 .bss.i2c       0x200002e8        0x4 .build/mpu6050.o
                0x200002e8                i2c
 .bss.mpuDataScaled
                0x200002ec       0x18 .build/mpu6050.o
                0x200002ec                mpuDataScaled
 .bss.mpu_buffer
                0x20000304        0xe .build/mpu6050.o
                0x20000304                mpu_buffer
 *fill*         0x20000312        0x2 
 .bss.q1.4      0x20000314        0x4 .build/mpu6050.o
 .bss.q2.3      0x20000318        0x4 .build/mpu6050.o
 .bss.q3.2      0x2000031c        0x4 .build/mpu6050.o
 .bss.BLU_StatisticTimer.4
                0x20000320        0x4 .build/BluetoothClassicComm.o
 .bss.BleMainReceiveRingBuffer
                0x20000324       0xcc .build/BluetoothClassicComm.o
 .bss.BluMainReceiveMessagesTab
                0x200003f0     0x2710 .build/BluetoothClassicComm.o
 .bss.BluMainTransmitMessagesTab
                0x20002b00     0x2710 .build/BluetoothClassicComm.o
 .bss.BluMainTransmitRingBuffer
                0x20005210       0x68 .build/BluetoothClassicComm.o
 .bss.DefaultBlindBuffer.13
                0x20005278       0x14 .build/BluetoothClassicComm.o
 .bss.ExtraShifter.9
                0x2000528c        0x4 .build/BluetoothClassicComm.o
 .bss.InternalRobotState
                0x20005290        0x1 .build/BluetoothClassicComm.o
 *fill*         0x20005291        0x3 
 .bss.LastReadRingBufferTime.6
                0x20005294        0x4 .build/BluetoothClassicComm.o
 .bss.LogDroppedFlag
                0x20005298        0x1 .build/BluetoothClassicComm.o
 .bss.LoggingState
                0x20005299        0x1 .build/BluetoothClassicComm.o
 .bss.MainRingBufferOverFlowCounter.2
                0x2000529a        0x2 .build/BluetoothClassicComm.o
 .bss.MessageReceiveBufferAddress.14
                0x2000529c        0x4 .build/BluetoothClassicComm.o
 .bss.NewestLfDataReport
                0x200052a0       0x37 .build/BluetoothClassicComm.o
 .bss.NvmDataUpdatedFlag.5
                0x200052d7        0x1 .build/BluetoothClassicComm.o
 .bss.NvmUpdateCallBacks
                0x200052d8       0x3c .build/BluetoothClassicComm.o
 .bss.PreviousReportTransmitTime.8
                0x20005314        0x4 .build/BluetoothClassicComm.o
 .bss.ProbeIterator.12
                0x20005318        0x2 .build/BluetoothClassicComm.o
 .bss.Received50BytesAndHitIdleFlag
                0x2000531a        0x1 .build/BluetoothClassicComm.o
 *fill*         0x2000531b        0x1 
 .bss.RingBufferStatisticsHolder.3
                0x2000531c       0x64 .build/BluetoothClassicComm.o
 .bss.SimFakeXY_MapDat
                0x20005380      0xbb8 .build/BluetoothClassicComm.o
                0x20005380                SimFakeXY_MapDat
 .bss.SyncId.0  0x20005f38        0x1 .build/BluetoothClassicComm.o
 .bss.SyncIdStat.1
                0x20005f39        0x1 .build/BluetoothClassicComm.o
 .bss.TransmisstedMessagesCounter
                0x20005f3a        0x2 .build/BluetoothClassicComm.o
 .bss.UartBusyCounter
                0x20005f3c        0x2 .build/BluetoothClassicComm.o
 *fill*         0x20005f3e        0x2 
 .bss.WaveHelper.10
                0x20005f40        0x4 .build/BluetoothClassicComm.o
 .bss._SyncID.7
                0x20005f44        0x1 .build/BluetoothClassicComm.o
 *fill*         0x20005f45        0x3 
 .bss.__malloc_free_list
                0x20005f48        0x4 e:/gnu_tools/gnu arm embedded toolchain/10 2021.10/bin/../lib/gcc/arm-none-eabi/10.3.1/../../../../arm-none-eabi/lib/thumb/v7e-m+fp/hard\libc_nano.a(lib_a-nano-mallocr.o)
                0x20005f48                __malloc_free_list
 .bss.__malloc_sbrk_start
                0x20005f4c        0x4 e:/gnu_tools/gnu arm embedded toolchain/10 2021.10/bin/../lib/gcc/arm-none-eabi/10.3.1/../../../../arm-none-eabi/lib/thumb/v7e-m+fp/hard\libc_nano.a(lib_a-nano-mallocr.o)
                0x20005f4c                __malloc_sbrk_start
 .bss.errno     0x20005f50        0x4 e:/gnu_tools/gnu arm embedded toolchain/10 2021.10/bin/../lib/gcc/arm-none-eabi/10.3.1/../../../../arm-none-eabi/lib/thumb/v7e-m+fp/hard\libc_nano.a(lib_a-reent.o)
                0x20005f50                errno
 .bss.__lock___malloc_recursive_mutex
                0x20005f54        0x1 e:/gnu_tools/gnu arm embedded toolchain/10 2021.10/bin/../lib/gcc/arm-none-eabi/10.3.1/../../../../arm-none-eabi/lib/thumb/v7e-m+fp/hard\libc_nano.a(lib_a-lock.o)
                0x20005f54                __lock___malloc_recursive_mutex
 *fill*         0x20005f55        0x3 
 .bss.heap_end.0
                0x20005f58        0x4 e:/gnu_tools/gnu arm embedded toolchain/10 2021.10/bin/../lib/gcc/arm-none-eabi/10.3.1/../../../../arm-none-eabi/lib/thumb/v7e-m+fp/hard\libnosys.a(sbrk.o)
 *(COMMON)
                0x20005f5c                . = ALIGN (0x4)
                0x20005f5c                _ebss = .
                0x20005f5c                __bss_end__ = _ebss

._user_heap_stack
                0x20005f5c      0x604 load address 0x080088c0
                0x20005f60                . = ALIGN (0x8)
 *fill*         0x20005f5c        0x4 
                0x20005f60                PROVIDE (end = .)
                [!provide]                PROVIDE (_end = .)
                0x20006160                . = (. + _Min_Heap_Size)
 *fill*         0x20005f60      0x200 
                0x20006560                . = (. + _Min_Stack_Size)
 *fill*         0x20006160      0x400 
                0x20006560                . = ALIGN (0x8)

/DISCARD/
 libc.a(*)
 libm.a(*)
 libgcc.a(*)

.ARM.attributes
                0x00000000       0x30
 *(.ARM.attributes)
 .ARM.attributes
                0x00000000       0x1e e:/gnu_tools/gnu arm embedded toolchain/10 2021.10/bin/../lib/gcc/arm-none-eabi/10.3.1/thumb/v7e-m+fp/hard/crti.o
 .ARM.attributes
                0x0000001e       0x34 e:/gnu_tools/gnu arm embedded toolchain/10 2021.10/bin/../lib/gcc/arm-none-eabi/10.3.1/thumb/v7e-m+fp/hard/crtbegin.o
 .ARM.attributes
                0x00000052       0x34 .build/main.o
 .ARM.attributes
                0x00000086       0x34 .build/gpio.o
 .ARM.attributes
                0x000000ba       0x34 .build/usart.o
 .ARM.attributes
                0x000000ee       0x34 .build/dma.o
 .ARM.attributes
                0x00000122       0x34 .build/i2c.o
 .ARM.attributes
                0x00000156       0x34 .build/stm32f4xx_it.o
 .ARM.attributes
                0x0000018a       0x34 .build/stm32f4xx_hal_msp.o
 .ARM.attributes
                0x000001be       0x34 .build/stm32f4xx_hal_i2c.o
 .ARM.attributes
                0x000001f2       0x34 .build/stm32f4xx_hal_rcc.o
 .ARM.attributes
                0x00000226       0x34 .build/stm32f4xx_hal_gpio.o
 .ARM.attributes
                0x0000025a       0x34 .build/stm32f4xx_hal_dma.o
 .ARM.attributes
                0x0000028e       0x34 .build/stm32f4xx_hal_cortex.o
 .ARM.attributes
                0x000002c2       0x34 .build/stm32f4xx_hal.o
 .ARM.attributes
                0x000002f6       0x34 .build/stm32f4xx_hal_uart.o
 .ARM.attributes
                0x0000032a       0x34 .build/system_stm32f4xx.o
 .ARM.attributes
                0x0000035e       0x34 .build/mpu6050.o
 .ARM.attributes
                0x00000392       0x34 .build/BluetoothClassicComm.o
 .ARM.attributes
                0x000003c6       0x21 .build/startup_stm32f401xc.o
 .ARM.attributes
                0x000003e7       0x34 e:/gnu_tools/gnu arm embedded toolchain/10 2021.10/bin/../lib/gcc/arm-none-eabi/10.3.1/../../../../arm-none-eabi/lib/thumb/v7e-m+fp/hard\libc_nano.a(lib_a-impure.o)
 .ARM.attributes
                0x0000041b       0x34 e:/gnu_tools/gnu arm embedded toolchain/10 2021.10/bin/../lib/gcc/arm-none-eabi/10.3.1/../../../../arm-none-eabi/lib/thumb/v7e-m+fp/hard\libc_nano.a(lib_a-init.o)
 .ARM.attributes
                0x0000044f       0x34 e:/gnu_tools/gnu arm embedded toolchain/10 2021.10/bin/../lib/gcc/arm-none-eabi/10.3.1/../../../../arm-none-eabi/lib/thumb/v7e-m+fp/hard\libc_nano.a(lib_a-memset.o)
 .ARM.attributes
                0x00000483       0x34 e:/gnu_tools/gnu arm embedded toolchain/10 2021.10/bin/../lib/gcc/arm-none-eabi/10.3.1/../../../../arm-none-eabi/lib/thumb/v7e-m+fp/hard\libc_nano.a(lib_a-vsprintf.o)
 .ARM.attributes
                0x000004b7       0x34 e:/gnu_tools/gnu arm embedded toolchain/10 2021.10/bin/../lib/gcc/arm-none-eabi/10.3.1/../../../../arm-none-eabi/lib/thumb/v7e-m+fp/hard\libc_nano.a(lib_a-nano-svfprintf.o)
 .ARM.attributes
                0x000004eb       0x34 e:/gnu_tools/gnu arm embedded toolchain/10 2021.10/bin/../lib/gcc/arm-none-eabi/10.3.1/../../../../arm-none-eabi/lib/thumb/v7e-m+fp/hard\libc_nano.a(lib_a-nano-vfprintf_i.o)
 .ARM.attributes
                0x0000051f       0x1c e:/gnu_tools/gnu arm embedded toolchain/10 2021.10/bin/../lib/gcc/arm-none-eabi/10.3.1/../../../../arm-none-eabi/lib/thumb/v7e-m+fp/hard\libc_nano.a(lib_a-memchr.o)
 .ARM.attributes
                0x0000053b       0x34 e:/gnu_tools/gnu arm embedded toolchain/10 2021.10/bin/../lib/gcc/arm-none-eabi/10.3.1/../../../../arm-none-eabi/lib/thumb/v7e-m+fp/hard\libc_nano.a(lib_a-memcpy-stub.o)
 .ARM.attributes
                0x0000056f       0x34 e:/gnu_tools/gnu arm embedded toolchain/10 2021.10/bin/../lib/gcc/arm-none-eabi/10.3.1/../../../../arm-none-eabi/lib/thumb/v7e-m+fp/hard\libc_nano.a(lib_a-memmove.o)
 .ARM.attributes
                0x000005a3       0x34 e:/gnu_tools/gnu arm embedded toolchain/10 2021.10/bin/../lib/gcc/arm-none-eabi/10.3.1/../../../../arm-none-eabi/lib/thumb/v7e-m+fp/hard\libc_nano.a(lib_a-nano-freer.o)
 .ARM.attributes
                0x000005d7       0x34 e:/gnu_tools/gnu arm embedded toolchain/10 2021.10/bin/../lib/gcc/arm-none-eabi/10.3.1/../../../../arm-none-eabi/lib/thumb/v7e-m+fp/hard\libc_nano.a(lib_a-nano-mallocr.o)
 .ARM.attributes
                0x0000060b       0x34 e:/gnu_tools/gnu arm embedded toolchain/10 2021.10/bin/../lib/gcc/arm-none-eabi/10.3.1/../../../../arm-none-eabi/lib/thumb/v7e-m+fp/hard\libc_nano.a(lib_a-nano-reallocr.o)
 .ARM.attributes
                0x0000063f       0x34 e:/gnu_tools/gnu arm embedded toolchain/10 2021.10/bin/../lib/gcc/arm-none-eabi/10.3.1/../../../../arm-none-eabi/lib/thumb/v7e-m+fp/hard\libc_nano.a(lib_a-sbrkr.o)
 .ARM.attributes
                0x00000673       0x34 e:/gnu_tools/gnu arm embedded toolchain/10 2021.10/bin/../lib/gcc/arm-none-eabi/10.3.1/../../../../arm-none-eabi/lib/thumb/v7e-m+fp/hard\libc_nano.a(lib_a-mlock.o)
 .ARM.attributes
                0x000006a7       0x34 e:/gnu_tools/gnu arm embedded toolchain/10 2021.10/bin/../lib/gcc/arm-none-eabi/10.3.1/../../../../arm-none-eabi/lib/thumb/v7e-m+fp/hard\libc_nano.a(lib_a-nano-msizer.o)
 .ARM.attributes
                0x000006db       0x34 e:/gnu_tools/gnu arm embedded toolchain/10 2021.10/bin/../lib/gcc/arm-none-eabi/10.3.1/../../../../arm-none-eabi/lib/thumb/v7e-m+fp/hard\libc_nano.a(lib_a-reent.o)
 .ARM.attributes
                0x0000070f       0x34 e:/gnu_tools/gnu arm embedded toolchain/10 2021.10/bin/../lib/gcc/arm-none-eabi/10.3.1/../../../../arm-none-eabi/lib/thumb/v7e-m+fp/hard\libc_nano.a(lib_a-lock.o)
 .ARM.attributes
                0x00000743       0x34 e:/gnu_tools/gnu arm embedded toolchain/10 2021.10/bin/../lib/gcc/arm-none-eabi/10.3.1/../../../../arm-none-eabi/lib/thumb/v7e-m+fp/hard\libm.a(lib_a-s_cos.o)
 .ARM.attributes
                0x00000777       0x34 e:/gnu_tools/gnu arm embedded toolchain/10 2021.10/bin/../lib/gcc/arm-none-eabi/10.3.1/../../../../arm-none-eabi/lib/thumb/v7e-m+fp/hard\libm.a(lib_a-s_sin.o)
 .ARM.attributes
                0x000007ab       0x34 e:/gnu_tools/gnu arm embedded toolchain/10 2021.10/bin/../lib/gcc/arm-none-eabi/10.3.1/../../../../arm-none-eabi/lib/thumb/v7e-m+fp/hard\libm.a(lib_a-w_asin.o)
 .ARM.attributes
                0x000007df       0x34 e:/gnu_tools/gnu arm embedded toolchain/10 2021.10/bin/../lib/gcc/arm-none-eabi/10.3.1/../../../../arm-none-eabi/lib/thumb/v7e-m+fp/hard\libm.a(lib_a-w_atan2.o)
 .ARM.attributes
                0x00000813       0x34 e:/gnu_tools/gnu arm embedded toolchain/10 2021.10/bin/../lib/gcc/arm-none-eabi/10.3.1/../../../../arm-none-eabi/lib/thumb/v7e-m+fp/hard\libm.a(lib_a-e_asin.o)
 .ARM.attributes
                0x00000847       0x34 e:/gnu_tools/gnu arm embedded toolchain/10 2021.10/bin/../lib/gcc/arm-none-eabi/10.3.1/../../../../arm-none-eabi/lib/thumb/v7e-m+fp/hard\libm.a(lib_a-e_atan2.o)
 .ARM.attributes
                0x0000087b       0x34 e:/gnu_tools/gnu arm embedded toolchain/10 2021.10/bin/../lib/gcc/arm-none-eabi/10.3.1/../../../../arm-none-eabi/lib/thumb/v7e-m+fp/hard\libm.a(lib_a-e_rem_pio2.o)
 .ARM.attributes
                0x000008af       0x34 e:/gnu_tools/gnu arm embedded toolchain/10 2021.10/bin/../lib/gcc/arm-none-eabi/10.3.1/../../../../arm-none-eabi/lib/thumb/v7e-m+fp/hard\libm.a(lib_a-e_sqrt.o)
 .ARM.attributes
                0x000008e3       0x34 e:/gnu_tools/gnu arm embedded toolchain/10 2021.10/bin/../lib/gcc/arm-none-eabi/10.3.1/../../../../arm-none-eabi/lib/thumb/v7e-m+fp/hard\libm.a(lib_a-k_cos.o)
 .ARM.attributes
                0x00000917       0x34 e:/gnu_tools/gnu arm embedded toolchain/10 2021.10/bin/../lib/gcc/arm-none-eabi/10.3.1/../../../../arm-none-eabi/lib/thumb/v7e-m+fp/hard\libm.a(lib_a-k_rem_pio2.o)
 .ARM.attributes
                0x0000094b       0x34 e:/gnu_tools/gnu arm embedded toolchain/10 2021.10/bin/../lib/gcc/arm-none-eabi/10.3.1/../../../../arm-none-eabi/lib/thumb/v7e-m+fp/hard\libm.a(lib_a-k_sin.o)
 .ARM.attributes
                0x0000097f       0x34 e:/gnu_tools/gnu arm embedded toolchain/10 2021.10/bin/../lib/gcc/arm-none-eabi/10.3.1/../../../../arm-none-eabi/lib/thumb/v7e-m+fp/hard\libm.a(lib_a-s_atan.o)
 .ARM.attributes
                0x000009b3       0x34 e:/gnu_tools/gnu arm embedded toolchain/10 2021.10/bin/../lib/gcc/arm-none-eabi/10.3.1/../../../../arm-none-eabi/lib/thumb/v7e-m+fp/hard\libm.a(lib_a-s_fabs.o)
 .ARM.attributes
                0x000009e7       0x34 e:/gnu_tools/gnu arm embedded toolchain/10 2021.10/bin/../lib/gcc/arm-none-eabi/10.3.1/../../../../arm-none-eabi/lib/thumb/v7e-m+fp/hard\libm.a(lib_a-s_floor.o)
 .ARM.attributes
                0x00000a1b       0x34 e:/gnu_tools/gnu arm embedded toolchain/10 2021.10/bin/../lib/gcc/arm-none-eabi/10.3.1/../../../../arm-none-eabi/lib/thumb/v7e-m+fp/hard\libm.a(lib_a-s_nan.o)
 .ARM.attributes
                0x00000a4f       0x34 e:/gnu_tools/gnu arm embedded toolchain/10 2021.10/bin/../lib/gcc/arm-none-eabi/10.3.1/../../../../arm-none-eabi/lib/thumb/v7e-m+fp/hard\libm.a(lib_a-s_scalbn.o)
 .ARM.attributes
                0x00000a83       0x34 e:/gnu_tools/gnu arm embedded toolchain/10 2021.10/bin/../lib/gcc/arm-none-eabi/10.3.1/../../../../arm-none-eabi/lib/thumb/v7e-m+fp/hard\libnosys.a(sbrk.o)
 .ARM.attributes
                0x00000ab7       0x1e e:/gnu_tools/gnu arm embedded toolchain/10 2021.10/bin/../lib/gcc/arm-none-eabi/10.3.1/thumb/v7e-m+fp/hard\libgcc.a(_arm_addsubdf3.o)
 .ARM.attributes
                0x00000ad5       0x1e e:/gnu_tools/gnu arm embedded toolchain/10 2021.10/bin/../lib/gcc/arm-none-eabi/10.3.1/thumb/v7e-m+fp/hard\libgcc.a(_arm_muldivdf3.o)
 .ARM.attributes
                0x00000af3       0x1e e:/gnu_tools/gnu arm embedded toolchain/10 2021.10/bin/../lib/gcc/arm-none-eabi/10.3.1/thumb/v7e-m+fp/hard\libgcc.a(_arm_cmpdf2.o)
 .ARM.attributes
                0x00000b11       0x1e e:/gnu_tools/gnu arm embedded toolchain/10 2021.10/bin/../lib/gcc/arm-none-eabi/10.3.1/thumb/v7e-m+fp/hard\libgcc.a(_arm_unorddf2.o)
 .ARM.attributes
                0x00000b2f       0x1e e:/gnu_tools/gnu arm embedded toolchain/10 2021.10/bin/../lib/gcc/arm-none-eabi/10.3.1/thumb/v7e-m+fp/hard\libgcc.a(_arm_fixdfsi.o)
 .ARM.attributes
                0x00000b4d       0x1e e:/gnu_tools/gnu arm embedded toolchain/10 2021.10/bin/../lib/gcc/arm-none-eabi/10.3.1/thumb/v7e-m+fp/hard\libgcc.a(_arm_truncdfsf2.o)
 .ARM.attributes
                0x00000b6b       0x1e e:/gnu_tools/gnu arm embedded toolchain/10 2021.10/bin/../lib/gcc/arm-none-eabi/10.3.1/thumb/v7e-m+fp/hard\libgcc.a(_aeabi_uldivmod.o)
 .ARM.attributes
                0x00000b89       0x34 e:/gnu_tools/gnu arm embedded toolchain/10 2021.10/bin/../lib/gcc/arm-none-eabi/10.3.1/thumb/v7e-m+fp/hard\libgcc.a(_udivmoddi4.o)
 .ARM.attributes
                0x00000bbd       0x1e e:/gnu_tools/gnu arm embedded toolchain/10 2021.10/bin/../lib/gcc/arm-none-eabi/10.3.1/thumb/v7e-m+fp/hard\libgcc.a(_dvmd_tls.o)
 .ARM.attributes
                0x00000bdb       0x34 e:/gnu_tools/gnu arm embedded toolchain/10 2021.10/bin/../lib/gcc/arm-none-eabi/10.3.1/../../../../arm-none-eabi/lib/thumb/v7e-m+fp/hard\libc_nano.a(lib_a-errno.o)
 .ARM.attributes
                0x00000c0f       0x1e e:/gnu_tools/gnu arm embedded toolchain/10 2021.10/bin/../lib/gcc/arm-none-eabi/10.3.1/thumb/v7e-m+fp/hard/crtn.o
OUTPUT(.build/ImuVisualiserMcuPr.elf elf32-littlearm)
LOAD linker stubs
LOAD e:/gnu_tools/gnu arm embedded toolchain/10 2021.10/bin/../lib/gcc/arm-none-eabi/10.3.1/../../../../arm-none-eabi/lib/thumb/v7e-m+fp/hard\libc.a
LOAD e:/gnu_tools/gnu arm embedded toolchain/10 2021.10/bin/../lib/gcc/arm-none-eabi/10.3.1/../../../../arm-none-eabi/lib/thumb/v7e-m+fp/hard\libm.a
LOAD e:/gnu_tools/gnu arm embedded toolchain/10 2021.10/bin/../lib/gcc/arm-none-eabi/10.3.1/thumb/v7e-m+fp/hard\libgcc.a

.debug_info     0x00000000    0x134c8
 .debug_info    0x00000000      0xf8f .build/main.o
 .debug_info    0x00000f8f      0x70e .build/gpio.o
 .debug_info    0x0000169d      0xdd8 .build/usart.o
 .debug_info    0x00002475      0x59a .build/dma.o
 .debug_info    0x00002a0f      0xe6b .build/i2c.o
 .debug_info    0x0000387a      0xba5 .build/stm32f4xx_it.o
 .debug_info    0x0000441f      0x31d .build/stm32f4xx_hal_msp.o
 .debug_info    0x0000473c     0x3b41 .build/stm32f4xx_hal_i2c.o
 .debug_info    0x0000827d      0xc12 .build/stm32f4xx_hal_rcc.o
 .debug_info    0x00008e8f      0x872 .build/stm32f4xx_hal_gpio.o
 .debug_info    0x00009701      0xbc9 .build/stm32f4xx_hal_dma.o
 .debug_info    0x0000a2ca     0x10de .build/stm32f4xx_hal_cortex.o
 .debug_info    0x0000b3a8      0xa5f .build/stm32f4xx_hal.o
 .debug_info    0x0000be07     0x43df .build/stm32f4xx_hal_uart.o
 .debug_info    0x000101e6      0x5e5 .build/system_stm32f4xx.o
 .debug_info    0x000107cb     0x1534 .build/mpu6050.o
 .debug_info    0x00011cff     0x17a7 .build/BluetoothClassicComm.o
 .debug_info    0x000134a6       0x22 .build/startup_stm32f401xc.o

.debug_abbrev   0x00000000     0x27f1
 .debug_abbrev  0x00000000      0x265 .build/main.o
 .debug_abbrev  0x00000265      0x16e .build/gpio.o
 .debug_abbrev  0x000003d3      0x1fa .build/usart.o
 .debug_abbrev  0x000005cd      0x129 .build/dma.o
 .debug_abbrev  0x000006f6      0x1f3 .build/i2c.o
 .debug_abbrev  0x000008e9      0x1b6 .build/stm32f4xx_it.o
 .debug_abbrev  0x00000a9f       0xd3 .build/stm32f4xx_hal_msp.o
 .debug_abbrev  0x00000b72      0x304 .build/stm32f4xx_hal_i2c.o
 .debug_abbrev  0x00000e76      0x2aa .build/stm32f4xx_hal_rcc.o
 .debug_abbrev  0x00001120      0x22b .build/stm32f4xx_hal_gpio.o
 .debug_abbrev  0x0000134b      0x2bf .build/stm32f4xx_hal_dma.o
 .debug_abbrev  0x0000160a      0x382 .build/stm32f4xx_hal_cortex.o
 .debug_abbrev  0x0000198c      0x23a .build/stm32f4xx_hal.o
 .debug_abbrev  0x00001bc6      0x367 .build/stm32f4xx_hal_uart.o
 .debug_abbrev  0x00001f2d      0x11b .build/system_stm32f4xx.o
 .debug_abbrev  0x00002048      0x350 .build/mpu6050.o
 .debug_abbrev  0x00002398      0x447 .build/BluetoothClassicComm.o
 .debug_abbrev  0x000027df       0x12 .build/startup_stm32f401xc.o

.debug_loc      0x00000000     0xd8ab
 .debug_loc     0x00000000       0xfc .build/main.o
 .debug_loc     0x000000fc       0x38 .build/gpio.o
 .debug_loc     0x00000134      0x14b .build/usart.o
 .debug_loc     0x0000027f       0x38 .build/dma.o
 .debug_loc     0x000002b7      0x102 .build/i2c.o
 .debug_loc     0x000003b9      0x120 .build/stm32f4xx_it.o
 .debug_loc     0x000004d9       0x2c .build/stm32f4xx_hal_msp.o
 .debug_loc     0x00000505     0x4e42 .build/stm32f4xx_hal_i2c.o
 .debug_loc     0x00005347      0x6e4 .build/stm32f4xx_hal_rcc.o
 .debug_loc     0x00005a2b      0x5e8 .build/stm32f4xx_hal_gpio.o
 .debug_loc     0x00006013      0xd6d .build/stm32f4xx_hal_dma.o
 .debug_loc     0x00006d80      0x7a4 .build/stm32f4xx_hal_cortex.o
 .debug_loc     0x00007524      0x1e1 .build/stm32f4xx_hal.o
 .debug_loc     0x00007705     0x4fef .build/stm32f4xx_hal_uart.o
 .debug_loc     0x0000c6f4      0x158 .build/system_stm32f4xx.o
 .debug_loc     0x0000c84c      0x82f .build/mpu6050.o
 .debug_loc     0x0000d07b      0x830 .build/BluetoothClassicComm.o

.debug_aranges  0x00000000      0xae0
 .debug_aranges
                0x00000000       0x40 .build/main.o
 .debug_aranges
                0x00000040       0x20 .build/gpio.o
 .debug_aranges
                0x00000060       0x38 .build/usart.o
 .debug_aranges
                0x00000098       0x20 .build/dma.o
 .debug_aranges
                0x000000b8       0x30 .build/i2c.o
 .debug_aranges
                0x000000e8       0xa0 .build/stm32f4xx_it.o
 .debug_aranges
                0x00000188       0x20 .build/stm32f4xx_hal_msp.o
 .debug_aranges
                0x000001a8      0x2a0 .build/stm32f4xx_hal_i2c.o
 .debug_aranges
                0x00000448       0x88 .build/stm32f4xx_hal_rcc.o
 .debug_aranges
                0x000004d0       0x58 .build/stm32f4xx_hal_gpio.o
 .debug_aranges
                0x00000528       0x90 .build/stm32f4xx_hal_dma.o
 .debug_aranges
                0x000005b8       0xa8 .build/stm32f4xx_hal_cortex.o
 .debug_aranges
                0x00000660       0xf0 .build/stm32f4xx_hal.o
 .debug_aranges
                0x00000750      0x200 .build/stm32f4xx_hal_uart.o
 .debug_aranges
                0x00000950       0x28 .build/system_stm32f4xx.o
 .debug_aranges
                0x00000978       0x88 .build/mpu6050.o
 .debug_aranges
                0x00000a00       0xb8 .build/BluetoothClassicComm.o
 .debug_aranges
                0x00000ab8       0x28 .build/startup_stm32f401xc.o

.debug_ranges   0x00000000      0xae0
 .debug_ranges  0x00000000       0x48 .build/main.o
 .debug_ranges  0x00000048       0x10 .build/gpio.o
 .debug_ranges  0x00000058       0x28 .build/usart.o
 .debug_ranges  0x00000080       0x10 .build/dma.o
 .debug_ranges  0x00000090       0x20 .build/i2c.o
 .debug_ranges  0x000000b0       0x90 .build/stm32f4xx_it.o
 .debug_ranges  0x00000140       0x10 .build/stm32f4xx_hal_msp.o
 .debug_ranges  0x00000150      0x2a8 .build/stm32f4xx_hal_i2c.o
 .debug_ranges  0x000003f8       0x90 .build/stm32f4xx_hal_rcc.o
 .debug_ranges  0x00000488       0x48 .build/stm32f4xx_hal_gpio.o
 .debug_ranges  0x000004d0       0x80 .build/stm32f4xx_hal_dma.o
 .debug_ranges  0x00000550       0xf8 .build/stm32f4xx_hal_cortex.o
 .debug_ranges  0x00000648       0xe0 .build/stm32f4xx_hal.o
 .debug_ranges  0x00000728      0x208 .build/stm32f4xx_hal_uart.o
 .debug_ranges  0x00000930       0x18 .build/system_stm32f4xx.o
 .debug_ranges  0x00000948       0xb8 .build/mpu6050.o
 .debug_ranges  0x00000a00       0xc0 .build/BluetoothClassicComm.o
 .debug_ranges  0x00000ac0       0x20 .build/startup_stm32f401xc.o

.debug_line     0x00000000     0xf5a1
 .debug_line    0x00000000      0x427 .build/main.o
 .debug_line    0x00000427      0x1f1 .build/gpio.o
 .debug_line    0x00000618      0x416 .build/usart.o
 .debug_line    0x00000a2e      0x18f .build/dma.o
 .debug_line    0x00000bbd      0x3b8 .build/i2c.o
 .debug_line    0x00000f75      0x3ae .build/stm32f4xx_it.o
 .debug_line    0x00001323      0x15a .build/stm32f4xx_hal_msp.o
 .debug_line    0x0000147d     0x5363 .build/stm32f4xx_hal_i2c.o
 .debug_line    0x000067e0      0xb0f .build/stm32f4xx_hal_rcc.o
 .debug_line    0x000072ef      0x6c3 .build/stm32f4xx_hal_gpio.o
 .debug_line    0x000079b2      0xe25 .build/stm32f4xx_hal_dma.o
 .debug_line    0x000087d7      0x778 .build/stm32f4xx_hal_cortex.o
 .debug_line    0x00008f4f      0x565 .build/stm32f4xx_hal.o
 .debug_line    0x000094b4     0x45ee .build/stm32f4xx_hal_uart.o
 .debug_line    0x0000daa2      0x250 .build/system_stm32f4xx.o
 .debug_line    0x0000dcf2      0x983 .build/mpu6050.o
 .debug_line    0x0000e675      0xeb6 .build/BluetoothClassicComm.o
 .debug_line    0x0000f52b       0x76 .build/startup_stm32f401xc.o

.debug_str      0x00000000     0x3b1c
 .debug_str     0x00000000      0xa6f .build/main.o
                                0xb2a (size before relaxing)
 .debug_str     0x00000a6f      0x462 .build/gpio.o
                                0x739 (size before relaxing)
 .debug_str     0x00000ed1      0x279 .build/usart.o
                                0xc30 (size before relaxing)
 .debug_str     0x0000114a        0xf .build/dma.o
                                0x67a (size before relaxing)
 .debug_str     0x00001159       0x62 .build/i2c.o
                                0xcb4 (size before relaxing)
 .debug_str     0x000011bb      0x1cb .build/stm32f4xx_it.o
                                0xa63 (size before relaxing)
 .debug_str     0x00001386       0x29 .build/stm32f4xx_hal_msp.o
                                0x2d4 (size before relaxing)
 .debug_str     0x000013af      0x8d1 .build/stm32f4xx_hal_i2c.o
                               0x103c (size before relaxing)
 .debug_str     0x00001c80      0x1f8 .build/stm32f4xx_hal_rcc.o
                                0x71f (size before relaxing)
 .debug_str     0x00001e78       0xec .build/stm32f4xx_hal_gpio.o
                                0x4f9 (size before relaxing)
 .debug_str     0x00001f64      0x298 .build/stm32f4xx_hal_dma.o
                                0x77d (size before relaxing)
 .debug_str     0x000021fc      0x4d5 .build/stm32f4xx_hal_cortex.o
                                0xad1 (size before relaxing)
 .debug_str     0x000026d1      0x295 .build/stm32f4xx_hal.o
                                0xa11 (size before relaxing)
 .debug_str     0x00002966      0x5e3 .build/stm32f4xx_hal_uart.o
                                0xd60 (size before relaxing)
 .debug_str     0x00002f49       0x47 .build/system_stm32f4xx.o
                                0x38e (size before relaxing)
 .debug_str     0x00002f90      0x1ab .build/mpu6050.o
                                0xd30 (size before relaxing)
 .debug_str     0x0000313b      0x9bd .build/BluetoothClassicComm.o
                               0x10a5 (size before relaxing)
 .debug_str     0x00003af8       0x24 .build/startup_stm32f401xc.o
                                 0x71 (size before relaxing)

.comment        0x00000000       0x49
 .comment       0x00000000       0x49 .build/main.o
                                 0x4a (size before relaxing)
 .comment       0x00000049       0x4a .build/gpio.o
 .comment       0x00000049       0x4a .build/usart.o
 .comment       0x00000049       0x4a .build/dma.o
 .comment       0x00000049       0x4a .build/i2c.o
 .comment       0x00000049       0x4a .build/stm32f4xx_it.o
 .comment       0x00000049       0x4a .build/stm32f4xx_hal_msp.o
 .comment       0x00000049       0x4a .build/stm32f4xx_hal_i2c.o
 .comment       0x00000049       0x4a .build/stm32f4xx_hal_rcc.o
 .comment       0x00000049       0x4a .build/stm32f4xx_hal_gpio.o
 .comment       0x00000049       0x4a .build/stm32f4xx_hal_dma.o
 .comment       0x00000049       0x4a .build/stm32f4xx_hal_cortex.o
 .comment       0x00000049       0x4a .build/stm32f4xx_hal.o
 .comment       0x00000049       0x4a .build/stm32f4xx_hal_uart.o
 .comment       0x00000049       0x4a .build/system_stm32f4xx.o
 .comment       0x00000049       0x4a .build/mpu6050.o
 .comment       0x00000049       0x4a .build/BluetoothClassicComm.o

.debug_frame    0x00000000     0x292c
 .debug_frame   0x00000000       0x8c .build/main.o
 .debug_frame   0x0000008c       0x30 .build/gpio.o
 .debug_frame   0x000000bc       0x7c .build/usart.o
 .debug_frame   0x00000138       0x30 .build/dma.o
 .debug_frame   0x00000168       0x68 .build/i2c.o
 .debug_frame   0x000001d0      0x168 .build/stm32f4xx_it.o
 .debug_frame   0x00000338       0x28 .build/stm32f4xx_hal_msp.o
 .debug_frame   0x00000360      0x970 .build/stm32f4xx_hal_i2c.o
 .debug_frame   0x00000cd0      0x16c .build/stm32f4xx_hal_rcc.o
 .debug_frame   0x00000e3c       0xd8 .build/stm32f4xx_hal_gpio.o
 .debug_frame   0x00000f14      0x188 .build/stm32f4xx_hal_dma.o
 .debug_frame   0x0000109c      0x148 .build/stm32f4xx_hal_cortex.o
 .debug_frame   0x000011e4      0x1ec .build/stm32f4xx_hal.o
 .debug_frame   0x000013d0      0x5cc .build/stm32f4xx_hal_uart.o
 .debug_frame   0x0000199c       0x30 .build/system_stm32f4xx.o
 .debug_frame   0x000019cc      0x210 .build/mpu6050.o
 .debug_frame   0x00001bdc      0x23c .build/BluetoothClassicComm.o
 .debug_frame   0x00001e18       0x2c e:/gnu_tools/gnu arm embedded toolchain/10 2021.10/bin/../lib/gcc/arm-none-eabi/10.3.1/../../../../arm-none-eabi/lib/thumb/v7e-m+fp/hard\libc_nano.a(lib_a-init.o)
 .debug_frame   0x00001e44       0x20 e:/gnu_tools/gnu arm embedded toolchain/10 2021.10/bin/../lib/gcc/arm-none-eabi/10.3.1/../../../../arm-none-eabi/lib/thumb/v7e-m+fp/hard\libc_nano.a(lib_a-memset.o)
 .debug_frame   0x00001e64       0x3c e:/gnu_tools/gnu arm embedded toolchain/10 2021.10/bin/../lib/gcc/arm-none-eabi/10.3.1/../../../../arm-none-eabi/lib/thumb/v7e-m+fp/hard\libc_nano.a(lib_a-vsprintf.o)
 .debug_frame   0x00001ea0       0x90 e:/gnu_tools/gnu arm embedded toolchain/10 2021.10/bin/../lib/gcc/arm-none-eabi/10.3.1/../../../../arm-none-eabi/lib/thumb/v7e-m+fp/hard\libc_nano.a(lib_a-nano-svfprintf.o)
 .debug_frame   0x00001f30       0x60 e:/gnu_tools/gnu arm embedded toolchain/10 2021.10/bin/../lib/gcc/arm-none-eabi/10.3.1/../../../../arm-none-eabi/lib/thumb/v7e-m+fp/hard\libc_nano.a(lib_a-nano-vfprintf_i.o)
 .debug_frame   0x00001f90       0x28 e:/gnu_tools/gnu arm embedded toolchain/10 2021.10/bin/../lib/gcc/arm-none-eabi/10.3.1/../../../../arm-none-eabi/lib/thumb/v7e-m+fp/hard\libc_nano.a(lib_a-memcpy-stub.o)
 .debug_frame   0x00001fb8       0x28 e:/gnu_tools/gnu arm embedded toolchain/10 2021.10/bin/../lib/gcc/arm-none-eabi/10.3.1/../../../../arm-none-eabi/lib/thumb/v7e-m+fp/hard\libc_nano.a(lib_a-memmove.o)
 .debug_frame   0x00001fe0       0x38 e:/gnu_tools/gnu arm embedded toolchain/10 2021.10/bin/../lib/gcc/arm-none-eabi/10.3.1/../../../../arm-none-eabi/lib/thumb/v7e-m+fp/hard\libc_nano.a(lib_a-nano-freer.o)
 .debug_frame   0x00002018       0x4c e:/gnu_tools/gnu arm embedded toolchain/10 2021.10/bin/../lib/gcc/arm-none-eabi/10.3.1/../../../../arm-none-eabi/lib/thumb/v7e-m+fp/hard\libc_nano.a(lib_a-nano-mallocr.o)
 .debug_frame   0x00002064       0x3c e:/gnu_tools/gnu arm embedded toolchain/10 2021.10/bin/../lib/gcc/arm-none-eabi/10.3.1/../../../../arm-none-eabi/lib/thumb/v7e-m+fp/hard\libc_nano.a(lib_a-nano-reallocr.o)
 .debug_frame   0x000020a0       0x2c e:/gnu_tools/gnu arm embedded toolchain/10 2021.10/bin/../lib/gcc/arm-none-eabi/10.3.1/../../../../arm-none-eabi/lib/thumb/v7e-m+fp/hard\libc_nano.a(lib_a-sbrkr.o)
 .debug_frame   0x000020cc       0x30 e:/gnu_tools/gnu arm embedded toolchain/10 2021.10/bin/../lib/gcc/arm-none-eabi/10.3.1/../../../../arm-none-eabi/lib/thumb/v7e-m+fp/hard\libc_nano.a(lib_a-mlock.o)
 .debug_frame   0x000020fc       0x20 e:/gnu_tools/gnu arm embedded toolchain/10 2021.10/bin/../lib/gcc/arm-none-eabi/10.3.1/../../../../arm-none-eabi/lib/thumb/v7e-m+fp/hard\libc_nano.a(lib_a-nano-msizer.o)
 .debug_frame   0x0000211c       0x5c e:/gnu_tools/gnu arm embedded toolchain/10 2021.10/bin/../lib/gcc/arm-none-eabi/10.3.1/../../../../arm-none-eabi/lib/thumb/v7e-m+fp/hard\libc_nano.a(lib_a-reent.o)
 .debug_frame   0x00002178       0xb0 e:/gnu_tools/gnu arm embedded toolchain/10 2021.10/bin/../lib/gcc/arm-none-eabi/10.3.1/../../../../arm-none-eabi/lib/thumb/v7e-m+fp/hard\libc_nano.a(lib_a-lock.o)
 .debug_frame   0x00002228       0x40 e:/gnu_tools/gnu arm embedded toolchain/10 2021.10/bin/../lib/gcc/arm-none-eabi/10.3.1/../../../../arm-none-eabi/lib/thumb/v7e-m+fp/hard\libm.a(lib_a-s_cos.o)
 .debug_frame   0x00002268       0x3c e:/gnu_tools/gnu arm embedded toolchain/10 2021.10/bin/../lib/gcc/arm-none-eabi/10.3.1/../../../../arm-none-eabi/lib/thumb/v7e-m+fp/hard\libm.a(lib_a-s_sin.o)
 .debug_frame   0x000022a4       0x4c e:/gnu_tools/gnu arm embedded toolchain/10 2021.10/bin/../lib/gcc/arm-none-eabi/10.3.1/../../../../arm-none-eabi/lib/thumb/v7e-m+fp/hard\libm.a(lib_a-w_asin.o)
 .debug_frame   0x000022f0       0x20 e:/gnu_tools/gnu arm embedded toolchain/10 2021.10/bin/../lib/gcc/arm-none-eabi/10.3.1/../../../../arm-none-eabi/lib/thumb/v7e-m+fp/hard\libm.a(lib_a-w_atan2.o)
 .debug_frame   0x00002310       0x80 e:/gnu_tools/gnu arm embedded toolchain/10 2021.10/bin/../lib/gcc/arm-none-eabi/10.3.1/../../../../arm-none-eabi/lib/thumb/v7e-m+fp/hard\libm.a(lib_a-e_asin.o)
 .debug_frame   0x00002390       0x44 e:/gnu_tools/gnu arm embedded toolchain/10 2021.10/bin/../lib/gcc/arm-none-eabi/10.3.1/../../../../arm-none-eabi/lib/thumb/v7e-m+fp/hard\libm.a(lib_a-e_atan2.o)
 .debug_frame   0x000023d4       0x7c e:/gnu_tools/gnu arm embedded toolchain/10 2021.10/bin/../lib/gcc/arm-none-eabi/10.3.1/../../../../arm-none-eabi/lib/thumb/v7e-m+fp/hard\libm.a(lib_a-e_rem_pio2.o)
 .debug_frame   0x00002450       0x30 e:/gnu_tools/gnu arm embedded toolchain/10 2021.10/bin/../lib/gcc/arm-none-eabi/10.3.1/../../../../arm-none-eabi/lib/thumb/v7e-m+fp/hard\libm.a(lib_a-e_sqrt.o)
 .debug_frame   0x00002480       0x70 e:/gnu_tools/gnu arm embedded toolchain/10 2021.10/bin/../lib/gcc/arm-none-eabi/10.3.1/../../../../arm-none-eabi/lib/thumb/v7e-m+fp/hard\libm.a(lib_a-k_cos.o)
 .debug_frame   0x000024f0       0x58 e:/gnu_tools/gnu arm embedded toolchain/10 2021.10/bin/../lib/gcc/arm-none-eabi/10.3.1/../../../../arm-none-eabi/lib/thumb/v7e-m+fp/hard\libm.a(lib_a-k_rem_pio2.o)
 .debug_frame   0x00002548       0x48 e:/gnu_tools/gnu arm embedded toolchain/10 2021.10/bin/../lib/gcc/arm-none-eabi/10.3.1/../../../../arm-none-eabi/lib/thumb/v7e-m+fp/hard\libm.a(lib_a-k_sin.o)
 .debug_frame   0x00002590       0x38 e:/gnu_tools/gnu arm embedded toolchain/10 2021.10/bin/../lib/gcc/arm-none-eabi/10.3.1/../../../../arm-none-eabi/lib/thumb/v7e-m+fp/hard\libm.a(lib_a-s_atan.o)
 .debug_frame   0x000025c8       0x20 e:/gnu_tools/gnu arm embedded toolchain/10 2021.10/bin/../lib/gcc/arm-none-eabi/10.3.1/../../../../arm-none-eabi/lib/thumb/v7e-m+fp/hard\libm.a(lib_a-s_fabs.o)
 .debug_frame   0x000025e8       0x30 e:/gnu_tools/gnu arm embedded toolchain/10 2021.10/bin/../lib/gcc/arm-none-eabi/10.3.1/../../../../arm-none-eabi/lib/thumb/v7e-m+fp/hard\libm.a(lib_a-s_floor.o)
 .debug_frame   0x00002618       0x20 e:/gnu_tools/gnu arm embedded toolchain/10 2021.10/bin/../lib/gcc/arm-none-eabi/10.3.1/../../../../arm-none-eabi/lib/thumb/v7e-m+fp/hard\libm.a(lib_a-s_nan.o)
 .debug_frame   0x00002638       0x2c e:/gnu_tools/gnu arm embedded toolchain/10 2021.10/bin/../lib/gcc/arm-none-eabi/10.3.1/../../../../arm-none-eabi/lib/thumb/v7e-m+fp/hard\libm.a(lib_a-s_scalbn.o)
 .debug_frame   0x00002664       0x20 e:/gnu_tools/gnu arm embedded toolchain/10 2021.10/bin/../lib/gcc/arm-none-eabi/10.3.1/../../../../arm-none-eabi/lib/thumb/v7e-m+fp/hard\libnosys.a(sbrk.o)
 .debug_frame   0x00002684       0xac e:/gnu_tools/gnu arm embedded toolchain/10 2021.10/bin/../lib/gcc/arm-none-eabi/10.3.1/thumb/v7e-m+fp/hard\libgcc.a(_arm_addsubdf3.o)
 .debug_frame   0x00002730       0x50 e:/gnu_tools/gnu arm embedded toolchain/10 2021.10/bin/../lib/gcc/arm-none-eabi/10.3.1/thumb/v7e-m+fp/hard\libgcc.a(_arm_muldivdf3.o)
 .debug_frame   0x00002780       0xc4 e:/gnu_tools/gnu arm embedded toolchain/10 2021.10/bin/../lib/gcc/arm-none-eabi/10.3.1/thumb/v7e-m+fp/hard\libgcc.a(_arm_cmpdf2.o)
 .debug_frame   0x00002844       0x20 e:/gnu_tools/gnu arm embedded toolchain/10 2021.10/bin/../lib/gcc/arm-none-eabi/10.3.1/thumb/v7e-m+fp/hard\libgcc.a(_arm_unorddf2.o)
 .debug_frame   0x00002864       0x24 e:/gnu_tools/gnu arm embedded toolchain/10 2021.10/bin/../lib/gcc/arm-none-eabi/10.3.1/thumb/v7e-m+fp/hard\libgcc.a(_arm_fixdfsi.o)
 .debug_frame   0x00002888       0x24 e:/gnu_tools/gnu arm embedded toolchain/10 2021.10/bin/../lib/gcc/arm-none-eabi/10.3.1/thumb/v7e-m+fp/hard\libgcc.a(_arm_truncdfsf2.o)
 .debug_frame   0x000028ac       0x2c e:/gnu_tools/gnu arm embedded toolchain/10 2021.10/bin/../lib/gcc/arm-none-eabi/10.3.1/thumb/v7e-m+fp/hard\libgcc.a(_aeabi_uldivmod.o)
 .debug_frame   0x000028d8       0x34 e:/gnu_tools/gnu arm embedded toolchain/10 2021.10/bin/../lib/gcc/arm-none-eabi/10.3.1/thumb/v7e-m+fp/hard\libgcc.a(_udivmoddi4.o)
 .debug_frame   0x0000290c       0x20 e:/gnu_tools/gnu arm embedded toolchain/10 2021.10/bin/../lib/gcc/arm-none-eabi/10.3.1/../../../../arm-none-eabi/lib/thumb/v7e-m+fp/hard\libc_nano.a(lib_a-errno.o)

Cross Reference Table

Symbol                                            File
ADC_IRQHandler                                    .build/startup_stm32f401xc.o
AHBPrescTable                                     .build/system_stm32f4xx.o
                                                  .build/stm32f4xx_hal_rcc.o
APBPrescTable                                     .build/system_stm32f4xx.o
                                                  .build/stm32f4xx_hal_rcc.o
BLU_DbgMsgTransmit                                .build/BluetoothClassicComm.o
                                                  .build/main.o
BLU_Init                                          .build/BluetoothClassicComm.o
                                                  .build/main.o
BLU_RegisterManualCntrlRequestCallBack            .build/BluetoothClassicComm.o
BLU_RegisterNvMdataUpdateInfoCallBack             .build/BluetoothClassicComm.o
BLU_ReportMapData                                 .build/BluetoothClassicComm.o
BLU_ReportSensorData                              .build/BluetoothClassicComm.o
BLU_Task                                          .build/BluetoothClassicComm.o
                                                  .build/main.o
BLU_isExpectedStateDriving                        .build/BluetoothClassicComm.o
BaseDataReporterTask                              .build/BluetoothClassicComm.o
BusFault_Handler                                  .build/stm32f4xx_it.o
DMA1_Stream0_IRQHandler                           .build/stm32f4xx_it.o
DMA1_Stream1_IRQHandler                           .build/startup_stm32f401xc.o
DMA1_Stream2_IRQHandler                           .build/startup_stm32f401xc.o
DMA1_Stream3_IRQHandler                           .build/startup_stm32f401xc.o
DMA1_Stream4_IRQHandler                           .build/startup_stm32f401xc.o
DMA1_Stream5_IRQHandler                           .build/startup_stm32f401xc.o
DMA1_Stream6_IRQHandler                           .build/stm32f4xx_it.o
DMA1_Stream7_IRQHandler                           .build/startup_stm32f401xc.o
DMA2_Stream0_IRQHandler                           .build/startup_stm32f401xc.o
DMA2_Stream1_IRQHandler                           .build/startup_stm32f401xc.o
DMA2_Stream2_IRQHandler                           .build/stm32f4xx_it.o
DMA2_Stream3_IRQHandler                           .build/startup_stm32f401xc.o
DMA2_Stream4_IRQHandler                           .build/startup_stm32f401xc.o
DMA2_Stream5_IRQHandler                           .build/startup_stm32f401xc.o
DMA2_Stream6_IRQHandler                           .build/startup_stm32f401xc.o
DMA2_Stream7_IRQHandler                           .build/stm32f4xx_it.o
DebugMon_Handler                                  .build/stm32f4xx_it.o
Default_Handler                                   .build/startup_stm32f401xc.o
EXTI0_IRQHandler                                  .build/startup_stm32f401xc.o
EXTI15_10_IRQHandler                              .build/startup_stm32f401xc.o
EXTI1_IRQHandler                                  .build/startup_stm32f401xc.o
EXTI2_IRQHandler                                  .build/startup_stm32f401xc.o
EXTI3_IRQHandler                                  .build/startup_stm32f401xc.o
EXTI4_IRQHandler                                  .build/startup_stm32f401xc.o
EXTI9_5_IRQHandler                                .build/stm32f4xx_it.o
Error_Handler                                     .build/main.o
                                                  .build/i2c.o
                                                  .build/usart.o
FLASH_Erase_Sector                                .build/stm32f4xx_hal_flash_ex.o
                                                  .build/stm32f4xx_hal_flash.o
FLASH_FlushCaches                                 .build/stm32f4xx_hal_flash_ex.o
                                                  .build/stm32f4xx_hal_flash.o
FLASH_IRQHandler                                  .build/startup_stm32f401xc.o
FLASH_WaitForLastOperation                        .build/stm32f4xx_hal_flash.o
                                                  .build/stm32f4xx_hal_flash_ex.o
FPU_IRQHandler                                    .build/startup_stm32f401xc.o
GetGyroscopeRAW                                   .build/mpu6050.o
HAL_DBGMCU_DisableDBGSleepMode                    .build/stm32f4xx_hal.o
HAL_DBGMCU_DisableDBGStandbyMode                  .build/stm32f4xx_hal.o
HAL_DBGMCU_DisableDBGStopMode                     .build/stm32f4xx_hal.o
HAL_DBGMCU_EnableDBGSleepMode                     .build/stm32f4xx_hal.o
HAL_DBGMCU_EnableDBGStandbyMode                   .build/stm32f4xx_hal.o
HAL_DBGMCU_EnableDBGStopMode                      .build/stm32f4xx_hal.o
HAL_DMAEx_ChangeMemory                            .build/stm32f4xx_hal_dma_ex.o
HAL_DMAEx_MultiBufferStart                        .build/stm32f4xx_hal_dma_ex.o
HAL_DMAEx_MultiBufferStart_IT                     .build/stm32f4xx_hal_dma_ex.o
HAL_DMA_Abort                                     .build/stm32f4xx_hal_dma.o
                                                  .build/stm32f4xx_hal_uart.o
HAL_DMA_Abort_IT                                  .build/stm32f4xx_hal_dma.o
                                                  .build/stm32f4xx_hal_uart.o
                                                  .build/stm32f4xx_hal_i2c.o
HAL_DMA_DeInit                                    .build/stm32f4xx_hal_dma.o
                                                  .build/i2c.o
                                                  .build/usart.o
HAL_DMA_GetError                                  .build/stm32f4xx_hal_dma.o
                                                  .build/stm32f4xx_hal_uart.o
                                                  .build/stm32f4xx_hal_i2c.o
HAL_DMA_GetState                                  .build/stm32f4xx_hal_dma.o
                                                  .build/stm32f4xx_hal_i2c.o
HAL_DMA_IRQHandler                                .build/stm32f4xx_hal_dma.o
                                                  .build/stm32f4xx_it.o
HAL_DMA_Init                                      .build/stm32f4xx_hal_dma.o
                                                  .build/i2c.o
                                                  .build/usart.o
HAL_DMA_PollForTransfer                           .build/stm32f4xx_hal_dma.o
HAL_DMA_RegisterCallback                          .build/stm32f4xx_hal_dma.o
HAL_DMA_Start                                     .build/stm32f4xx_hal_dma.o
HAL_DMA_Start_IT                                  .build/stm32f4xx_hal_dma.o
                                                  .build/stm32f4xx_hal_uart.o
                                                  .build/stm32f4xx_hal_i2c.o
HAL_DMA_UnRegisterCallback                        .build/stm32f4xx_hal_dma.o